HI-TECH Software C Compiler 

Linker command line:

--edf=C:\Program Files\HI-TECH Software\PICC\9.81\dat\en_msgs.txt -cs \
  -h+spi_slave.sym -z -Q16F877A -ol.obj -Mspi_slave.map -E1 \
  -ACONST=00h-0FFhx32 -ACODE=00h-07FFhx4 -ASTRCODE=00h-01FFFh \
  -AENTRY=00h-0FFhx32 -ASTRING=00h-0FFhx32 -ABANK0=020h-06Fh \
  -ABANK1=0A0h-0EFh -ABANK2=0110h-016Fh -ABANK3=0190h-01EFh \
  -ARAM=020h-06Fh,0A0h-0EFh,0110h-016Fh,0190h-01EFh \
  -AABS1=020h-07Fh,0A0h-0EFh,0110h-016Fh,0190h-01EFh -ACOMMON=070h-07Fh \
  -ASFR0=00h-01Fh -ASFR1=080h-09Fh -ASFR2=0100h-010Fh -ASFR3=0180h-018Fh \
  -preset_vec=00h,intentry,init,end_init -ppowerup=CODE -pfunctab=CODE \
  -ACONFIG=02007h-02007h -pconfig=CONFIG -DCONFIG=2 -AIDLOC=02000h-02003h \
  -pidloc=IDLOC -DIDLOC=2 -AEEDATA=00h-0FFh/02100h -peeprom_data=EEDATA \
  -DEEDATA=2 -DCODE=2 -DSTRCODE=2 -DSTRING=2 -DCONST=2 -DENTRY=2 -k \
  startup.obj spi_slave.obj 

Object code version is 3.10

Machine type is 16F877A



                Name                               Link     Load   Length Selector   Space Scale
startup.obj     end_init                              0        0        3        0       0
spi_slave.obj   config                             2007     2007        1     400E       0
                text249                             5EB      5EB       15      BD6       0
                text248                             593      593        E      B26       0
                text247                             5C4      5C4       13      B88       0
                text246                             5B2      5B2       12      B64       0
                text245                             587      587        C      B0E       0
                text244                             652      652       4E      CA4       0
                text243                             615      615       1E      C2A       0
                text242                             72F      72F       D1      E5E       0
                maintext                            6A0      6A0       8F      D40       0
                cstackBANK0                          20       20       2E       20       1
                cstackCOMMON                         70       70        E       70       1
                inittext                            5A1      5A1       11      B42       0
                dataBANK1                            A0       A0       14       A0       1
                dataBANK0                            4E       4E       15       20       1
                cinit                               633      633       1F      C66       0
                strings                               3        3       34        6       0
                idataBANK0                          600      600       15      C00       0
                idataBANK1                          5D7      5D7       14      BAE       0

TOTAL           Name                               Link     Load   Length     Space
        CLASS   CONST          

        CLASS   CODE           
                end_init                              0        0        3         0
                text249                             5EB      5EB       15         0
                text248                             593      593        E         0
                text247                             5C4      5C4       13         0
                text246                             5B2      5B2       12         0
                text245                             587      587        C         0
                text244                             652      652       4E         0
                text243                             615      615       1E         0
                text242                             72F      72F       D1         0
                maintext                            6A0      6A0       8F         0
                inittext                            5A1      5A1       11         0
                cinit                               633      633       1F         0
                idataBANK0                          600      600       15         0
                idataBANK1                          5D7      5D7       14         0

        CLASS   STRCODE        

        CLASS   ENTRY          

        CLASS   STRING         
                strings                               3        3       34         0

        CLASS   BANK0          
                cstackBANK0                          20       20       2E         1
                dataBANK0                            4E       4E       15         1

        CLASS   BANK1          
                dataBANK1                            A0       A0       14         1

        CLASS   BANK2          

        CLASS   BANK3          

        CLASS   RAM            

        CLASS   ABS1           
                abs_s1                               7E       7E        2         1

        CLASS   COMMON         
                cstackCOMMON                         70       70        E         1

        CLASS   SFR0           

        CLASS   SFR1           

        CLASS   SFR2           

        CLASS   SFR3           

        CLASS   CONFIG         
                config                             2007     2007        1         0

        CLASS   IDLOC          

        CLASS   EEDATA         



SEGMENTS        Name                           Load    Length   Top    Selector   Space  Class     Delta

                reset_vec                      000000  000003  000003         0       0  CODE        2
                strings                        000003  000034  000037         6       0  STRING      2
                cstackBANK0                    000020  000043  000063        20       1  BANK0       1
                cstackCOMMON                   000070  00000E  00007E        70       1  COMMON      1
                dataBANK1                      0000A0  000014  0000B4        A0       1  BANK1       1
                text245                        000587  00000C  000593       B0E       0  CODE        2
                text248                        000593  00000E  0005A1       B26       0  CODE        2
                inittext                       0005A1  000011  0005B2       B42       0  CODE        2
                text246                        0005B2  000012  0005C4       B64       0  CODE        2
                text247                        0005C4  000013  0005D7       B88       0  CODE        2
                idataBANK1                     0005D7  000014  0005EB       BAE       0  CODE        2
                text249                        0005EB  000015  000600       BD6       0  CODE        2
                idataBANK0                     000600  000015  000615       C00       0  CODE        2
                text243                        000615  00001E  000633       C2A       0  CODE        2
                cinit                          000633  00001F  000652       C66       0  CODE        2
                text244                        000652  00004E  0006A0       CA4       0  CODE        2
                maintext                       0006A0  00008F  00072F       D40       0  CODE        2
                text242                        00072F  0000D1  000800       E5E       0  CODE        2
                config                         002007  000001  002008      400E       0  CONFIG      2


UNUSED ADDRESS RANGES

        Name                Unused          Largest block    Delta
        BANK0            0063-006F              D           1
        BANK1            00B4-00EF             3C           1
        BANK2            0110-016F             60           1
        BANK3            0190-01EF             60           1
        CODE             0037-0586            550           2
                         0800-1FFF            800
        CONST            0037-0586            100           2
                         0800-1FFF            100
        EEDATA           2100-21FF            100           2
        ENTRY            0037-0586            100           2
                         0800-1FFF            100
        IDLOC            2000-2003              4           2
        RAM              0063-006F              D           1
                         00B4-00EF             3C
                         0110-016F             60
                         0190-01EF             60
        SFR0             0000-001F             20           1
        SFR1             0080-009F             20           1
        SFR2             0100-010F             10           1
        SFR3             0180-018F             10           1
        STRCODE          0037-0586            550           2
                         0800-1FFF           1800
        STRING           0037-0586            100           2
                         0800-1FFF            100

                                  Symbol Table

??___lwdiv             cstackCOMMON 0074
??_delay               cstackCOMMON 0070
??_main                cstackBANK0  0029
??_print_uart          cstackCOMMON 0071
??_spi_init            cstackCOMMON 0070
??_spi_transfer        cstackCOMMON 0070
??_sprintf             cstackCOMMON 007B
??_uart_init           cstackCOMMON 0070
??_uart_tx             cstackCOMMON 0070
?___lwdiv              cstackCOMMON 0070
?_delay                cstackCOMMON 0070
?_main                 cstackCOMMON 0070
?_print_uart           cstackCOMMON 0070
?_spi_init             cstackCOMMON 0070
?_spi_transfer         cstackCOMMON 0070
?_sprintf              cstackCOMMON 0078
?_uart_init            cstackCOMMON 0070
?_uart_tx              cstackCOMMON 0070
_RCIF                  (abs)        0065
_RCREG                 (abs)        001A
_RCSTA                 (abs)        0018
_SPBRG                 (abs)        0099
_SPEN                  (abs)        00C7
_SSPBUF                (abs)        0013
_SSPCON                (abs)        0014
_SSPEN                 (abs)        00A5
_SSPIE                 (abs)        0463
_SSPIF                 (abs)        0063
_SSPSTAT               (abs)        0094
_T1CKPS0               (abs)        0084
_T1CKPS1               (abs)        0085
_TMR1CS                (abs)        0081
_TMR1H                 (abs)        000F
_TMR1IF                (abs)        0060
_TMR1L                 (abs)        000E
_TMR1ON                (abs)        0080
_TRISA5                (abs)        042D
_TRISC3                (abs)        043B
_TRISC4                (abs)        043C
_TRISC5                (abs)        043D
_TRISC6                (abs)        043E
_TRISC7                (abs)        043F
_TXEN                  (abs)        04C5
_TXIF                  (abs)        0064
_TXREG                 (abs)        0019
_TXSTA                 (abs)        0098
__Habs1                abs1         0000
__Hbank0               bank0        0000
__Hbank1               bank1        0000
__Hbank2               bank2        0000
__Hbank3               bank3        0000
__Hcinit               cinit        0000
__Hclrtext             clrtext      0000
__Hcode                code         0000
__Hcommon              common       0000
__Hconfig              config       2008
__HcstackBANK0         cstackBANK0  0000
__HcstackCOMMON        cstackCOMMON 0000
__HdataBANK0           dataBANK0    0000
__HdataBANK1           dataBANK1    0000
__Heeprom_data         eeprom_data  0000
__Hend_init            end_init     0003
__Hfunctab             functab      0000
__HidataBANK0          idataBANK0   0000
__HidataBANK1          idataBANK1   0000
__Hidloc               idloc        0000
__Hinit                init         0000
__Hinittext            inittext     0000
__Hintentry            intentry     0000
__Hmaintext            maintext     0000
__Hpowerup             powerup      0000
__Hram                 ram          0000
__Hreset_vec           reset_vec    0000
__Hsfr0                sfr0         0000
__Hsfr1                sfr1         0000
__Hsfr2                sfr2         0000
__Hsfr3                sfr3         0000
__Hstrings             strings      0000
__Htext                text         0000
__Labs1                abs1         0000
__Lbank0               bank0        0000
__Lbank1               bank1        0000
__Lbank2               bank2        0000
__Lbank3               bank3        0000
__Lcinit               cinit        0000
__Lclrtext             clrtext      0000
__Lcode                code         0000
__Lcommon              common       0000
__Lconfig              config       2007
__LcstackBANK0         cstackBANK0  0000
__LcstackCOMMON        cstackCOMMON 0000
__LdataBANK0           dataBANK0    0000
__LdataBANK1           dataBANK1    0000
__Leeprom_data         eeprom_data  0000
__Lend_init            end_init     0000
__Lfunctab             functab      0000
__LidataBANK0          idataBANK0   0000
__LidataBANK1          idataBANK1   0000
__Lidloc               idloc        0000
__Linit                init         0000
__Linittext            inittext     0000
__Lintentry            intentry     0000
__Lmaintext            maintext     0000
__Lpowerup             powerup      0000
__Lram                 ram          0000
__Lreset_vec           reset_vec    0000
__Lsfr0                sfr0         0000
__Lsfr1                sfr1         0000
__Lsfr2                sfr2         0000
__Lsfr3                sfr3         0000
__Lstrings             strings      0000
__Ltext                text         0000
__S0                   (abs)        2008
__S1                   (abs)        00B4
__S2                   (abs)        0000
___lwdiv               text244      0652
___lwdiv@counter       cstackCOMMON 0077
___lwdiv@dividend      cstackCOMMON 0072
___lwdiv@divisor       cstackCOMMON 0070
___lwdiv@quotient      cstackCOMMON 0075
__end_of___lwdiv       text244      06A0
__end_of_delay         text246      05C4
__end_of_main          maintext     072F
__end_of_print_uart    text243      0633
__end_of_spi_init      text249      0600
__end_of_spi_transfer  text248      05A1
__end_of_sprintf       text242      0800
__end_of_uart_init     text247      05D7
__end_of_uart_tx       text245      0593
__pcstackBANK0         cstackBANK0  0020
__pcstackCOMMON        cstackCOMMON 0070
__pdataBANK0           dataBANK0    004E
__pdataBANK1           dataBANK1    00A0
__pidataBANK0          idataBANK0   0600
__pidataBANK1          idataBANK1   05D7
__pmaintext            maintext     06A0
__pstrings             strings      0003
__ptext242             text242      072F
__ptext243             text243      0615
__ptext244             text244      0652
__ptext245             text245      0587
__ptext246             text246      05B2
__ptext247             text247      05C4
__ptext248             text248      0593
__ptext249             text249      05EB
__ptext250             text250      0000
__size_of___lwdiv      (abs)        0000
__size_of_delay        (abs)        0000
__size_of_main         (abs)        0000
__size_of_print_uart   (abs)        0000
__size_of_spi_init     (abs)        0000
__size_of_spi_transfer (abs)        0000
__size_of_sprintf      (abs)        0000
__size_of_uart_init    (abs)        0000
__size_of_uart_tx      (abs)        0000
_delay                 text246      05B2
_exit                  init         0000
_hexpowers             strings      0009
_main                  maintext     06A0
_message1              dataBANK0    004E
_print_uart            text243      0615
_spi_init              text249      05EB
_spi_transfer          text248      0593
_sprintf               text242      072F
_string                dataBANK1    00A0
_uart_init             text247      05C4
_uart_tx               text245      0587
btemp                  (abs)        007E
end_of_initialization  cinit        064E
init_fetch             inittext     05A1
init_ram               inittext     05A5
intlevel0              functab      0000
intlevel1              functab      0000
intlevel2              functab      0000
intlevel3              functab      0000
intlevel4              functab      0000
intlevel5              functab      0000
main@arr               cstackBANK0  002C
main@i                 cstackBANK0  004B
main@j                 cstackBANK0  004C
main@reciv             cstackBANK0  004A
main@var               cstackBANK0  004D
print_uart@str         cstackCOMMON 0072
reset_vec              reset_vec    0000
spi_transfer@data      cstackCOMMON 0070
sprintf@_val           cstackBANK0  0022
sprintf@ap             cstackBANK0  0021
sprintf@c              cstackBANK0  0028
sprintf@f              cstackCOMMON 0078
sprintf@flag           cstackBANK0  0020
sprintf@prec           cstackBANK0  0026
sprintf@sp             cstackBANK0  0027
start                  init         0000
start_initialization   cinit        0633
uart_tx@val            cstackCOMMON 0070
wtemp0                 (abs)        007E
