HI-TECH Software C Compiler 

Linker command line:

--edf=C:\Program Files (x86)\HI-TECH Software\PICC\9.81\dat\en_msgs.txt -cs \
  -h+TUP.sym -z -Q16F877A -ol.obj -MTUP.map -E1 -ACONST=00h-0FFhx32 \
  -ACODE=00h-07FFhx4 -ASTRCODE=00h-01FFFh -AENTRY=00h-0FFhx32 \
  -ASTRING=00h-0FFhx32 -ABANK0=020h-06Fh -ABANK1=0A0h-0EFh \
  -ABANK2=0110h-016Fh -ABANK3=0190h-01EFh \
  -ARAM=020h-06Fh,0A0h-0EFh,0110h-016Fh,0190h-01EFh \
  -AABS1=020h-07Fh,0A0h-0EFh,0110h-016Fh,0190h-01EFh -ACOMMON=070h-07Fh \
  -ASFR0=00h-01Fh -ASFR1=080h-09Fh -ASFR2=0100h-010Fh -ASFR3=0180h-018Fh \
  -preset_vec=00h,intentry,init,end_init -ppowerup=CODE -pfunctab=CODE \
  -ACONFIG=02007h-02007h -pconfig=CONFIG -DCONFIG=2 -AIDLOC=02000h-02003h \
  -pidloc=IDLOC -DIDLOC=2 -AEEDATA=00h-0FFh/02100h -peeprom_data=EEDATA \
  -DEEDATA=2 -DCODE=2 -DSTRCODE=2 -DSTRING=2 -DCONST=2 -DENTRY=2 -k \
  startup.obj TUP.obj 

Object code version is 3.10

Machine type is 16F877A



                Name                               Link     Load   Length Selector   Space Scale
startup.obj     end_init                              0        0        3        0       0
TUP.obj         config                             2007     2007        1     400E       0
                text203                             62D      62D       36      C5A       0
                text202                             5D5      5D5       13      BAA       0
                text201                             5AA      5AA        C      B54       0
                text200                             705      705       74      E0A       0
                text199                             69F      69F       66      D3E       0
                text198                             5E8      5E8       1A      BD0       0
                text197                             779      779       87      EF2       0
                maintext                            663      663       3C      CC6       0
                cstackBANK0                          20       20       42       20       1
                cstackCOMMON                         70       70        C       70       1
                inittext                            5C4      5C4       11      B88       0
                dataBANK1                            A0       A0        E       A0       1
                dataBANK0                            62       62        B       20       1
                dataCOMMON                           7C       7C        2       70       1
                cinit                               602      602       2B      C04       0
                idataBANK1                          5B6      5B6        E      B6C       0
                idataBANK0                          59F      59F        B      B3E       0
                idataCOMMON                         59D      59D        2      B3A       0

TOTAL           Name                               Link     Load   Length     Space
        CLASS   CONST          

        CLASS   CODE           
                end_init                              0        0        3         0
                text203                             62D      62D       36         0
                text202                             5D5      5D5       13         0
                text201                             5AA      5AA        C         0
                text200                             705      705       74         0
                text199                             69F      69F       66         0
                text198                             5E8      5E8       1A         0
                text197                             779      779       87         0
                maintext                            663      663       3C         0
                inittext                            5C4      5C4       11         0
                cinit                               602      602       2B         0
                idataBANK1                          5B6      5B6        E         0
                idataBANK0                          59F      59F        B         0
                idataCOMMON                         59D      59D        2         0

        CLASS   STRCODE        

        CLASS   ENTRY          

        CLASS   STRING         

        CLASS   BANK0          
                cstackBANK0                          20       20       42         1
                dataBANK0                            62       62        B         1

        CLASS   BANK1          
                dataBANK1                            A0       A0        E         1

        CLASS   BANK2          

        CLASS   BANK3          

        CLASS   RAM            

        CLASS   ABS1           
                abs_s1                               7E       7E        2         1

        CLASS   COMMON         
                cstackCOMMON                         70       70        C         1
                dataCOMMON                           7C       7C        2         1

        CLASS   SFR0           

        CLASS   SFR1           

        CLASS   SFR2           

        CLASS   SFR3           

        CLASS   CONFIG         
                config                             2007     2007        1         0

        CLASS   IDLOC          

        CLASS   EEDATA         



SEGMENTS        Name                           Load    Length   Top    Selector   Space  Class     Delta

                reset_vec                      000000  000003  000003         0       0  CODE        2
                cstackBANK0                    000020  00004D  00006D        20       1  BANK0       1
                cstackCOMMON                   000070  00000E  00007E        70       1  COMMON      1
                dataBANK1                      0000A0  00000E  0000AE        A0       1  BANK1       1
                idataCOMMON                    00059D  000002  00059F       B3A       0  CODE        2
                idataBANK0                     00059F  00000B  0005AA       B3E       0  CODE        2
                text201                        0005AA  00000C  0005B6       B54       0  CODE        2
                idataBANK1                     0005B6  00000E  0005C4       B6C       0  CODE        2
                inittext                       0005C4  000011  0005D5       B88       0  CODE        2
                text202                        0005D5  000013  0005E8       BAA       0  CODE        2
                text198                        0005E8  00001A  000602       BD0       0  CODE        2
                cinit                          000602  00002B  00062D       C04       0  CODE        2
                text203                        00062D  000036  000663       C5A       0  CODE        2
                maintext                       000663  00003C  00069F       CC6       0  CODE        2
                text199                        00069F  000066  000705       D3E       0  CODE        2
                text200                        000705  000074  000779       E0A       0  CODE        2
                text197                        000779  000087  000800       EF2       0  CODE        2
                config                         002007  000001  002008      400E       0  CONFIG      2


UNUSED ADDRESS RANGES

        Name                Unused          Largest block    Delta
        BANK0            006D-006F              3           1
        BANK1            00AE-00EF             42           1
        BANK2            0110-016F             60           1
        BANK3            0190-01EF             60           1
        CODE             0003-059C            59A           2
                         0800-1FFF            800
        CONST            0003-059C            100           2
                         0800-1FFF            100
        EEDATA           2100-21FF            100           2
        ENTRY            0003-059C            100           2
                         0800-1FFF            100
        IDLOC            2000-2003              4           2
        RAM              006D-006F              3           1
                         00AE-00EF             42
                         0110-016F             60
                         0190-01EF             60
        SFR0             0000-001F             20           1
        SFR1             0080-009F             20           1
        SFR2             0100-010F             10           1
        SFR3             0180-018F             10           1
        STRCODE          0003-059C            59A           2
                         0800-1FFF           1800
        STRING           0003-059C            100           2
                         0800-1FFF            100

                                  Symbol Table

??___awdiv            cstackCOMMON 0074
??___awmod            cstackCOMMON 0074
??_call               cstackCOMMON 007B
??_delay              cstackCOMMON 0070
??_main               cstackCOMMON 007C
??_print_uart         cstackCOMMON 0071
??_uart_init          cstackCOMMON 0070
??_uart_tx            cstackCOMMON 0070
?___awdiv             cstackCOMMON 0070
?___awmod             cstackCOMMON 0070
?_call                cstackCOMMON 0079
?_delay               cstackCOMMON 0070
?_main                cstackCOMMON 0070
?_print_uart          cstackCOMMON 0070
?_uart_init           cstackCOMMON 0070
?_uart_tx             cstackCOMMON 0070
_PORTB                (abs)        0006
_RCIF                 (abs)        0065
_RCSTA                (abs)        0018
_SPBRG                (abs)        0099
_SPEN                 (abs)        00C7
_T1CKPS0              (abs)        0084
_T1CKPS1              (abs)        0085
_TMR1CS               (abs)        0081
_TMR1H                (abs)        000F
_TMR1IF               (abs)        0060
_TMR1L                (abs)        000E
_TMR1ON               (abs)        0080
_TRISB7               (abs)        0437
_TRISC6               (abs)        043E
_TRISC7               (abs)        043F
_TXEN                 (abs)        04C5
_TXIF                 (abs)        0064
_TXREG                (abs)        0019
_TXSTA                (abs)        0098
__Habs1               abs1         0000
__Hbank0              bank0        0000
__Hbank1              bank1        0000
__Hbank2              bank2        0000
__Hbank3              bank3        0000
__Hcinit              cinit        0000
__Hclrtext            clrtext      0000
__Hcode               code         0000
__Hcommon             common       0000
__Hconfig             config       2008
__HcstackBANK0        cstackBANK0  0000
__HcstackCOMMON       cstackCOMMON 0000
__HdataBANK0          dataBANK0    0000
__HdataBANK1          dataBANK1    0000
__HdataCOMMON         dataCOMMON   0000
__Heeprom_data        eeprom_data  0000
__Hend_init           end_init     0003
__Hfunctab            functab      0000
__HidataBANK0         idataBANK0   0000
__HidataBANK1         idataBANK1   0000
__HidataCOMMON        idataCOMMON  0000
__Hidloc              idloc        0000
__Hinit               init         0000
__Hinittext           inittext     0000
__Hintentry           intentry     0000
__Hmaintext           maintext     0000
__Hpowerup            powerup      0000
__Hram                ram          0000
__Hreset_vec          reset_vec    0000
__Hsfr0               sfr0         0000
__Hsfr1               sfr1         0000
__Hsfr2               sfr2         0000
__Hsfr3               sfr3         0000
__Hstrings            strings      0000
__Htext               text         0000
__Labs1               abs1         0000
__Lbank0              bank0        0000
__Lbank1              bank1        0000
__Lbank2              bank2        0000
__Lbank3              bank3        0000
__Lcinit              cinit        0000
__Lclrtext            clrtext      0000
__Lcode               code         0000
__Lcommon             common       0000
__Lconfig             config       2007
__LcstackBANK0        cstackBANK0  0000
__LcstackCOMMON       cstackCOMMON 0000
__LdataBANK0          dataBANK0    0000
__LdataBANK1          dataBANK1    0000
__LdataCOMMON         dataCOMMON   0000
__Leeprom_data        eeprom_data  0000
__Lend_init           end_init     0000
__Lfunctab            functab      0000
__LidataBANK0         idataBANK0   0000
__LidataBANK1         idataBANK1   0000
__LidataCOMMON        idataCOMMON  0000
__Lidloc              idloc        0000
__Linit               init         0000
__Linittext           inittext     0000
__Lintentry           intentry     0000
__Lmaintext           maintext     0000
__Lpowerup            powerup      0000
__Lram                ram          0000
__Lreset_vec          reset_vec    0000
__Lsfr0               sfr0         0000
__Lsfr1               sfr1         0000
__Lsfr2               sfr2         0000
__Lsfr3               sfr3         0000
__Lstrings            strings      0000
__Ltext               text         0000
__S0                  (abs)        2008
__S1                  (abs)        00AE
__S2                  (abs)        0000
___awdiv              text200      0705
___awdiv@counter      cstackCOMMON 0075
___awdiv@dividend     cstackCOMMON 0072
___awdiv@divisor      cstackCOMMON 0070
___awdiv@quotient     cstackCOMMON 0077
___awdiv@sign         cstackCOMMON 0076
___awmod              text199      069F
___awmod@counter      cstackCOMMON 0075
___awmod@dividend     cstackCOMMON 0072
___awmod@divisor      cstackCOMMON 0070
___awmod@sign         cstackCOMMON 0076
__end_of___awdiv      text200      0779
__end_of___awmod      text199      0705
__end_of_call         text197      0800
__end_of_delay        text203      0663
__end_of_main         maintext     069F
__end_of_print_uart   text198      0602
__end_of_uart_init    text202      05E8
__end_of_uart_tx      text201      05B6
__pcstackBANK0        cstackBANK0  0020
__pcstackCOMMON       cstackCOMMON 0070
__pdataBANK0          dataBANK0    0062
__pdataBANK1          dataBANK1    00A0
__pdataCOMMON         dataCOMMON   007C
__pidataBANK0         idataBANK0   059F
__pidataBANK1         idataBANK1   05B6
__pidataCOMMON        idataCOMMON  059D
__pmaintext           maintext     0663
__ptext197            text197      0779
__ptext198            text198      05E8
__ptext199            text199      069F
__ptext200            text200      0705
__ptext201            text201      05AA
__ptext202            text202      05D5
__ptext203            text203      062D
__ptext204            text204      0000
__size_of___awdiv     (abs)        0000
__size_of___awmod     (abs)        0000
__size_of_call        (abs)        0000
__size_of_delay       (abs)        0000
__size_of_main        (abs)        0000
__size_of_print_uart  (abs)        0000
__size_of_uart_init   (abs)        0000
__size_of_uart_tx     (abs)        0000
_call                 text197      0779
_delay                text203      062D
_exit                 init         0000
_i                    dataCOMMON   007C
_main                 maintext     0663
_print_uart           text198      05E8
_text_uart            dataBANK1    00A0
_text_uart2           dataBANK0    0062
_uart_init            text202      05D5
_uart_tx              text201      05AA
btemp                 (abs)        007E
call@arr              cstackBANK0  0020
call@count            cstackBANK0  0060
call@data             cstackBANK0  005E
call@i                cstackCOMMON 0079
call@j                cstackBANK0  005C
delay@k               cstackCOMMON 0070
end_of_initialization cinit        0629
init_fetch            inittext     05C4
init_ram              inittext     05C8
intlevel0             functab      0000
intlevel1             functab      0000
intlevel2             functab      0000
intlevel3             functab      0000
intlevel4             functab      0000
intlevel5             functab      0000
print_uart@str        cstackCOMMON 0072
reset_vec             reset_vec    0000
start                 init         0000
start_initialization  cinit        0602
uart_tx@val           cstackCOMMON 0070
wtemp0                (abs)        007E
