

HI-TECH Software PIC LITE Macro Assembler V9.81 build 7503 
                                                                                               Tue Aug 20 05:12:22 2019

HI-TECH Software Omniscient Code Generator (Lite mode) build 7503
     1  0000                     opt subtitle "HI-TECH Software Omniscient Code Generator (Lite mode) build 7503"
     2                           
     3                           opt pagewidth 120
     4                           
     5                           	opt lm
     6                           
     7                           	processor	16F877A
     8                           clrc	macro
     9                           	bcf	3,0
    10  0000                     	endm
    11                           clrz	macro
    12                           	bcf	3,2
    13  0000                     	endm
    14                           setc	macro
    15                           	bsf	3,0
    16  0000                     	endm
    17                           setz	macro
    18                           	bsf	3,2
    19  0000                     	endm
    20                           skipc	macro
    21                           	btfss	3,0
    22  0000                     	endm
    23                           skipz	macro
    24                           	btfss	3,2
    25  0000                     	endm
    26                           skipnc	macro
    27                           	btfsc	3,0
    28  0000                     	endm
    29                           skipnz	macro
    30                           	btfsc	3,2
    31  0000                     	endm
    32  0000                     indf	equ	0
    33  0000                     indf0	equ	0
    34  0002                     pc	equ	2
    35  0002                     pcl	equ	2
    36  0003                     status	equ	3
    37  0004                     fsr	equ	4
    38  0004                     fsr0	equ	4
    39  0001                     c	equ	1
    40  0000                     z	equ	0
    41  000A                     pclath	equ	10
    42                           # 11 "C:\Users\M_A_N_I\Documents\GitHub\PIC16F877A\Example_programs\ASSignments\TUP\MPLA
                                 B\TUP\TUP.c"
    43                           	psect config,class=CONFIG,delta=2 ;#
    44                           # 11 "C:\Users\M_A_N_I\Documents\GitHub\PIC16F877A\Example_programs\ASSignments\TUP\MPLA
                                 B\TUP\TUP.c"
    45  2007  FF7A               	dw 0xFFFE & 0xFFFB & 0xFFFF & 0xFFFF & 0xFF7F ;#
    46                           	FNCALL	_main,_uart_init
    47                           	FNCALL	_main,_delay
    48                           	FNCALL	_main,_print_uart
    49                           	FNCALL	_main,_call
    50                           	FNCALL	_call,___awmod
    51                           	FNCALL	_call,___awdiv
    52                           	FNCALL	_call,_uart_tx
    53                           	FNCALL	_print_uart,_uart_tx
    54                           	FNROOT	_main
    55                           	global	_i
    56                           	global	_text_uart2
    57                           	global	_text_uart
    58                           psect	idataCOMMON,class=CODE,space=0,delta=2
    59                           global __pidataCOMMON
    60  059D                     __pidataCOMMON:
    61                           	file	"C:\Users\M_A_N_I\Documents\GitHub\PIC16F877A\Example_programs\ASSignments\TUP\MPL
                                 AB\TUP\TUP.c"
    62                           	line	14
    63                           
    64                           ;initializer for _i
    65  059D  3401               	retlw	01h
    66  059E  3400               	retlw	0
    67                           
    68                           psect	idataBANK0,class=CODE,space=0,delta=2
    69                           global __pidataBANK0
    70  059F                     __pidataBANK0:
    71                           	line	21
    72                           
    73                           ;initializer for _text_uart2
    74  059F  3420               	retlw	020h
    75  05A0  3420               	retlw	020h
    76  05A1  3453               	retlw	053h
    77  05A2  3465               	retlw	065h
    78  05A3  3463               	retlw	063h
    79  05A4  346F               	retlw	06Fh
    80  05A5  346E               	retlw	06Eh
    81  05A6  3464               	retlw	064h
    82  05A7  340A               	retlw	0Ah
    83  05A8  340D               	retlw	0Dh
    84  05A9  3400               	retlw	0
    85                           psect	idataBANK1,class=CODE,space=0,delta=2
    86                           global __pidataBANK1
    87  05B6                     __pidataBANK1:
    88                           	line	20
    89                           
    90                           ;initializer for _text_uart
    91  05B6  3449               	retlw	049h
    92  05B7  3420               	retlw	020h
    93  05B8  3461               	retlw	061h
    94  05B9  346D               	retlw	06Dh
    95  05BA  3420               	retlw	020h
    96  05BB  3441               	retlw	041h
    97  05BC  346C               	retlw	06Ch
    98  05BD  3469               	retlw	069h
    99  05BE  3476               	retlw	076h
   100  05BF  3465               	retlw	065h
   101  05C0  3420               	retlw	020h
   102  05C1  343D               	retlw	03Dh
   103  05C2  3420               	retlw	020h
   104  05C3  3400               	retlw	0
   105                           	global	_PORTB
   106  0006                     _PORTB	set	6
   107                           	global	_RCSTA
   108  0018                     _RCSTA	set	24
   109                           	global	_TMR1H
   110  000F                     _TMR1H	set	15
   111                           	global	_TMR1L
   112  000E                     _TMR1L	set	14
   113                           	global	_TXREG
   114  0019                     _TXREG	set	25
   115                           	global	_RCIF
   116  0065                     _RCIF	set	101
   117                           	global	_SPEN
   118  00C7                     _SPEN	set	199
   119                           	global	_T1CKPS0
   120  0084                     _T1CKPS0	set	132
   121                           	global	_T1CKPS1
   122  0085                     _T1CKPS1	set	133
   123                           	global	_TMR1CS
   124  0081                     _TMR1CS	set	129
   125                           	global	_TMR1IF
   126  0060                     _TMR1IF	set	96
   127                           	global	_TMR1ON
   128  0080                     _TMR1ON	set	128
   129                           	global	_TXIF
   130  0064                     _TXIF	set	100
   131                           	global	_SPBRG
   132  0099                     _SPBRG	set	153
   133                           	global	_TXSTA
   134  0098                     _TXSTA	set	152
   135                           	global	_TRISB7
   136  0437                     _TRISB7	set	1079
   137                           	global	_TRISC6
   138  043E                     _TRISC6	set	1086
   139                           	global	_TRISC7
   140  043F                     _TRISC7	set	1087
   141                           	global	_TXEN
   142  04C5                     _TXEN	set	1221
   143                           	file	"TUP.as"
   144                           	line	#
   145                           psect cinit,class=CODE,delta=2
   146                           global start_initialization
   147  0602                     start_initialization:
   148                           
   149                           psect	dataCOMMON,class=COMMON,space=1
   150                           global __pdataCOMMON
   151  007C                     __pdataCOMMON:
   152                           	file	"C:\Users\M_A_N_I\Documents\GitHub\PIC16F877A\Example_programs\ASSignments\TUP\MPL
                                 AB\TUP\TUP.c"
   153                           	line	14
   154  007C                     _i:
   155  007C                            ds      2
   156                           
   157                           psect	dataBANK0,class=BANK0,space=1
   158                           global __pdataBANK0
   159  0062                     __pdataBANK0:
   160                           	file	"C:\Users\M_A_N_I\Documents\GitHub\PIC16F877A\Example_programs\ASSignments\TUP\MPL
                                 AB\TUP\TUP.c"
   161                           	line	21
   162  0062                     _text_uart2:
   163  0062                            ds      11
   164                           
   165                           psect	dataBANK1,class=BANK1,space=1
   166                           global __pdataBANK1
   167  00A0                     __pdataBANK1:
   168                           	file	"C:\Users\M_A_N_I\Documents\GitHub\PIC16F877A\Example_programs\ASSignments\TUP\MPL
                                 AB\TUP\TUP.c"
   169                           	line	20
   170  00A0                     _text_uart:
   171  00A0                            ds      14
   172                           
   173                           global btemp
   174                           psect inittext,class=CODE,delta=2
   175                           global init_fetch,btemp
   176                           ;	Called with low address in FSR and high address in W
   177  05C4                     init_fetch:
   178  05C4  087E               	movf btemp,w
   179  05C5  008A               	movwf pclath
   180  05C6  087F               	movf btemp+1,w
   181  05C7  0082               	movwf pc
   182                           global init_ram
   183                           ;Called with:
   184                           ;	high address of idata address in btemp 
   185                           ;	low address of idata address in btemp+1 
   186                           ;	low address of data in FSR
   187                           ;	high address + 1 of data in btemp-1
   188  05C8                     init_ram:
   189  05C8  25C4  120A  118A   	fcall init_fetch
   190  05CB  0080               	movwf indf,f
   191  05CC  0A84               	incf fsr,f
   192  05CD  0804               	movf fsr,w
   193  05CE  067D               	xorwf btemp-1,w
   194  05CF  1903               	btfsc status,2
   195  05D0  3400               	retlw 0
   196  05D1  0AFF               	incf btemp+1,f
   197  05D2  1903               	btfsc status,2
   198  05D3  0AFE               	incf btemp,f
   199  05D4  2DC8               	goto init_ram
   200                           ; Initialize objects allocated to BANK1
   201                           psect cinit,class=CODE,delta=2
   202                           global init_ram, __pidataBANK1
   203  0602  1383               	bcf	status, 7	;select IRP bank0
   204  0603  30AE               	movlw low(__pdataBANK1+14)
   205  0604  00FD               	movwf btemp-1,f
   206  0605  3005               	movlw high(__pidataBANK1)
   207  0606  00FE               	movwf btemp,f
   208  0607  30B6               	movlw low(__pidataBANK1)
   209  0608  00FF               	movwf btemp+1,f
   210  0609  30A0               	movlw low(__pdataBANK1)
   211  060A  0084               	movwf fsr,f
   212  060B  120A  118A  25C8   	fcall init_ram
              120A  118A         
   213                           ; Initialize objects allocated to BANK0
   214                           psect cinit,class=CODE,delta=2
   215                           global init_ram, __pidataBANK0
   216  0610  306D               	movlw low(__pdataBANK0+11)
   217  0611  00FD               	movwf btemp-1,f
   218  0612  3005               	movlw high(__pidataBANK0)
   219  0613  00FE               	movwf btemp,f
   220  0614  309F               	movlw low(__pidataBANK0)
   221  0615  00FF               	movwf btemp+1,f
   222  0616  3062               	movlw low(__pdataBANK0)
   223  0617  0084               	movwf fsr,f
   224  0618  120A  118A  25C8   	fcall init_ram
              120A  118A         
   225                           ; Initialize objects allocated to COMMON
   226                           	global __pidataCOMMON
   227                           psect cinit,class=CODE,delta=2
   228  061D  120A  118A  259D   	fcall	__pidataCOMMON+0		;fetch initializer
              120A  118A         
   229  0622  00FC               	movwf	__pdataCOMMON+0&07fh		
   230  0623  120A  118A  259E   	fcall	__pidataCOMMON+1		;fetch initializer
              120A  118A         
   231  0628  00FD               	movwf	__pdataCOMMON+1&07fh		
   232                           psect cinit,class=CODE,delta=2
   233                           global end_of_initialization
   234                           
   235                           ;End of C runtime variable initialization code
   236                           
   237  0629                     end_of_initialization:
   238  0629  0183               clrf status
   239  062A  120A  118A  2E63   ljmp _main	;jump to C main() function
   240                           psect	cstackCOMMON,class=COMMON,space=1
   241                           global __pcstackCOMMON
   242  0070                     __pcstackCOMMON:
   243                           	global	?_uart_init
   244  0070                     ?_uart_init:	; 0 bytes @ 0x0
   245                           	global	??_uart_init
   246  0070                     ??_uart_init:	; 0 bytes @ 0x0
   247                           	global	?_print_uart
   248  0070                     ?_print_uart:	; 0 bytes @ 0x0
   249                           	global	?_delay
   250  0070                     ?_delay:	; 0 bytes @ 0x0
   251                           	global	??_delay
   252  0070                     ??_delay:	; 0 bytes @ 0x0
   253                           	global	?_uart_tx
   254  0070                     ?_uart_tx:	; 0 bytes @ 0x0
   255                           	global	??_uart_tx
   256  0070                     ??_uart_tx:	; 0 bytes @ 0x0
   257                           	global	?_main
   258  0070                     ?_main:	; 2 bytes @ 0x0
   259                           	global	?___awdiv
   260  0070                     ?___awdiv:	; 2 bytes @ 0x0
   261                           	global	?___awmod
   262  0070                     ?___awmod:	; 2 bytes @ 0x0
   263                           	global	uart_tx@val
   264  0070                     uart_tx@val:	; 1 bytes @ 0x0
   265                           	global	delay@k
   266  0070                     delay@k:	; 2 bytes @ 0x0
   267                           	global	___awdiv@divisor
   268  0070                     ___awdiv@divisor:	; 2 bytes @ 0x0
   269                           	global	___awmod@divisor
   270  0070                     ___awmod@divisor:	; 2 bytes @ 0x0
   271  0070                     	ds	1
   272                           	global	??_print_uart
   273  0071                     ??_print_uart:	; 0 bytes @ 0x1
   274  0071                     	ds	1
   275                           	global	print_uart@str
   276  0072                     print_uart@str:	; 1 bytes @ 0x2
   277                           	global	___awdiv@dividend
   278  0072                     ___awdiv@dividend:	; 2 bytes @ 0x2
   279                           	global	___awmod@dividend
   280  0072                     ___awmod@dividend:	; 2 bytes @ 0x2
   281  0072                     	ds	2
   282                           	global	??___awdiv
   283  0074                     ??___awdiv:	; 0 bytes @ 0x4
   284                           	global	??___awmod
   285  0074                     ??___awmod:	; 0 bytes @ 0x4
   286  0074                     	ds	1
   287                           	global	___awdiv@counter
   288  0075                     ___awdiv@counter:	; 1 bytes @ 0x5
   289                           	global	___awmod@counter
   290  0075                     ___awmod@counter:	; 1 bytes @ 0x5
   291  0075                     	ds	1
   292                           	global	___awdiv@sign
   293  0076                     ___awdiv@sign:	; 1 bytes @ 0x6
   294                           	global	___awmod@sign
   295  0076                     ___awmod@sign:	; 1 bytes @ 0x6
   296  0076                     	ds	1
   297                           	global	___awdiv@quotient
   298  0077                     ___awdiv@quotient:	; 2 bytes @ 0x7
   299  0077                     	ds	2
   300                           	global	?_call
   301  0079                     ?_call:	; 0 bytes @ 0x9
   302                           	global	call@i
   303  0079                     call@i:	; 2 bytes @ 0x9
   304  0079                     	ds	2
   305                           	global	??_call
   306  007B                     ??_call:	; 0 bytes @ 0xB
   307  007B                     	ds	1
   308                           	global	??_main
   309  007C                     ??_main:	; 0 bytes @ 0xC
   310                           psect	cstackBANK0,class=BANK0,space=1
   311                           global __pcstackBANK0
   312  0020                     __pcstackBANK0:
   313                           	global	call@arr
   314  0020                     call@arr:	; 60 bytes @ 0x0
   315  0020                     	ds	60
   316                           	global	call@j
   317  005C                     call@j:	; 2 bytes @ 0x3C
   318  005C                     	ds	2
   319                           	global	call@data
   320  005E                     call@data:	; 2 bytes @ 0x3E
   321  005E                     	ds	2
   322                           	global	call@count
   323  0060                     call@count:	; 2 bytes @ 0x40
   324  0060                     	ds	2
   325 ;;Data sizes: Strings 0, constant 0, data 27, bss 0, persistent 0 stack 0
   326 ;;Auto spaces:   Size  Autos    Used
   327 ;; COMMON          14     12      14
   328 ;; BANK0           80     66      77
   329 ;; BANK1           80      0      14
   330 ;; BANK3           96      0       0
   331 ;; BANK2           96      0       0
   332                           
   333 ;;
   334 ;; Pointer list with targets:
   335                           
   336 ;; ?___awdiv	int  size(1) Largest target is 0
   337 ;;
   338 ;; ?___awmod	int  size(1) Largest target is 0
   339 ;;
   340 ;; print_uart@str	PTR unsigned char  size(1) Largest target is 14
   341 ;;		 -> text_uart2(BANK0[11]), text_uart(BANK1[14]), 
   342 ;;
   343                           
   344                           
   345 ;;
   346 ;; Critical Paths under _main in COMMON
   347 ;;
   348 ;;   _main->_call
   349 ;;   _call->___awdiv
   350 ;;   _print_uart->_uart_tx
   351 ;;
   352 ;; Critical Paths under _main in BANK0
   353 ;;
   354 ;;   _main->_call
   355 ;;
   356 ;; Critical Paths under _main in BANK1
   357 ;;
   358 ;;   None.
   359 ;;
   360 ;; Critical Paths under _main in BANK3
   361 ;;
   362 ;;   None.
   363 ;;
   364 ;; Critical Paths under _main in BANK2
   365 ;;
   366 ;;   None.
   367                           
   368 ;;
   369 ;;Main: autosize = 0, tempsize = 0, incstack = 0, save=0
   370 ;;
   371                           
   372 ;;
   373 ;;Call Graph Tables:
   374 ;;
   375 ;; ---------------------------------------------------------------------------------
   376 ;; (Depth) Function   	        Calls       Base Space   Used Autos Params    Refs
   377 ;; ---------------------------------------------------------------------------------
   378 ;; (0) _main                                                 0     0      0    1005
   379 ;;                          _uart_init
   380 ;;                              _delay
   381 ;;                         _print_uart
   382 ;;                               _call
   383 ;; ---------------------------------------------------------------------------------
   384 ;; (1) _call                                                69    67      2     892
   385 ;;                                              9 COMMON     3     1      2
   386 ;;                                              0 BANK0     66    66      0
   387 ;;                            ___awmod
   388 ;;                            ___awdiv
   389 ;;                            _uart_tx
   390 ;; ---------------------------------------------------------------------------------
   391 ;; (1) _print_uart                                           2     2      0      67
   392 ;;                                              1 COMMON     2     2      0
   393 ;;                            _uart_tx
   394 ;; ---------------------------------------------------------------------------------
   395 ;; (2) ___awmod                                              7     3      4     296
   396 ;;                                              0 COMMON     7     3      4
   397 ;; ---------------------------------------------------------------------------------
   398 ;; (2) ___awdiv                                              9     5      4     300
   399 ;;                                              0 COMMON     9     5      4
   400 ;; ---------------------------------------------------------------------------------
   401 ;; (2) _uart_tx                                              1     1      0      22
   402 ;;                                              0 COMMON     1     1      0
   403 ;; ---------------------------------------------------------------------------------
   404 ;; (1) _uart_init                                            0     0      0       0
   405 ;; ---------------------------------------------------------------------------------
   406 ;; (1) _delay                                                2     2      0      46
   407 ;;                                              0 COMMON     2     2      0
   408 ;; ---------------------------------------------------------------------------------
   409 ;; Estimated maximum stack depth 2
   410 ;; ---------------------------------------------------------------------------------
   411                           
   412 ;; Call Graph Graphs:
   413                           
   414 ;; _main (ROOT)
   415 ;;   _uart_init
   416 ;;   _delay
   417 ;;   _print_uart
   418 ;;     _uart_tx
   419 ;;   _call
   420 ;;     ___awmod
   421 ;;     ___awdiv
   422 ;;     _uart_tx
   423 ;;
   424                           
   425 ;; Address spaces:
   426                           
   427 ;;Name               Size   Autos  Total    Cost      Usage
   428 ;;BANK3               60      0       0       9        0.0%
   429 ;;BITBANK3            60      0       0       8        0.0%
   430 ;;SFR3                 0      0       0       4        0.0%
   431 ;;BITSFR3              0      0       0       4        0.0%
   432 ;;BANK2               60      0       0      11        0.0%
   433 ;;BITBANK2            60      0       0      10        0.0%
   434 ;;SFR2                 0      0       0       5        0.0%
   435 ;;BITSFR2              0      0       0       5        0.0%
   436 ;;SFR1                 0      0       0       2        0.0%
   437 ;;BITSFR1              0      0       0       2        0.0%
   438 ;;BANK1               50      0       E       7       17.5%
   439 ;;BITBANK1            50      0       0       6        0.0%
   440 ;;CODE                 0      0       0       0        0.0%
   441 ;;DATA                 0      0      6B      12        0.0%
   442 ;;ABS                  0      0      69       3        0.0%
   443 ;;NULL                 0      0       0       0        0.0%
   444 ;;STACK                0      0       2       2        0.0%
   445 ;;BANK0               50     42      4D       5       96.3%
   446 ;;BITBANK0            50      0       0       4        0.0%
   447 ;;SFR0                 0      0       0       1        0.0%
   448 ;;BITSFR0              0      0       0       1        0.0%
   449 ;;COMMON               E      C       E       1      100.0%
   450 ;;BITCOMMON            E      0       0       0        0.0%
   451 ;;EEDATA             100      0       0       0        0.0%
   452                           
   453                           	global	_main
   454                           psect	maintext,global,class=CODE,delta=2
   455                           global __pmaintext
   456  0663                     __pmaintext:
   457                           
   458 ;; *************** function _main *****************
   459 ;; Defined at:
   460 ;;		line 43 in file "C:\Users\M_A_N_I\Documents\GitHub\PIC16F877A\Example_programs\ASSignments\TUP\MPLAB\TUP\TUP.c"
   461 ;; Parameters:    Size  Location     Type
   462 ;;		None
   463 ;; Auto vars:     Size  Location     Type
   464 ;;		None
   465 ;; Return value:  Size  Location     Type
   466 ;;                  2  704[COMMON] int 
   467 ;; Registers used:
   468 ;;		wreg, fsr0l, fsr0h, status,2, status,0, btemp+1, pclath, cstack
   469 ;; Tracked objects:
   470 ;;		On entry : 17F/0
   471 ;;		On exit  : 0/0
   472 ;;		Unchanged: 0/0
   473 ;; Data sizes:     COMMON   BANK0   BANK1   BANK3   BANK2
   474 ;;      Params:         0       0       0       0       0
   475 ;;      Locals:         0       0       0       0       0
   476 ;;      Temps:          0       0       0       0       0
   477 ;;      Totals:         0       0       0       0       0
   478 ;;Total ram usage:        0 bytes
   479 ;; Hardware stack levels required when called:    2
   480 ;; This function calls:
   481 ;;		_uart_init
   482 ;;		_delay
   483 ;;		_print_uart
   484 ;;		_call
   485 ;; This function is called by:
   486 ;;		Startup code after reset
   487 ;; This function uses a non-reentrant model
   488 ;;
   489                           psect	maintext
   490                           	file	"C:\Users\M_A_N_I\Documents\GitHub\PIC16F877A\Example_programs\ASSignments\TUP\MPL
                                 AB\TUP\TUP.c"
   491                           	line	43
   492                           	global	__size_of_main
   493  003C                     	__size_of_main	equ	__end_of_main-_main
   494                           	
   495  0663                     _main:	
   496                           	opt	stack 6
   497                           ; Regs used in _main: [wreg-fsr0h+status,2+status,0+btemp+1+pclath+cstack]
   498                           	line	44
   499                           	
   500  0663                     l2128:	
   501                           ;TUP.c: 44: uart_init();
   502  0663  120A  118A  25D5   	fcall	_uart_init
              120A  118A         
   503                           	line	45
   504                           	
   505  0668                     l2130:	
   506                           ;TUP.c: 45: TRISB7 = 0;
   507  0668  1683               	bsf	status, 5	;RP0=1, select bank1
   508  0669  1303               	bcf	status, 6	;RP1=0, select bank1
   509  066A  1386               	bcf	(1079/8)^080h,(1079)&7
   510  066B  2E6C               	goto	l2132
   511                           	line	46
   512                           ;TUP.c: 46: while(1)
   513                           	
   514  066C                     l705:	
   515                           	line	48
   516                           	
   517  066C                     l2132:	
   518                           ;TUP.c: 47: {
   519                           ;TUP.c: 48: delay();
   520  066C  120A  118A  262D   	fcall	_delay
              120A  118A         
   521                           	line	49
   522                           	
   523  0671                     l2134:	
   524                           ;TUP.c: 49: PORTB = 0XFF;
   525  0671  30FF               	movlw	(0FFh)
   526  0672  1283               	bcf	status, 5	;RP0=0, select bank0
   527  0673  1303               	bcf	status, 6	;RP1=0, select bank0
   528  0674  0086               	movwf	(6)	;volatile
   529                           	line	50
   530                           	
   531  0675                     l2136:	
   532                           ;TUP.c: 50: delay();
   533  0675  120A  118A  262D   	fcall	_delay
              120A  118A         
   534                           	line	51
   535                           	
   536  067A                     l2138:	
   537                           ;TUP.c: 51: PORTB = 0;
   538  067A  1283               	bcf	status, 5	;RP0=0, select bank0
   539  067B  1303               	bcf	status, 6	;RP1=0, select bank0
   540  067C  0186               	clrf	(6)	;volatile
   541                           	line	52
   542                           	
   543  067D                     l2140:	
   544                           ;TUP.c: 52: print_uart(text_uart);
   545  067D  30A0               	movlw	(_text_uart)&0ffh
   546  067E  120A  118A  25E8   	fcall	_print_uart
              120A  118A         
   547                           	line	53
   548                           	
   549  0683                     l2142:	
   550                           ;TUP.c: 53: call(i);
   551  0683  087D               	movf	(_i+1),w
   552  0684  01FA               	clrf	(?_call+1)
   553  0685  07FA               	addwf	(?_call+1)
   554  0686  087C               	movf	(_i),w
   555  0687  01F9               	clrf	(?_call)
   556  0688  07F9               	addwf	(?_call)
   557                           
   558  0689  120A  118A  2779   	fcall	_call
              120A  118A         
   559                           	line	54
   560                           	
   561  068E                     l2144:	
   562                           ;TUP.c: 54: print_uart(text_uart2);
   563  068E  3062               	movlw	(_text_uart2)&0ffh
   564  068F  120A  118A  25E8   	fcall	_print_uart
              120A  118A         
   565                           	line	55
   566                           	
   567  0694                     l2146:	
   568                           ;TUP.c: 55: i++;
   569  0694  3001               	movlw	low(01h)
   570  0695  07FC               	addwf	(_i),f
   571  0696  1803               	skipnc
   572  0697  0AFD               	incf	(_i+1),f
   573  0698  3000               	movlw	high(01h)
   574  0699  07FD               	addwf	(_i+1),f
   575  069A  2E6C               	goto	l2132
   576                           	line	56
   577                           	
   578  069B                     l706:	
   579                           	line	46
   580  069B  2E6C               	goto	l2132
   581                           	
   582  069C                     l707:	
   583                           	line	57
   584                           	
   585  069C                     l708:	
   586                           	global	start
   587  069C  120A  118A  2800   	ljmp	start
   588                           	opt stack 0
   589                           GLOBAL	__end_of_main
   590  069F                     	__end_of_main:
   591 ;; =============== function _main ends ============
   592                           
   593                           	signat	_main,90
   594                           	global	_call
   595                           psect	text197,local,class=CODE,delta=2
   596                           global __ptext197
   597  0779                     __ptext197:
   598                           
   599 ;; *************** function _call *****************
   600 ;; Defined at:
   601 ;;		line 90 in file "C:\Users\M_A_N_I\Documents\GitHub\PIC16F877A\Example_programs\ASSignments\TUP\MPLAB\TUP\TUP.c"
   602 ;; Parameters:    Size  Location     Type
   603 ;;  i               2    9[COMMON] int 
   604 ;; Auto vars:     Size  Location     Type
   605 ;;  arr            60    0[BANK0 ] int [30]
   606 ;;  count           2   64[BANK0 ] int 
   607 ;;  data            2   62[BANK0 ] int 
   608 ;;  j               2   60[BANK0 ] int 
   609 ;; Return value:  Size  Location     Type
   610 ;;		None               void
   611 ;; Registers used:
   612 ;;		wreg, fsr0l, fsr0h, status,2, status,0, pclath, cstack
   613 ;; Tracked objects:
   614 ;;		On entry : 0/0
   615 ;;		On exit  : 0/0
   616 ;;		Unchanged: 0/0
   617 ;; Data sizes:     COMMON   BANK0   BANK1   BANK3   BANK2
   618 ;;      Params:         2       0       0       0       0
   619 ;;      Locals:         0      66       0       0       0
   620 ;;      Temps:          1       0       0       0       0
   621 ;;      Totals:         3      66       0       0       0
   622 ;;Total ram usage:       69 bytes
   623 ;; Hardware stack levels used:    1
   624 ;; Hardware stack levels required when called:    1
   625 ;; This function calls:
   626 ;;		___awmod
   627 ;;		___awdiv
   628 ;;		_uart_tx
   629 ;; This function is called by:
   630 ;;		_main
   631 ;; This function uses a non-reentrant model
   632 ;;
   633                           psect	text197
   634                           	file	"C:\Users\M_A_N_I\Documents\GitHub\PIC16F877A\Example_programs\ASSignments\TUP\MPL
                                 AB\TUP\TUP.c"
   635                           	line	90
   636                           	global	__size_of_call
   637  0087                     	__size_of_call	equ	__end_of_call-_call
   638                           	
   639  0779                     _call:	
   640                           	opt	stack 6
   641                           ; Regs used in _call: [wreg-fsr0h+status,2+status,0+pclath+cstack]
   642                           	line	91
   643                           	
   644  0779                     l2102:	
   645                           ;TUP.c: 91: int data,j,count=0,arr[30];
   646  0779  1283               	bcf	status, 5	;RP0=0, select bank0
   647  077A  1303               	bcf	status, 6	;RP1=0, select bank0
   648  077B  01E0               	clrf	(call@count)
   649  077C  01E1               	clrf	(call@count+1)
   650                           	line	92
   651                           	
   652  077D                     l2104:	
   653                           ;TUP.c: 92: data = i;
   654  077D  087A               	movf	(call@i+1),w
   655  077E  01DF               	clrf	(call@data+1)
   656  077F  07DF               	addwf	(call@data+1)
   657  0780  0879               	movf	(call@i),w
   658  0781  01DE               	clrf	(call@data)
   659  0782  07DE               	addwf	(call@data)
   660                           
   661                           	line	93
   662                           ;TUP.c: 93: while(data != 0)
   663  0783  2FC4               	goto	l2114
   664                           	
   665  0784                     l727:	
   666                           	line	95
   667                           	
   668  0784                     l2106:	
   669                           ;TUP.c: 94: {
   670                           ;TUP.c: 95: j = data%10;
   671  0784  300A               	movlw	low(0Ah)
   672  0785  00F0               	movwf	(?___awmod)
   673  0786  3000               	movlw	high(0Ah)
   674  0787  00F1               	movwf	((?___awmod))+1
   675  0788  085F               	movf	(call@data+1),w
   676  0789  01F3               	clrf	1+(?___awmod)+02h
   677  078A  07F3               	addwf	1+(?___awmod)+02h
   678  078B  085E               	movf	(call@data),w
   679  078C  01F2               	clrf	0+(?___awmod)+02h
   680  078D  07F2               	addwf	0+(?___awmod)+02h
   681                           
   682  078E  120A  118A  269F   	fcall	___awmod
              120A  118A         
   683  0793  0871               	movf	(1+(?___awmod)),w
   684  0794  1283               	bcf	status, 5	;RP0=0, select bank0
   685  0795  1303               	bcf	status, 6	;RP1=0, select bank0
   686  0796  01DD               	clrf	(call@j+1)
   687  0797  07DD               	addwf	(call@j+1)
   688  0798  0870               	movf	(0+(?___awmod)),w
   689  0799  01DC               	clrf	(call@j)
   690  079A  07DC               	addwf	(call@j)
   691                           
   692                           	line	96
   693                           	
   694  079B                     l2108:	
   695                           ;TUP.c: 96: arr[count] = j;
   696  079B  0860               	movf	(call@count),w
   697  079C  00FB               	movwf	(??_call+0)+0
   698  079D  077B               	addwf	(??_call+0)+0,w
   699  079E  3E20               	addlw	call@arr&0ffh
   700  079F  0084               	movwf	fsr0
   701  07A0  085C               	movf	(call@j),w
   702  07A1  1383               	bcf	status, 7	;select IRP bank0
   703  07A2  0080               	movwf	indf
   704  07A3  0A84               	incf	fsr0,f
   705  07A4  085D               	movf	(call@j+1),w
   706  07A5  0080               	movwf	indf
   707                           	line	97
   708                           	
   709  07A6                     l2110:	
   710                           ;TUP.c: 97: data = data/10;
   711  07A6  300A               	movlw	low(0Ah)
   712  07A7  00F0               	movwf	(?___awdiv)
   713  07A8  3000               	movlw	high(0Ah)
   714  07A9  00F1               	movwf	((?___awdiv))+1
   715  07AA  085F               	movf	(call@data+1),w
   716  07AB  01F3               	clrf	1+(?___awdiv)+02h
   717  07AC  07F3               	addwf	1+(?___awdiv)+02h
   718  07AD  085E               	movf	(call@data),w
   719  07AE  01F2               	clrf	0+(?___awdiv)+02h
   720  07AF  07F2               	addwf	0+(?___awdiv)+02h
   721                           
   722  07B0  120A  118A  2705   	fcall	___awdiv
              120A  118A         
   723  07B5  0871               	movf	(1+(?___awdiv)),w
   724  07B6  1283               	bcf	status, 5	;RP0=0, select bank0
   725  07B7  1303               	bcf	status, 6	;RP1=0, select bank0
   726  07B8  01DF               	clrf	(call@data+1)
   727  07B9  07DF               	addwf	(call@data+1)
   728  07BA  0870               	movf	(0+(?___awdiv)),w
   729  07BB  01DE               	clrf	(call@data)
   730  07BC  07DE               	addwf	(call@data)
   731                           
   732                           	line	98
   733                           	
   734  07BD                     l2112:	
   735                           ;TUP.c: 98: count++;
   736  07BD  3001               	movlw	low(01h)
   737  07BE  07E0               	addwf	(call@count),f
   738  07BF  1803               	skipnc
   739  07C0  0AE1               	incf	(call@count+1),f
   740  07C1  3000               	movlw	high(01h)
   741  07C2  07E1               	addwf	(call@count+1),f
   742  07C3  2FC4               	goto	l2114
   743                           	line	99
   744                           	
   745  07C4                     l726:	
   746                           	line	93
   747                           	
   748  07C4                     l2114:	
   749  07C4  085F               	movf	((call@data+1)),w
   750  07C5  045E               	iorwf	((call@data)),w
   751  07C6  1D03               	skipz
   752  07C7  2FC9               	goto	u2461
   753  07C8  2FCA               	goto	u2460
   754  07C9                     u2461:
   755  07C9  2F84               	goto	l2106
   756  07CA                     u2460:
   757  07CA  2FCB               	goto	l2116
   758                           	
   759  07CB                     l728:	
   760                           	line	100
   761                           	
   762  07CB                     l2116:	
   763                           ;TUP.c: 99: }
   764                           ;TUP.c: 100: count = count-1;
   765  07CB  0860               	movf	(call@count),w
   766  07CC  3EFF               	addlw	low(-1)
   767  07CD  00E0               	movwf	(call@count)
   768  07CE  0861               	movf	(call@count+1),w
   769  07CF  1803               	skipnc
   770  07D0  3E01               	addlw	1
   771  07D1  3EFF               	addlw	high(-1)
   772  07D2  00E1               	movwf	1+(call@count)
   773                           	line	101
   774                           	
   775  07D3                     l2118:	
   776                           ;TUP.c: 101: for( ;count!=-1; )
   777  07D3  30FF               	movlw	high(-1)
   778  07D4  0661               	xorwf	(call@count+1),w
   779  07D5  1D03               	skipz
   780  07D6  2FD9               	goto	u2475
   781  07D7  30FF               	movlw	low(-1)
   782  07D8  0660               	xorwf	(call@count),w
   783  07D9                     u2475:
   784                           
   785  07D9  1D03               	skipz
   786  07DA  2FDC               	goto	u2471
   787  07DB  2FDD               	goto	u2470
   788  07DC                     u2471:
   789  07DC  2FDF               	goto	l2122
   790  07DD                     u2470:
   791  07DD  2FFF               	goto	l731
   792                           	
   793  07DE                     l2120:	
   794  07DE  2FFF               	goto	l731
   795                           	line	102
   796                           	
   797  07DF                     l729:	
   798                           	line	103
   799                           	
   800  07DF                     l2122:	
   801                           ;TUP.c: 102: {
   802                           ;TUP.c: 103: uart_tx((arr[count]+48));
   803  07DF  0860               	movf	(call@count),w
   804  07E0  00FB               	movwf	(??_call+0)+0
   805  07E1  077B               	addwf	(??_call+0)+0,w
   806  07E2  3E20               	addlw	call@arr&0ffh
   807  07E3  0084               	movwf	fsr0
   808  07E4  1383               	bcf	status, 7	;select IRP bank0
   809  07E5  0800               	movf	indf,w
   810  07E6  3E30               	addlw	030h
   811  07E7  120A  118A  25AA   	fcall	_uart_tx
              120A  118A         
   812                           	line	104
   813                           	
   814  07EC                     l2124:	
   815                           ;TUP.c: 104: count--;
   816  07EC  30FF               	movlw	low(-1)
   817  07ED  1283               	bcf	status, 5	;RP0=0, select bank0
   818  07EE  1303               	bcf	status, 6	;RP1=0, select bank0
   819  07EF  07E0               	addwf	(call@count),f
   820  07F0  1803               	skipnc
   821  07F1  0AE1               	incf	(call@count+1),f
   822  07F2  30FF               	movlw	high(-1)
   823  07F3  07E1               	addwf	(call@count+1),f
   824                           	line	101
   825                           	
   826  07F4                     l2126:	
   827  07F4  30FF               	movlw	high(-1)
   828  07F5  0661               	xorwf	(call@count+1),w
   829  07F6  1D03               	skipz
   830  07F7  2FFA               	goto	u2485
   831  07F8  30FF               	movlw	low(-1)
   832  07F9  0660               	xorwf	(call@count),w
   833  07FA                     u2485:
   834                           
   835  07FA  1D03               	skipz
   836  07FB  2FFD               	goto	u2481
   837  07FC  2FFE               	goto	u2480
   838  07FD                     u2481:
   839  07FD  2FDF               	goto	l2122
   840  07FE                     u2480:
   841  07FE  2FFF               	goto	l731
   842                           	
   843  07FF                     l730:	
   844                           	line	106
   845                           	
   846  07FF                     l731:	
   847  07FF  0008               	return
   848                           	opt stack 0
   849                           GLOBAL	__end_of_call
   850  0800                     	__end_of_call:
   851 ;; =============== function _call ends ============
   852                           
   853                           	signat	_call,4216
   854                           	global	_print_uart
   855                           psect	text198,local,class=CODE,delta=2
   856                           global __ptext198
   857  05E8                     __ptext198:
   858                           
   859 ;; *************** function _print_uart *****************
   860 ;; Defined at:
   861 ;;		line 81 in file "C:\Users\M_A_N_I\Documents\GitHub\PIC16F877A\Example_programs\ASSignments\TUP\MPLAB\TUP\TUP.c"
   862 ;; Parameters:    Size  Location     Type
   863 ;;  str             1    wreg     PTR unsigned char 
   864 ;;		 -> text_uart2(11), text_uart(14), 
   865 ;; Auto vars:     Size  Location     Type
   866 ;;  str             1    2[COMMON] PTR unsigned char 
   867 ;;		 -> text_uart2(11), text_uart(14), 
   868 ;; Return value:  Size  Location     Type
   869 ;;		None               void
   870 ;; Registers used:
   871 ;;		wreg, fsr0l, fsr0h, status,2, status,0, pclath, cstack
   872 ;; Tracked objects:
   873 ;;		On entry : 0/0
   874 ;;		On exit  : 0/0
   875 ;;		Unchanged: 0/0
   876 ;; Data sizes:     COMMON   BANK0   BANK1   BANK3   BANK2
   877 ;;      Params:         0       0       0       0       0
   878 ;;      Locals:         1       0       0       0       0
   879 ;;      Temps:          1       0       0       0       0
   880 ;;      Totals:         2       0       0       0       0
   881 ;;Total ram usage:        2 bytes
   882 ;; Hardware stack levels used:    1
   883 ;; Hardware stack levels required when called:    1
   884 ;; This function calls:
   885 ;;		_uart_tx
   886 ;; This function is called by:
   887 ;;		_main
   888 ;; This function uses a non-reentrant model
   889 ;;
   890                           psect	text198
   891                           	file	"C:\Users\M_A_N_I\Documents\GitHub\PIC16F877A\Example_programs\ASSignments\TUP\MPL
                                 AB\TUP\TUP.c"
   892                           	line	81
   893                           	global	__size_of_print_uart
   894  001A                     	__size_of_print_uart	equ	__end_of_print_uart-_print_uart
   895                           	
   896  05E8                     _print_uart:	
   897                           	opt	stack 6
   898                           ; Regs used in _print_uart: [wreg-fsr0h+status,2+status,0+pclath+cstack]
   899                           ;print_uart@str stored from wreg
   900  05E8  00F2               	movwf	(print_uart@str)
   901                           	line	82
   902                           	
   903  05E9                     l2094:	
   904                           ;TUP.c: 82: while(*str)
   905  05E9  2DF8               	goto	l2100
   906                           	
   907  05EA                     l721:	
   908                           	line	84
   909                           	
   910  05EA                     l2096:	
   911                           ;TUP.c: 83: {
   912                           ;TUP.c: 84: uart_tx(*str);
   913  05EA  0872               	movf	(print_uart@str),w
   914  05EB  0084               	movwf	fsr0
   915  05EC  1383               	bcf	status, 7	;select IRP bank0
   916  05ED  0800               	movf	indf,w
   917  05EE  120A  118A  25AA   	fcall	_uart_tx
              120A  118A         
   918                           	line	85
   919                           	
   920  05F3                     l2098:	
   921                           ;TUP.c: 85: str++;
   922  05F3  3001               	movlw	(01h)
   923  05F4  00F1               	movwf	(??_print_uart+0)+0
   924  05F5  0871               	movf	(??_print_uart+0)+0,w
   925  05F6  07F2               	addwf	(print_uart@str),f
   926  05F7  2DF8               	goto	l2100
   927                           	line	86
   928                           	
   929  05F8                     l720:	
   930                           	line	82
   931                           	
   932  05F8                     l2100:	
   933  05F8  0872               	movf	(print_uart@str),w
   934  05F9  0084               	movwf	fsr0
   935  05FA  1383               	bcf	status, 7	;select IRP bank0
   936  05FB  0880               	movf	indf,f
   937  05FC  1D03               	skipz
   938  05FD  2DFF               	goto	u2451
   939  05FE  2E00               	goto	u2450
   940  05FF                     u2451:
   941  05FF  2DEA               	goto	l2096
   942  0600                     u2450:
   943  0600  2E01               	goto	l723
   944                           	
   945  0601                     l722:	
   946                           	line	87
   947                           	
   948  0601                     l723:	
   949  0601  0008               	return
   950                           	opt stack 0
   951                           GLOBAL	__end_of_print_uart
   952  0602                     	__end_of_print_uart:
   953 ;; =============== function _print_uart ends ============
   954                           
   955                           	signat	_print_uart,4216
   956                           	global	___awmod
   957                           psect	text199,local,class=CODE,delta=2
   958                           global __ptext199
   959  069F                     __ptext199:
   960                           
   961 ;; *************** function ___awmod *****************
   962 ;; Defined at:
   963 ;;		line 5 in file "C:\Program Files (x86)\HI-TECH Software\PICC\9.81\sources\awmod.c"
   964 ;; Parameters:    Size  Location     Type
   965 ;;  divisor         2    0[COMMON] int 
   966 ;;  dividend        2    2[COMMON] int 
   967 ;; Auto vars:     Size  Location     Type
   968 ;;  sign            1    6[COMMON] unsigned char 
   969 ;;  counter         1    5[COMMON] unsigned char 
   970 ;; Return value:  Size  Location     Type
   971 ;;                  2    0[COMMON] int 
   972 ;; Registers used:
   973 ;;		wreg, status,2, status,0
   974 ;; Tracked objects:
   975 ;;		On entry : 0/0
   976 ;;		On exit  : 0/0
   977 ;;		Unchanged: 0/0
   978 ;; Data sizes:     COMMON   BANK0   BANK1   BANK3   BANK2
   979 ;;      Params:         4       0       0       0       0
   980 ;;      Locals:         2       0       0       0       0
   981 ;;      Temps:          1       0       0       0       0
   982 ;;      Totals:         7       0       0       0       0
   983 ;;Total ram usage:        7 bytes
   984 ;; Hardware stack levels used:    1
   985 ;; This function calls:
   986 ;;		Nothing
   987 ;; This function is called by:
   988 ;;		_call
   989 ;; This function uses a non-reentrant model
   990 ;;
   991                           psect	text199
   992                           	file	"C:\Program Files (x86)\HI-TECH Software\PICC\9.81\sources\awmod.c"
   993                           	line	5
   994                           	global	__size_of___awmod
   995  0066                     	__size_of___awmod	equ	__end_of___awmod-___awmod
   996                           	
   997  069F                     ___awmod:	
   998                           	opt	stack 6
   999                           ; Regs used in ___awmod: [wreg+status,2+status,0]
  1000                           	line	8
  1001                           	
  1002  069F                     l2060:	
  1003  069F  01F6               	clrf	(___awmod@sign)
  1004                           	line	9
  1005  06A0  1FF3               	btfss	(___awmod@dividend+1),7
  1006  06A1  2EA3               	goto	u2361
  1007  06A2  2EA4               	goto	u2360
  1008  06A3                     u2361:
  1009  06A3  2EAD               	goto	l2064
  1010  06A4                     u2360:
  1011                           	line	10
  1012                           	
  1013  06A4                     l2062:	
  1014  06A4  09F2               	comf	(___awmod@dividend),f
  1015  06A5  09F3               	comf	(___awmod@dividend+1),f
  1016  06A6  0AF2               	incf	(___awmod@dividend),f
  1017  06A7  1903               	skipnz
  1018  06A8  0AF3               	incf	(___awmod@dividend+1),f
  1019                           	line	11
  1020  06A9  01F6               	clrf	(___awmod@sign)
  1021  06AA  1403               	bsf	status,0
  1022  06AB  0DF6               	rlf	(___awmod@sign),f
  1023  06AC  2EAD               	goto	l2064
  1024                           	line	12
  1025                           	
  1026  06AD                     l948:	
  1027                           	line	13
  1028                           	
  1029  06AD                     l2064:	
  1030  06AD  1FF1               	btfss	(___awmod@divisor+1),7
  1031  06AE  2EB0               	goto	u2371
  1032  06AF  2EB1               	goto	u2370
  1033  06B0                     u2371:
  1034  06B0  2EB7               	goto	l2068
  1035  06B1                     u2370:
  1036                           	line	14
  1037                           	
  1038  06B1                     l2066:	
  1039  06B1  09F0               	comf	(___awmod@divisor),f
  1040  06B2  09F1               	comf	(___awmod@divisor+1),f
  1041  06B3  0AF0               	incf	(___awmod@divisor),f
  1042  06B4  1903               	skipnz
  1043  06B5  0AF1               	incf	(___awmod@divisor+1),f
  1044  06B6  2EB7               	goto	l2068
  1045                           	
  1046  06B7                     l949:	
  1047                           	line	15
  1048                           	
  1049  06B7                     l2068:	
  1050  06B7  0871               	movf	(___awmod@divisor+1),w
  1051  06B8  0470               	iorwf	(___awmod@divisor),w
  1052  06B9  1903               	skipnz
  1053  06BA  2EBC               	goto	u2381
  1054  06BB  2EBD               	goto	u2380
  1055  06BC                     u2381:
  1056  06BC  2EF3               	goto	l2086
  1057  06BD                     u2380:
  1058                           	line	16
  1059                           	
  1060  06BD                     l2070:	
  1061  06BD  01F5               	clrf	(___awmod@counter)
  1062  06BE  1403               	bsf	status,0
  1063  06BF  0DF5               	rlf	(___awmod@counter),f
  1064                           	line	17
  1065  06C0  2ECD               	goto	l2076
  1066                           	
  1067  06C1                     l952:	
  1068                           	line	18
  1069                           	
  1070  06C1                     l2072:	
  1071  06C1  3001               	movlw	01h
  1072                           	
  1073  06C2                     u2395:
  1074  06C2  1003               	clrc
  1075  06C3  0DF0               	rlf	(___awmod@divisor),f
  1076  06C4  0DF1               	rlf	(___awmod@divisor+1),f
  1077  06C5  3EFF               	addlw	-1
  1078  06C6  1D03               	skipz
  1079  06C7  2EC2               	goto	u2395
  1080                           	line	19
  1081                           	
  1082  06C8                     l2074:	
  1083  06C8  3001               	movlw	(01h)
  1084  06C9  00F4               	movwf	(??___awmod+0)+0
  1085  06CA  0874               	movf	(??___awmod+0)+0,w
  1086  06CB  07F5               	addwf	(___awmod@counter),f
  1087  06CC  2ECD               	goto	l2076
  1088                           	line	20
  1089                           	
  1090  06CD                     l951:	
  1091                           	line	17
  1092                           	
  1093  06CD                     l2076:	
  1094  06CD  1FF1               	btfss	(___awmod@divisor+1),(15)&7
  1095  06CE  2ED0               	goto	u2401
  1096  06CF  2ED1               	goto	u2400
  1097  06D0                     u2401:
  1098  06D0  2EC1               	goto	l2072
  1099  06D1                     u2400:
  1100  06D1  2ED3               	goto	l2078
  1101                           	
  1102  06D2                     l953:	
  1103  06D2  2ED3               	goto	l2078
  1104                           	line	21
  1105                           	
  1106  06D3                     l954:	
  1107                           	line	22
  1108                           	
  1109  06D3                     l2078:	
  1110  06D3  0871               	movf	(___awmod@divisor+1),w
  1111  06D4  0273               	subwf	(___awmod@dividend+1),w
  1112  06D5  1D03               	skipz
  1113  06D6  2ED9               	goto	u2415
  1114  06D7  0870               	movf	(___awmod@divisor),w
  1115  06D8  0272               	subwf	(___awmod@dividend),w
  1116  06D9                     u2415:
  1117  06D9  1C03               	skipc
  1118  06DA  2EDC               	goto	u2411
  1119  06DB  2EDD               	goto	u2410
  1120  06DC                     u2411:
  1121  06DC  2EE4               	goto	l2082
  1122  06DD                     u2410:
  1123                           	line	23
  1124                           	
  1125  06DD                     l2080:	
  1126  06DD  0870               	movf	(___awmod@divisor),w
  1127  06DE  02F2               	subwf	(___awmod@dividend),f
  1128  06DF  0871               	movf	(___awmod@divisor+1),w
  1129  06E0  1C03               	skipc
  1130  06E1  03F3               	decf	(___awmod@dividend+1),f
  1131  06E2  02F3               	subwf	(___awmod@dividend+1),f
  1132  06E3  2EE4               	goto	l2082
  1133                           	
  1134  06E4                     l955:	
  1135                           	line	24
  1136                           	
  1137  06E4                     l2082:	
  1138  06E4  3001               	movlw	01h
  1139                           	
  1140  06E5                     u2425:
  1141  06E5  1003               	clrc
  1142  06E6  0CF1               	rrf	(___awmod@divisor+1),f
  1143  06E7  0CF0               	rrf	(___awmod@divisor),f
  1144  06E8  3EFF               	addlw	-1
  1145  06E9  1D03               	skipz
  1146  06EA  2EE5               	goto	u2425
  1147                           	line	25
  1148                           	
  1149  06EB                     l2084:	
  1150  06EB  3001               	movlw	low(01h)
  1151  06EC  02F5               	subwf	(___awmod@counter),f
  1152  06ED  1D03               	btfss	status,2
  1153  06EE  2EF0               	goto	u2431
  1154  06EF  2EF1               	goto	u2430
  1155  06F0                     u2431:
  1156  06F0  2ED3               	goto	l2078
  1157  06F1                     u2430:
  1158  06F1  2EF3               	goto	l2086
  1159                           	
  1160  06F2                     l956:	
  1161  06F2  2EF3               	goto	l2086
  1162                           	line	26
  1163                           	
  1164  06F3                     l950:	
  1165                           	line	27
  1166                           	
  1167  06F3                     l2086:	
  1168  06F3  0876               	movf	(___awmod@sign),w
  1169  06F4  1D03               	skipz
  1170  06F5  2EF7               	goto	u2440
  1171  06F6  2EFD               	goto	l2090
  1172  06F7                     u2440:
  1173                           	line	28
  1174                           	
  1175  06F7                     l2088:	
  1176  06F7  09F2               	comf	(___awmod@dividend),f
  1177  06F8  09F3               	comf	(___awmod@dividend+1),f
  1178  06F9  0AF2               	incf	(___awmod@dividend),f
  1179  06FA  1903               	skipnz
  1180  06FB  0AF3               	incf	(___awmod@dividend+1),f
  1181  06FC  2EFD               	goto	l2090
  1182                           	
  1183  06FD                     l957:	
  1184                           	line	29
  1185                           	
  1186  06FD                     l2090:	
  1187  06FD  0873               	movf	(___awmod@dividend+1),w
  1188  06FE  01F1               	clrf	(?___awmod+1)
  1189  06FF  07F1               	addwf	(?___awmod+1)
  1190  0700  0872               	movf	(___awmod@dividend),w
  1191  0701  01F0               	clrf	(?___awmod)
  1192  0702  07F0               	addwf	(?___awmod)
  1193                           
  1194  0703  2F04               	goto	l958
  1195                           	
  1196  0704                     l2092:	
  1197                           	line	30
  1198                           	
  1199  0704                     l958:	
  1200  0704  0008               	return
  1201                           	opt stack 0
  1202                           GLOBAL	__end_of___awmod
  1203  0705                     	__end_of___awmod:
  1204 ;; =============== function ___awmod ends ============
  1205                           
  1206                           	signat	___awmod,8314
  1207                           	global	___awdiv
  1208                           psect	text200,local,class=CODE,delta=2
  1209                           global __ptext200
  1210  0705                     __ptext200:
  1211                           
  1212 ;; *************** function ___awdiv *****************
  1213 ;; Defined at:
  1214 ;;		line 5 in file "C:\Program Files (x86)\HI-TECH Software\PICC\9.81\sources\awdiv.c"
  1215 ;; Parameters:    Size  Location     Type
  1216 ;;  divisor         2    0[COMMON] int 
  1217 ;;  dividend        2    2[COMMON] int 
  1218 ;; Auto vars:     Size  Location     Type
  1219 ;;  quotient        2    7[COMMON] int 
  1220 ;;  sign            1    6[COMMON] unsigned char 
  1221 ;;  counter         1    5[COMMON] unsigned char 
  1222 ;; Return value:  Size  Location     Type
  1223 ;;                  2    0[COMMON] int 
  1224 ;; Registers used:
  1225 ;;		wreg, status,2, status,0
  1226 ;; Tracked objects:
  1227 ;;		On entry : 0/0
  1228 ;;		On exit  : 0/0
  1229 ;;		Unchanged: 0/0
  1230 ;; Data sizes:     COMMON   BANK0   BANK1   BANK3   BANK2
  1231 ;;      Params:         4       0       0       0       0
  1232 ;;      Locals:         4       0       0       0       0
  1233 ;;      Temps:          1       0       0       0       0
  1234 ;;      Totals:         9       0       0       0       0
  1235 ;;Total ram usage:        9 bytes
  1236 ;; Hardware stack levels used:    1
  1237 ;; This function calls:
  1238 ;;		Nothing
  1239 ;; This function is called by:
  1240 ;;		_call
  1241 ;; This function uses a non-reentrant model
  1242 ;;
  1243                           psect	text200
  1244                           	file	"C:\Program Files (x86)\HI-TECH Software\PICC\9.81\sources\awdiv.c"
  1245                           	line	5
  1246                           	global	__size_of___awdiv
  1247  0074                     	__size_of___awdiv	equ	__end_of___awdiv-___awdiv
  1248                           	
  1249  0705                     ___awdiv:	
  1250                           	opt	stack 6
  1251                           ; Regs used in ___awdiv: [wreg+status,2+status,0]
  1252                           	line	9
  1253                           	
  1254  0705                     l2020:	
  1255  0705  01F6               	clrf	(___awdiv@sign)
  1256                           	line	10
  1257  0706  1FF1               	btfss	(___awdiv@divisor+1),7
  1258  0707  2F09               	goto	u2261
  1259  0708  2F0A               	goto	u2260
  1260  0709                     u2261:
  1261  0709  2F13               	goto	l2024
  1262  070A                     u2260:
  1263                           	line	11
  1264                           	
  1265  070A                     l2022:	
  1266  070A  09F0               	comf	(___awdiv@divisor),f
  1267  070B  09F1               	comf	(___awdiv@divisor+1),f
  1268  070C  0AF0               	incf	(___awdiv@divisor),f
  1269  070D  1903               	skipnz
  1270  070E  0AF1               	incf	(___awdiv@divisor+1),f
  1271                           	line	12
  1272  070F  01F6               	clrf	(___awdiv@sign)
  1273  0710  1403               	bsf	status,0
  1274  0711  0DF6               	rlf	(___awdiv@sign),f
  1275  0712  2F13               	goto	l2024
  1276                           	line	13
  1277                           	
  1278  0713                     l880:	
  1279                           	line	14
  1280                           	
  1281  0713                     l2024:	
  1282  0713  1FF3               	btfss	(___awdiv@dividend+1),7
  1283  0714  2F16               	goto	u2271
  1284  0715  2F17               	goto	u2270
  1285  0716                     u2271:
  1286  0716  2F21               	goto	l2030
  1287  0717                     u2270:
  1288                           	line	15
  1289                           	
  1290  0717                     l2026:	
  1291  0717  09F2               	comf	(___awdiv@dividend),f
  1292  0718  09F3               	comf	(___awdiv@dividend+1),f
  1293  0719  0AF2               	incf	(___awdiv@dividend),f
  1294  071A  1903               	skipnz
  1295  071B  0AF3               	incf	(___awdiv@dividend+1),f
  1296                           	line	16
  1297                           	
  1298  071C                     l2028:	
  1299  071C  3001               	movlw	(01h)
  1300  071D  00F4               	movwf	(??___awdiv+0)+0
  1301  071E  0874               	movf	(??___awdiv+0)+0,w
  1302  071F  06F6               	xorwf	(___awdiv@sign),f
  1303  0720  2F21               	goto	l2030
  1304                           	line	17
  1305                           	
  1306  0721                     l881:	
  1307                           	line	18
  1308                           	
  1309  0721                     l2030:	
  1310  0721  01F7               	clrf	(___awdiv@quotient)
  1311  0722  01F8               	clrf	(___awdiv@quotient+1)
  1312                           	line	19
  1313                           	
  1314  0723                     l2032:	
  1315  0723  0871               	movf	(___awdiv@divisor+1),w
  1316  0724  0470               	iorwf	(___awdiv@divisor),w
  1317  0725  1903               	skipnz
  1318  0726  2F28               	goto	u2281
  1319  0727  2F29               	goto	u2280
  1320  0728                     u2281:
  1321  0728  2F67               	goto	l2052
  1322  0729                     u2280:
  1323                           	line	20
  1324                           	
  1325  0729                     l2034:	
  1326  0729  01F5               	clrf	(___awdiv@counter)
  1327  072A  1403               	bsf	status,0
  1328  072B  0DF5               	rlf	(___awdiv@counter),f
  1329                           	line	21
  1330  072C  2F39               	goto	l2040
  1331                           	
  1332  072D                     l884:	
  1333                           	line	22
  1334                           	
  1335  072D                     l2036:	
  1336  072D  3001               	movlw	01h
  1337                           	
  1338  072E                     u2295:
  1339  072E  1003               	clrc
  1340  072F  0DF0               	rlf	(___awdiv@divisor),f
  1341  0730  0DF1               	rlf	(___awdiv@divisor+1),f
  1342  0731  3EFF               	addlw	-1
  1343  0732  1D03               	skipz
  1344  0733  2F2E               	goto	u2295
  1345                           	line	23
  1346                           	
  1347  0734                     l2038:	
  1348  0734  3001               	movlw	(01h)
  1349  0735  00F4               	movwf	(??___awdiv+0)+0
  1350  0736  0874               	movf	(??___awdiv+0)+0,w
  1351  0737  07F5               	addwf	(___awdiv@counter),f
  1352  0738  2F39               	goto	l2040
  1353                           	line	24
  1354                           	
  1355  0739                     l883:	
  1356                           	line	21
  1357                           	
  1358  0739                     l2040:	
  1359  0739  1FF1               	btfss	(___awdiv@divisor+1),(15)&7
  1360  073A  2F3C               	goto	u2301
  1361  073B  2F3D               	goto	u2300
  1362  073C                     u2301:
  1363  073C  2F2D               	goto	l2036
  1364  073D                     u2300:
  1365  073D  2F3F               	goto	l2042
  1366                           	
  1367  073E                     l885:	
  1368  073E  2F3F               	goto	l2042
  1369                           	line	25
  1370                           	
  1371  073F                     l886:	
  1372                           	line	26
  1373                           	
  1374  073F                     l2042:	
  1375  073F  3001               	movlw	01h
  1376                           	
  1377  0740                     u2315:
  1378  0740  1003               	clrc
  1379  0741  0DF7               	rlf	(___awdiv@quotient),f
  1380  0742  0DF8               	rlf	(___awdiv@quotient+1),f
  1381  0743  3EFF               	addlw	-1
  1382  0744  1D03               	skipz
  1383  0745  2F40               	goto	u2315
  1384                           	line	27
  1385  0746  0871               	movf	(___awdiv@divisor+1),w
  1386  0747  0273               	subwf	(___awdiv@dividend+1),w
  1387  0748  1D03               	skipz
  1388  0749  2F4C               	goto	u2325
  1389  074A  0870               	movf	(___awdiv@divisor),w
  1390  074B  0272               	subwf	(___awdiv@dividend),w
  1391  074C                     u2325:
  1392  074C  1C03               	skipc
  1393  074D  2F4F               	goto	u2321
  1394  074E  2F50               	goto	u2320
  1395  074F                     u2321:
  1396  074F  2F58               	goto	l2048
  1397  0750                     u2320:
  1398                           	line	28
  1399                           	
  1400  0750                     l2044:	
  1401  0750  0870               	movf	(___awdiv@divisor),w
  1402  0751  02F2               	subwf	(___awdiv@dividend),f
  1403  0752  0871               	movf	(___awdiv@divisor+1),w
  1404  0753  1C03               	skipc
  1405  0754  03F3               	decf	(___awdiv@dividend+1),f
  1406  0755  02F3               	subwf	(___awdiv@dividend+1),f
  1407                           	line	29
  1408                           	
  1409  0756                     l2046:	
  1410  0756  1477               	bsf	(___awdiv@quotient)+(0/8),(0)&7
  1411  0757  2F58               	goto	l2048
  1412                           	line	30
  1413                           	
  1414  0758                     l887:	
  1415                           	line	31
  1416                           	
  1417  0758                     l2048:	
  1418  0758  3001               	movlw	01h
  1419                           	
  1420  0759                     u2335:
  1421  0759  1003               	clrc
  1422  075A  0CF1               	rrf	(___awdiv@divisor+1),f
  1423  075B  0CF0               	rrf	(___awdiv@divisor),f
  1424  075C  3EFF               	addlw	-1
  1425  075D  1D03               	skipz
  1426  075E  2F59               	goto	u2335
  1427                           	line	32
  1428                           	
  1429  075F                     l2050:	
  1430  075F  3001               	movlw	low(01h)
  1431  0760  02F5               	subwf	(___awdiv@counter),f
  1432  0761  1D03               	btfss	status,2
  1433  0762  2F64               	goto	u2341
  1434  0763  2F65               	goto	u2340
  1435  0764                     u2341:
  1436  0764  2F3F               	goto	l2042
  1437  0765                     u2340:
  1438  0765  2F67               	goto	l2052
  1439                           	
  1440  0766                     l888:	
  1441  0766  2F67               	goto	l2052
  1442                           	line	33
  1443                           	
  1444  0767                     l882:	
  1445                           	line	34
  1446                           	
  1447  0767                     l2052:	
  1448  0767  0876               	movf	(___awdiv@sign),w
  1449  0768  1D03               	skipz
  1450  0769  2F6B               	goto	u2350
  1451  076A  2F71               	goto	l2056
  1452  076B                     u2350:
  1453                           	line	35
  1454                           	
  1455  076B                     l2054:	
  1456  076B  09F7               	comf	(___awdiv@quotient),f
  1457  076C  09F8               	comf	(___awdiv@quotient+1),f
  1458  076D  0AF7               	incf	(___awdiv@quotient),f
  1459  076E  1903               	skipnz
  1460  076F  0AF8               	incf	(___awdiv@quotient+1),f
  1461  0770  2F71               	goto	l2056
  1462                           	
  1463  0771                     l889:	
  1464                           	line	36
  1465                           	
  1466  0771                     l2056:	
  1467  0771  0878               	movf	(___awdiv@quotient+1),w
  1468  0772  01F1               	clrf	(?___awdiv+1)
  1469  0773  07F1               	addwf	(?___awdiv+1)
  1470  0774  0877               	movf	(___awdiv@quotient),w
  1471  0775  01F0               	clrf	(?___awdiv)
  1472  0776  07F0               	addwf	(?___awdiv)
  1473                           
  1474  0777  2F78               	goto	l890
  1475                           	
  1476  0778                     l2058:	
  1477                           	line	37
  1478                           	
  1479  0778                     l890:	
  1480  0778  0008               	return
  1481                           	opt stack 0
  1482                           GLOBAL	__end_of___awdiv
  1483  0779                     	__end_of___awdiv:
  1484 ;; =============== function ___awdiv ends ============
  1485                           
  1486                           	signat	___awdiv,8314
  1487                           	global	_uart_tx
  1488                           psect	text201,local,class=CODE,delta=2
  1489                           global __ptext201
  1490  05AA                     __ptext201:
  1491                           
  1492 ;; *************** function _uart_tx *****************
  1493 ;; Defined at:
  1494 ;;		line 61 in file "C:\Users\M_A_N_I\Documents\GitHub\PIC16F877A\Example_programs\ASSignments\TUP\MPLAB\TUP\TUP.c"
  1495 ;; Parameters:    Size  Location     Type
  1496 ;;  val             1    wreg     unsigned char 
  1497 ;; Auto vars:     Size  Location     Type
  1498 ;;  val             1    0[COMMON] unsigned char 
  1499 ;; Return value:  Size  Location     Type
  1500 ;;		None               void
  1501 ;; Registers used:
  1502 ;;		wreg
  1503 ;; Tracked objects:
  1504 ;;		On entry : 0/0
  1505 ;;		On exit  : 0/0
  1506 ;;		Unchanged: 0/0
  1507 ;; Data sizes:     COMMON   BANK0   BANK1   BANK3   BANK2
  1508 ;;      Params:         0       0       0       0       0
  1509 ;;      Locals:         1       0       0       0       0
  1510 ;;      Temps:          0       0       0       0       0
  1511 ;;      Totals:         1       0       0       0       0
  1512 ;;Total ram usage:        1 bytes
  1513 ;; Hardware stack levels used:    1
  1514 ;; This function calls:
  1515 ;;		Nothing
  1516 ;; This function is called by:
  1517 ;;		_print_uart
  1518 ;;		_call
  1519 ;; This function uses a non-reentrant model
  1520 ;;
  1521                           psect	text201
  1522                           	file	"C:\Users\M_A_N_I\Documents\GitHub\PIC16F877A\Example_programs\ASSignments\TUP\MPL
                                 AB\TUP\TUP.c"
  1523                           	line	61
  1524                           	global	__size_of_uart_tx
  1525  000C                     	__size_of_uart_tx	equ	__end_of_uart_tx-_uart_tx
  1526                           	
  1527  05AA                     _uart_tx:	
  1528                           	opt	stack 6
  1529                           ; Regs used in _uart_tx: [wreg]
  1530                           ;uart_tx@val stored from wreg
  1531  05AA  00F0               	movwf	(uart_tx@val)
  1532                           	line	62
  1533                           	
  1534  05AB                     l2018:	
  1535                           ;TUP.c: 62: TXREG = val;
  1536  05AB  0870               	movf	(uart_tx@val),w
  1537  05AC  1283               	bcf	status, 5	;RP0=0, select bank0
  1538  05AD  1303               	bcf	status, 6	;RP1=0, select bank0
  1539  05AE  0099               	movwf	(25)	;volatile
  1540                           	line	63
  1541                           ;TUP.c: 63: while(TXIF == 0);
  1542  05AF  2DB0               	goto	l711
  1543                           	
  1544  05B0                     l712:	
  1545                           	
  1546  05B0                     l711:	
  1547  05B0  1E0C               	btfss	(100/8),(100)&7
  1548  05B1  2DB3               	goto	u2251
  1549  05B2  2DB4               	goto	u2250
  1550  05B3                     u2251:
  1551  05B3  2DB0               	goto	l711
  1552  05B4                     u2250:
  1553                           	
  1554  05B4                     l713:	
  1555                           	line	64
  1556                           ;TUP.c: 64: TXIF = 0;
  1557  05B4  120C               	bcf	(100/8),(100)&7
  1558                           	line	65
  1559                           	
  1560  05B5                     l714:	
  1561  05B5  0008               	return
  1562                           	opt stack 0
  1563                           GLOBAL	__end_of_uart_tx
  1564  05B6                     	__end_of_uart_tx:
  1565 ;; =============== function _uart_tx ends ============
  1566                           
  1567                           	signat	_uart_tx,4216
  1568                           	global	_uart_init
  1569                           psect	text202,local,class=CODE,delta=2
  1570                           global __ptext202
  1571  05D5                     __ptext202:
  1572                           
  1573 ;; *************** function _uart_init *****************
  1574 ;; Defined at:
  1575 ;;		line 68 in file "C:\Users\M_A_N_I\Documents\GitHub\PIC16F877A\Example_programs\ASSignments\TUP\MPLAB\TUP\TUP.c"
  1576 ;; Parameters:    Size  Location     Type
  1577 ;;		None
  1578 ;; Auto vars:     Size  Location     Type
  1579 ;;		None
  1580 ;; Return value:  Size  Location     Type
  1581 ;;		None               void
  1582 ;; Registers used:
  1583 ;;		wreg, status,2
  1584 ;; Tracked objects:
  1585 ;;		On entry : 0/0
  1586 ;;		On exit  : 0/0
  1587 ;;		Unchanged: 0/0
  1588 ;; Data sizes:     COMMON   BANK0   BANK1   BANK3   BANK2
  1589 ;;      Params:         0       0       0       0       0
  1590 ;;      Locals:         0       0       0       0       0
  1591 ;;      Temps:          0       0       0       0       0
  1592 ;;      Totals:         0       0       0       0       0
  1593 ;;Total ram usage:        0 bytes
  1594 ;; Hardware stack levels used:    1
  1595 ;; This function calls:
  1596 ;;		Nothing
  1597 ;; This function is called by:
  1598 ;;		_main
  1599 ;; This function uses a non-reentrant model
  1600 ;;
  1601                           psect	text202
  1602                           	file	"C:\Users\M_A_N_I\Documents\GitHub\PIC16F877A\Example_programs\ASSignments\TUP\MPL
                                 AB\TUP\TUP.c"
  1603                           	line	68
  1604                           	global	__size_of_uart_init
  1605  0013                     	__size_of_uart_init	equ	__end_of_uart_init-_uart_init
  1606                           	
  1607  05D5                     _uart_init:	
  1608                           	opt	stack 7
  1609                           ; Regs used in _uart_init: [wreg+status,2]
  1610                           	line	69
  1611                           	
  1612  05D5                     l2004:	
  1613                           ;TUP.c: 69: TRISC6 = 0;
  1614  05D5  1683               	bsf	status, 5	;RP0=1, select bank1
  1615  05D6  1303               	bcf	status, 6	;RP1=0, select bank1
  1616  05D7  1307               	bcf	(1086/8)^080h,(1086)&7
  1617                           	line	70
  1618                           ;TUP.c: 70: TRISC7 = 1;
  1619  05D8  1787               	bsf	(1087/8)^080h,(1087)&7
  1620                           	line	71
  1621                           	
  1622  05D9                     l2006:	
  1623                           ;TUP.c: 71: TXSTA = 0X00;
  1624  05D9  0198               	clrf	(152)^080h	;volatile
  1625                           	line	72
  1626                           ;TUP.c: 72: RCSTA = 0X00;
  1627  05DA  1283               	bcf	status, 5	;RP0=0, select bank0
  1628  05DB  1303               	bcf	status, 6	;RP1=0, select bank0
  1629  05DC  0198               	clrf	(24)	;volatile
  1630                           	line	73
  1631                           	
  1632  05DD                     l2008:	
  1633                           ;TUP.c: 73: SPBRG = 31;
  1634  05DD  301F               	movlw	(01Fh)
  1635  05DE  1683               	bsf	status, 5	;RP0=1, select bank1
  1636  05DF  1303               	bcf	status, 6	;RP1=0, select bank1
  1637  05E0  0099               	movwf	(153)^080h	;volatile
  1638                           	line	74
  1639                           	
  1640  05E1                     l2010:	
  1641                           ;TUP.c: 74: TXEN = 1;
  1642  05E1  1698               	bsf	(1221/8)^080h,(1221)&7
  1643                           	line	75
  1644                           	
  1645  05E2                     l2012:	
  1646                           ;TUP.c: 75: SPEN = 1;
  1647  05E2  1283               	bcf	status, 5	;RP0=0, select bank0
  1648  05E3  1303               	bcf	status, 6	;RP1=0, select bank0
  1649  05E4  1798               	bsf	(199/8),(199)&7
  1650                           	line	76
  1651                           	
  1652  05E5                     l2014:	
  1653                           ;TUP.c: 76: TXIF = 0;
  1654  05E5  120C               	bcf	(100/8),(100)&7
  1655                           	line	77
  1656                           	
  1657  05E6                     l2016:	
  1658                           ;TUP.c: 77: RCIF = 0;
  1659  05E6  128C               	bcf	(101/8),(101)&7
  1660                           	line	78
  1661                           	
  1662  05E7                     l717:	
  1663  05E7  0008               	return
  1664                           	opt stack 0
  1665                           GLOBAL	__end_of_uart_init
  1666  05E8                     	__end_of_uart_init:
  1667 ;; =============== function _uart_init ends ============
  1668                           
  1669                           	signat	_uart_init,88
  1670                           	global	_delay
  1671                           psect	text203,local,class=CODE,delta=2
  1672                           global __ptext203
  1673  062D                     __ptext203:
  1674                           
  1675 ;; *************** function _delay *****************
  1676 ;; Defined at:
  1677 ;;		line 28 in file "C:\Users\M_A_N_I\Documents\GitHub\PIC16F877A\Example_programs\ASSignments\TUP\MPLAB\TUP\TUP.c"
  1678 ;; Parameters:    Size  Location     Type
  1679 ;;		None
  1680 ;; Auto vars:     Size  Location     Type
  1681 ;;  k               2    0[COMMON] int 
  1682 ;; Return value:  Size  Location     Type
  1683 ;;		None               void
  1684 ;; Registers used:
  1685 ;;		wreg, status,2, btemp+1
  1686 ;; Tracked objects:
  1687 ;;		On entry : 0/0
  1688 ;;		On exit  : 0/0
  1689 ;;		Unchanged: 0/0
  1690 ;; Data sizes:     COMMON   BANK0   BANK1   BANK3   BANK2
  1691 ;;      Params:         0       0       0       0       0
  1692 ;;      Locals:         2       0       0       0       0
  1693 ;;      Temps:          0       0       0       0       0
  1694 ;;      Totals:         2       0       0       0       0
  1695 ;;Total ram usage:        2 bytes
  1696 ;; Hardware stack levels used:    1
  1697 ;; This function calls:
  1698 ;;		Nothing
  1699 ;; This function is called by:
  1700 ;;		_main
  1701 ;; This function uses a non-reentrant model
  1702 ;;
  1703                           psect	text203
  1704                           	file	"C:\Users\M_A_N_I\Documents\GitHub\PIC16F877A\Example_programs\ASSignments\TUP\MPL
                                 AB\TUP\TUP.c"
  1705                           	line	28
  1706                           	global	__size_of_delay
  1707  0036                     	__size_of_delay	equ	__end_of_delay-_delay
  1708                           	
  1709  062D                     _delay:	
  1710                           	opt	stack 7
  1711                           ; Regs used in _delay: [wreg+status,2+btemp+1]
  1712                           	line	29
  1713                           	
  1714  062D                     l1990:	
  1715                           ;TUP.c: 29: for(int k = 0; k<5; k++)
  1716  062D  01F0               	clrf	(delay@k)
  1717  062E  01F1               	clrf	(delay@k+1)
  1718                           	
  1719  062F                     l1992:	
  1720  062F  0871               	movf	(delay@k+1),w
  1721  0630  3A80               	xorlw	80h
  1722  0631  00FF               	movwf	btemp+1
  1723  0632  3080               	movlw	(high(05h))^80h
  1724  0633  027F               	subwf	btemp+1,w
  1725  0634  1D03               	skipz
  1726  0635  2E38               	goto	u2225
  1727  0636  3005               	movlw	low(05h)
  1728  0637  0270               	subwf	(delay@k),w
  1729  0638                     u2225:
  1730                           
  1731  0638  1C03               	skipc
  1732  0639  2E3B               	goto	u2221
  1733  063A  2E3C               	goto	u2220
  1734  063B                     u2221:
  1735  063B  2E3E               	goto	l697
  1736  063C                     u2220:
  1737  063C  2E62               	goto	l702
  1738                           	
  1739  063D                     l1994:	
  1740  063D  2E62               	goto	l702
  1741                           	line	30
  1742                           	
  1743  063E                     l697:	
  1744                           	line	31
  1745                           ;TUP.c: 30: {
  1746                           ;TUP.c: 31: TMR1CS = 0;
  1747  063E  1283               	bcf	status, 5	;RP0=0, select bank0
  1748  063F  1303               	bcf	status, 6	;RP1=0, select bank0
  1749  0640  1090               	bcf	(129/8),(129)&7
  1750                           	line	32
  1751                           ;TUP.c: 32: T1CKPS1 = 1;
  1752  0641  1690               	bsf	(133/8),(133)&7
  1753                           	line	33
  1754                           ;TUP.c: 33: T1CKPS0 = 1;
  1755  0642  1610               	bsf	(132/8),(132)&7
  1756                           	line	34
  1757                           	
  1758  0643                     l1996:	
  1759                           ;TUP.c: 34: TMR1H = 0X0B;
  1760  0643  300B               	movlw	(0Bh)
  1761  0644  008F               	movwf	(15)	;volatile
  1762                           	line	35
  1763                           ;TUP.c: 35: TMR1L = 0XDB;
  1764  0645  30DB               	movlw	(0DBh)
  1765  0646  008E               	movwf	(14)	;volatile
  1766                           	line	36
  1767                           	
  1768  0647                     l1998:	
  1769                           ;TUP.c: 36: TMR1ON = 1;
  1770  0647  1410               	bsf	(128/8),(128)&7
  1771                           	line	37
  1772                           ;TUP.c: 37: while(!TMR1IF);
  1773  0648  2E49               	goto	l699
  1774                           	
  1775  0649                     l700:	
  1776                           	
  1777  0649                     l699:	
  1778  0649  1C0C               	btfss	(96/8),(96)&7
  1779  064A  2E4C               	goto	u2231
  1780  064B  2E4D               	goto	u2230
  1781  064C                     u2231:
  1782  064C  2E49               	goto	l699
  1783  064D                     u2230:
  1784                           	
  1785  064D                     l701:	
  1786                           	line	38
  1787                           ;TUP.c: 38: TMR1IF = 0;
  1788  064D  100C               	bcf	(96/8),(96)&7
  1789                           	line	29
  1790                           	
  1791  064E                     l2000:	
  1792  064E  3001               	movlw	low(01h)
  1793  064F  07F0               	addwf	(delay@k),f
  1794  0650  1803               	skipnc
  1795  0651  0AF1               	incf	(delay@k+1),f
  1796  0652  3000               	movlw	high(01h)
  1797  0653  07F1               	addwf	(delay@k+1),f
  1798                           	
  1799  0654                     l2002:	
  1800  0654  0871               	movf	(delay@k+1),w
  1801  0655  3A80               	xorlw	80h
  1802  0656  00FF               	movwf	btemp+1
  1803  0657  3080               	movlw	(high(05h))^80h
  1804  0658  027F               	subwf	btemp+1,w
  1805  0659  1D03               	skipz
  1806  065A  2E5D               	goto	u2245
  1807  065B  3005               	movlw	low(05h)
  1808  065C  0270               	subwf	(delay@k),w
  1809  065D                     u2245:
  1810                           
  1811  065D  1C03               	skipc
  1812  065E  2E60               	goto	u2241
  1813  065F  2E61               	goto	u2240
  1814  0660                     u2241:
  1815  0660  2E3E               	goto	l697
  1816  0661                     u2240:
  1817  0661  2E62               	goto	l702
  1818                           	
  1819  0662                     l698:	
  1820                           	line	40
  1821                           	
  1822  0662                     l702:	
  1823  0662  0008               	return
  1824                           	opt stack 0
  1825                           GLOBAL	__end_of_delay
  1826  0663                     	__end_of_delay:
  1827 ;; =============== function _delay ends ============
  1828                           
  1829                           	signat	_delay,88
  1830                           psect	text204,local,class=CODE,delta=2
  1831                           global __ptext204
  1832  0000                     __ptext204:
  1833                           	global	btemp
  1834  007E                     	btemp set 07Eh
  1835                           
  1836                           	DABS	1,126,2	;btemp
  1837                           	global	wtemp0
  1838  007E                     	wtemp0 set btemp


HI-TECH Software PICC Macro Assembler V9.81 build 7503 
Symbol Table                                                                                   Tue Aug 20 05:12:22 2019

                   _i 007C                     pc 0002          ___awdiv@sign 0076                    fsr 0004  
                 l700 0649                   l701 064D                   l702 0662                   l711 05B0  
                 l712 05B0                   l720 05F8                   l713 05B4                   l721 05EA  
                 l705 066C                   l714 05B5                   l722 0601                   l730 07FF  
                 l706 069B                   l723 0601                   l731 07FF                   l707 069C  
                 l708 069C                   l717 05E7                   l726 07C4                   l727 0784  
                 l728 07CB                   l729 07DF                   l950 06F3                   l951 06CD  
                 l880 0713                   l952 06C1                   l697 063E                   l881 0721  
                 l953 06D2                   l698 0662                   l890 0778                   l882 0767  
                 l954 06D3                   l699 0649                   l883 0739                   l955 06E4  
                 l884 072D                   l956 06F2                   l948 06AD                   l885 073E  
                 l957 06FD                   l949 06B7                   l886 073F                   l958 0704  
                 l887 0758                   l888 0766                   l889 0771                   fsr0 0004  
                 indf 0000          ___awmod@sign 0076                  l2000 064E                  l2002 0654  
                l2010 05E1                  l2012 05E2                  l2004 05D5                  l2020 0705  
                l2100 05F8                  l2014 05E5                  l2006 05D9                  l2030 0721  
                l2022 070A                  l2110 07A6                  l2102 0779                  l2016 05E6  
                l2008 05DD                  l2040 0739                  l2032 0723                  l2024 0713  
                l2120 07DE                  l2112 07BD                  l2104 077D                  l2018 05AB  
                l2050 075F                  l2042 073F                  l2034 0729                  l2026 0717  
                l2122 07DF                  l2106 0784                  l2114 07C4                  l2130 0668  
                l2044 0750                  l2036 072D                  l2052 0767                  l2028 071C  
                l2060 069F                  l2124 07EC                  l2116 07CB                  l2108 079B  
                l2140 067D                  l2132 066C                  l2054 076B                  l2046 0756  
                l2038 0734                  l2070 06BD                  l2062 06A4                  l2126 07F4  
                l2118 07D3                  l2142 0683                  l2134 0671                  l2056 0771  
                l2048 0758                  l2080 06DD                  l2072 06C1                  l2064 06AD  
                l2144 068E                  l2136 0675                  l2128 0663                  l2058 0778  
                l2090 06FD                  l2082 06E4                  l2074 06C8                  l2066 06B1  
                l2146 0694                  l2138 067A                  l2092 0704                  l2084 06EB  
                l2076 06CD                  l2068 06B7                  l2078 06D3                  l2086 06F3  
                l2094 05E9                  l2088 06F7                  l2096 05EA                  l2098 05F3  
                l1990 062D                  l1992 062F                  l1994 063D                  l1996 0643  
                l1998 0647                  u2220 063C                  u2300 073D                  u2221 063B  
                u2301 073C                  u2230 064D                  u2231 064C                  u2240 0661  
                u2320 0750                  u2400 06D1                  u2241 0660                  u2225 0638  
                u2321 074F                  u2401 06D0                  u2250 05B4                  u2410 06DD  
                u2251 05B3                  u2315 0740                  u2411 06DC                  u2340 0765  
                u2260 070A                  u2245 065D                  u2341 0764                  u2325 074C  
                u2261 0709                  u2350 076B                  u2270 0717                  u2430 06F1  
                u2335 0759                  u2271 0716                  u2431 06F0                  u2415 06D9  
                u2280 0729                  u2440 06F7                  u2360 06A4                  u2281 0728  
                u2425 06E5                  u2361 06A3                  u2370 06B1                  u2450 0600  
                u2371 06B0                  u2451 05FF                  u2380 06BD                  u2460 07CA  
                u2381 06BC                  u2461 07C9                  u2470 07DD                  u2295 072E  
                u2471 07DC                  u2480 07FE                  u2481 07FD                  u2395 06C2  
                u2475 07D9                  u2485 07FA                  _RCIF 0065                  _SPEN 00C7  
                _TXEN 04C5                  _TXIF 0064                  _call 0779                  _main 0663  
                btemp 007E                  start 0000                 ?_call 0079                 ?_main 0070  
     __end_of___awdiv 0779       __end_of___awmod 0705       ___awdiv@divisor 0070       ___awdiv@counter 0075  
               _RCSTA 0018                 _TMR1H 000F                 _TMR1L 000E                 _SPBRG 0099  
               _PORTB 0006                 _TXREG 0019                 _TXSTA 0098                 _delay 062D  
               call@i 0079                 call@j 005C                 pclath 000A       __end_of_uart_tx 05B6  
               status 0003                 wtemp0 007E          __end_of_call 0800          __end_of_main 069F  
       print_uart@str 0072                ??_call 007B                ??_main 007C                ?_delay 0070  
    ___awdiv@dividend 0072                _TMR1IF 0060                _TMR1CS 0081                _TMR1ON 0080  
              _TRISB7 0437                _TRISC6 043E                _TRISC7 043F             ??___awdiv 0074  
           ??___awmod 0074                delay@k 0070      ___awdiv@quotient 0077       ___awmod@divisor 0070  
     ___awmod@counter 0075          __pdataCOMMON 007C             ??_uart_tx 0070        __pcstackCOMMON 0070  
        __pidataBANK0 059F          __pidataBANK1 05B6         __end_of_delay 0663               ??_delay 0070  
          __pmaintext 0663               _T1CKPS0 0084               _T1CKPS1 0085    __size_of_uart_init 0013  
             ___awdiv 0705               ___awmod 069F               call@arr 0020      ___awmod@dividend 0072  
             _uart_tx 05AA  end_of_initialization 0629               init_ram 05C8     __end_of_uart_init 05E8  
          _print_uart 05E8            _text_uart2 0062         __pidataCOMMON 059D   start_initialization 0602  
         __pdataBANK0 0062           __pdataBANK1 00A0           ?_print_uart 0070         __pcstackBANK0 0020  
            ?___awdiv 0070             __ptext200 0705             __ptext201 05AA             __ptext202 05D5  
           __ptext203 062D             __ptext204 0000              ?___awmod 0070             __ptext197 0779  
           __ptext198 05E8             __ptext199 069F             call@count 0060              ?_uart_tx 0070  
      __size_of_delay 0036   __size_of_print_uart 001A             _uart_init 05D5            uart_tx@val 0070  
           _text_uart 00A0             init_fetch 05C4            ?_uart_init 0070      __size_of___awdiv 0074  
    __size_of___awmod 0066              call@data 005E      __size_of_uart_tx 000C         __size_of_call 0087  
       __size_of_main 003C          ??_print_uart 0071    __end_of_print_uart 0602           ??_uart_init 0070  
