

HI-TECH Software PIC LITE Macro Assembler V9.81 build 7503 
                                                                                               Sat Aug 18 19:59:36 2018

HI-TECH Software Omniscient Code Generator (Lite mode) build 7503
     1  0000                     opt subtitle "HI-TECH Software Omniscient Code Generator (Lite mode) build 7503"
     2                           
     3                           opt pagewidth 120
     4                           
     5                           	opt lm
     6                           
     7                           	processor	16F877A
     8                           clrc	macro
     9                           	bcf	3,0
    10  0000                     	endm
    11                           clrz	macro
    12                           	bcf	3,2
    13  0000                     	endm
    14                           setc	macro
    15                           	bsf	3,0
    16  0000                     	endm
    17                           setz	macro
    18                           	bsf	3,2
    19  0000                     	endm
    20                           skipc	macro
    21                           	btfss	3,0
    22  0000                     	endm
    23                           skipz	macro
    24                           	btfss	3,2
    25  0000                     	endm
    26                           skipnc	macro
    27                           	btfsc	3,0
    28  0000                     	endm
    29                           skipnz	macro
    30                           	btfsc	3,2
    31  0000                     	endm
    32  0000                     indf	equ	0
    33  0000                     indf0	equ	0
    34  0002                     pc	equ	2
    35  0002                     pcl	equ	2
    36  0003                     status	equ	3
    37  0004                     fsr	equ	4
    38  0004                     fsr0	equ	4
    39  0001                     c	equ	1
    40  0000                     z	equ	0
    41  000A                     pclath	equ	10
    42                           # 3 "C:\Users\Jeeva\Desktop\mplab\hardware\uart_lcd\uart_lcd.c"
    43                           	psect config,class=CONFIG,delta=2 ;#
    44                           # 3 "C:\Users\Jeeva\Desktop\mplab\hardware\uart_lcd\uart_lcd.c"
    45  2007  FF7A               	dw 0xFFFE & 0xFFFB & 0xFFFF & 0xFFFF & 0xFF7F ;#
    46                           	FNCALL	_main,_lcd_cmd
    47                           	FNCALL	_main,_uart_init
    48                           	FNCALL	_main,_uart_tx
    49                           	FNCALL	_main,_delay
    50                           	FNCALL	_uart_tx,_delay
    51                           	FNCALL	_lcd_cmd,_delay
    52                           	FNROOT	_main
    53                           	global	_PORTD
    54                           psect	text96,local,class=CODE,delta=2
    55                           global __ptext96
    56  0000                     __ptext96:
    57  0008                     _PORTD	set	8
    58                           	global	_RCSTA
    59  0018                     _RCSTA	set	24
    60                           	global	_TMR1H
    61  000F                     _TMR1H	set	15
    62                           	global	_TMR1L
    63  000E                     _TMR1L	set	14
    64                           	global	_TXREG
    65  0019                     _TXREG	set	25
    66                           	global	_RC0
    67  0038                     _RC0	set	56
    68                           	global	_RC1
    69  0039                     _RC1	set	57
    70                           	global	_RC2
    71  003A                     _RC2	set	58
    72                           	global	_RCIF
    73  0065                     _RCIF	set	101
    74                           	global	_SPEN
    75  00C7                     _SPEN	set	199
    76                           	global	_T1CKPS0
    77  0084                     _T1CKPS0	set	132
    78                           	global	_T1CKPS1
    79  0085                     _T1CKPS1	set	133
    80                           	global	_TMR1CS
    81  0081                     _TMR1CS	set	129
    82                           	global	_TMR1IF
    83  0060                     _TMR1IF	set	96
    84                           	global	_TMR1ON
    85  0080                     _TMR1ON	set	128
    86                           	global	_TXIF
    87  0064                     _TXIF	set	100
    88                           	global	_SPBRG
    89  0099                     _SPBRG	set	153
    90                           	global	_TRISB
    91  0086                     _TRISB	set	134
    92                           	global	_TRISC
    93  0087                     _TRISC	set	135
    94                           	global	_TRISD
    95  0088                     _TRISD	set	136
    96                           	global	_TXSTA
    97  0098                     _TXSTA	set	152
    98                           	global	_TRISC6
    99  043E                     _TRISC6	set	1086
   100                           	global	_TRISC7
   101  043F                     _TRISC7	set	1087
   102                           	global	_TXEN
   103  04C5                     _TXEN	set	1221
   104                           	file	"uart_lcd.as"
   105                           	line	#
   106                           psect cinit,class=CODE,delta=2
   107                           global start_initialization
   108  074E                     start_initialization:
   109                           
   110                           psect cinit,class=CODE,delta=2
   111                           global end_of_initialization
   112                           
   113                           ;End of C runtime variable initialization code
   114                           
   115  074E                     end_of_initialization:
   116  074E  0183               clrf status
   117  074F  120A  118A  2FA1   ljmp _main	;jump to C main() function
   118                           psect	cstackCOMMON,class=COMMON,space=1
   119                           global __pcstackCOMMON
   120  0070                     __pcstackCOMMON:
   121                           	global	?_lcd_cmd
   122  0070                     ?_lcd_cmd:	; 0 bytes @ 0x0
   123                           	global	??_lcd_cmd
   124  0070                     ??_lcd_cmd:	; 0 bytes @ 0x0
   125                           	global	?_uart_init
   126  0070                     ?_uart_init:	; 0 bytes @ 0x0
   127                           	global	??_uart_init
   128  0070                     ??_uart_init:	; 0 bytes @ 0x0
   129                           	global	?_uart_tx
   130  0070                     ?_uart_tx:	; 0 bytes @ 0x0
   131                           	global	??_uart_tx
   132  0070                     ??_uart_tx:	; 0 bytes @ 0x0
   133                           	global	?_delay
   134  0070                     ?_delay:	; 0 bytes @ 0x0
   135                           	global	??_delay
   136  0070                     ??_delay:	; 0 bytes @ 0x0
   137                           	global	?_main
   138  0070                     ?_main:	; 2 bytes @ 0x0
   139                           	global	uart_tx@val
   140  0070                     uart_tx@val:	; 1 bytes @ 0x0
   141                           	global	lcd_cmd@cmd
   142  0070                     lcd_cmd@cmd:	; 1 bytes @ 0x0
   143  0070                     	ds	1
   144                           	global	??_main
   145  0071                     ??_main:	; 0 bytes @ 0x1
   146 ;;Data sizes: Strings 0, constant 0, data 0, bss 0, persistent 0 stack 0
   147 ;;Auto spaces:   Size  Autos    Used
   148 ;; COMMON          14      1       1
   149 ;; BANK0           80      0       0
   150 ;; BANK1           80      0       0
   151 ;; BANK3           96      0       0
   152 ;; BANK2           96      0       0
   153                           
   154 ;;
   155 ;; Pointer list with targets:
   156                           
   157                           
   158                           
   159 ;;
   160 ;; Critical Paths under _main in COMMON
   161 ;;
   162 ;;   _main->_lcd_cmd
   163 ;;   _main->_uart_tx
   164 ;;
   165 ;; Critical Paths under _main in BANK0
   166 ;;
   167 ;;   None.
   168 ;;
   169 ;; Critical Paths under _main in BANK1
   170 ;;
   171 ;;   None.
   172 ;;
   173 ;; Critical Paths under _main in BANK3
   174 ;;
   175 ;;   None.
   176 ;;
   177 ;; Critical Paths under _main in BANK2
   178 ;;
   179 ;;   None.
   180                           
   181 ;;
   182 ;;Main: autosize = 0, tempsize = 0, incstack = 0, save=0
   183 ;;
   184                           
   185 ;;
   186 ;;Call Graph Tables:
   187 ;;
   188 ;; ---------------------------------------------------------------------------------
   189 ;; (Depth) Function   	        Calls       Base Space   Used Autos Params    Refs
   190 ;; ---------------------------------------------------------------------------------
   191 ;; (0) _main                                                 0     0      0      45
   192 ;;                            _lcd_cmd
   193 ;;                          _uart_init
   194 ;;                            _uart_tx
   195 ;;                              _delay
   196 ;; ---------------------------------------------------------------------------------
   197 ;; (1) _uart_tx                                              1     1      0      30
   198 ;;                                              0 COMMON     1     1      0
   199 ;;                              _delay
   200 ;; ---------------------------------------------------------------------------------
   201 ;; (1) _lcd_cmd                                              1     1      0      15
   202 ;;                                              0 COMMON     1     1      0
   203 ;;                              _delay
   204 ;; ---------------------------------------------------------------------------------
   205 ;; (1) _uart_init                                            0     0      0       0
   206 ;; ---------------------------------------------------------------------------------
   207 ;; (1) _delay                                                0     0      0       0
   208 ;; ---------------------------------------------------------------------------------
   209 ;; Estimated maximum stack depth 1
   210 ;; ---------------------------------------------------------------------------------
   211                           
   212 ;; Call Graph Graphs:
   213                           
   214 ;; _main (ROOT)
   215 ;;   _lcd_cmd
   216 ;;     _delay
   217 ;;   _uart_init
   218 ;;   _uart_tx
   219 ;;     _delay
   220 ;;   _delay
   221 ;;
   222                           
   223 ;; Address spaces:
   224                           
   225 ;;Name               Size   Autos  Total    Cost      Usage
   226 ;;BITCOMMON            E      0       0       0        0.0%
   227 ;;EEDATA             100      0       0       0        0.0%
   228 ;;NULL                 0      0       0       0        0.0%
   229 ;;CODE                 0      0       0       0        0.0%
   230 ;;COMMON               E      1       1       1        7.1%
   231 ;;BITSFR0              0      0       0       1        0.0%
   232 ;;SFR0                 0      0       0       1        0.0%
   233 ;;BITSFR1              0      0       0       2        0.0%
   234 ;;SFR1                 0      0       0       2        0.0%
   235 ;;STACK                0      0       2       2        0.0%
   236 ;;ABS                  0      0       0       3        0.0%
   237 ;;BITBANK0            50      0       0       4        0.0%
   238 ;;BITSFR3              0      0       0       4        0.0%
   239 ;;SFR3                 0      0       0       4        0.0%
   240 ;;BANK0               50      0       0       5        0.0%
   241 ;;BITSFR2              0      0       0       5        0.0%
   242 ;;SFR2                 0      0       0       5        0.0%
   243 ;;BITBANK1            50      0       0       6        0.0%
   244 ;;BANK1               50      0       0       7        0.0%
   245 ;;BITBANK3            60      0       0       8        0.0%
   246 ;;BANK3               60      0       0       9        0.0%
   247 ;;BITBANK2            60      0       0      10        0.0%
   248 ;;BANK2               60      0       0      11        0.0%
   249 ;;DATA                 0      0       0      12        0.0%
   250                           
   251                           	global	_main
   252                           psect	maintext,global,class=CODE,delta=2
   253                           global __pmaintext
   254  07A1                     __pmaintext:
   255                           
   256 ;; *************** function _main *****************
   257 ;; Defined at:
   258 ;;		line 32 in file "C:\Users\Jeeva\Desktop\mplab\hardware\uart_lcd\uart_lcd.c"
   259 ;; Parameters:    Size  Location     Type
   260 ;;		None
   261 ;; Auto vars:     Size  Location     Type
   262 ;;		None
   263 ;; Return value:  Size  Location     Type
   264 ;;                  2  696[COMMON] int 
   265 ;; Registers used:
   266 ;;		wreg, status,2, status,0, pclath, cstack
   267 ;; Tracked objects:
   268 ;;		On entry : 17F/0
   269 ;;		On exit  : 0/0
   270 ;;		Unchanged: 0/0
   271 ;; Data sizes:     COMMON   BANK0   BANK1   BANK3   BANK2
   272 ;;      Params:         0       0       0       0       0
   273 ;;      Locals:         0       0       0       0       0
   274 ;;      Temps:          0       0       0       0       0
   275 ;;      Totals:         0       0       0       0       0
   276 ;;Total ram usage:        0 bytes
   277 ;; Hardware stack levels required when called:    2
   278 ;; This function calls:
   279 ;;		_lcd_cmd
   280 ;;		_uart_init
   281 ;;		_uart_tx
   282 ;;		_delay
   283 ;; This function is called by:
   284 ;;		Startup code after reset
   285 ;; This function uses a non-reentrant model
   286 ;;
   287                           psect	maintext
   288                           	file	"C:\Users\Jeeva\Desktop\mplab\hardware\uart_lcd\uart_lcd.c"
   289                           	line	32
   290                           	global	__size_of_main
   291  005F                     	__size_of_main	equ	__end_of_main-_main
   292                           	
   293  07A1                     _main:	
   294                           	opt	stack 6
   295                           ; Regs used in _main: [wreg+status,2+status,0+pclath+cstack]
   296                           	line	33
   297                           	
   298  07A1                     l1883:	
   299                           ;uart_lcd.c: 33: TRISB=0;
   300  07A1  1683               	bsf	status, 5	;RP0=1, select bank1
   301  07A2  1303               	bcf	status, 6	;RP1=0, select bank1
   302  07A3  0186               	clrf	(134)^080h	;volatile
   303                           	line	34
   304                           ;uart_lcd.c: 34: TRISD=0;
   305  07A4  0188               	clrf	(136)^080h	;volatile
   306                           	line	35
   307                           ;uart_lcd.c: 35: TRISC=0;
   308  07A5  0187               	clrf	(135)^080h	;volatile
   309                           	line	37
   310                           	
   311  07A6                     l1885:	
   312                           ;uart_lcd.c: 37: lcd_cmd(0x38);
   313  07A6  3038               	movlw	(038h)
   314  07A7  120A  118A  2752   	fcall	_lcd_cmd
              120A  118A         
   315                           	line	38
   316                           	
   317  07AC                     l1887:	
   318                           ;uart_lcd.c: 38: lcd_cmd(0x01);
   319  07AC  3001               	movlw	(01h)
   320  07AD  120A  118A  2752   	fcall	_lcd_cmd
              120A  118A         
   321                           	line	39
   322                           	
   323  07B2                     l1889:	
   324                           ;uart_lcd.c: 39: lcd_cmd(0x02);
   325  07B2  3002               	movlw	(02h)
   326  07B3  120A  118A  2752   	fcall	_lcd_cmd
              120A  118A         
   327                           	line	40
   328                           	
   329  07B8                     l1891:	
   330                           ;uart_lcd.c: 40: lcd_cmd(0x0F);
   331  07B8  300F               	movlw	(0Fh)
   332  07B9  120A  118A  2752   	fcall	_lcd_cmd
              120A  118A         
   333                           	line	41
   334                           	
   335  07BE                     l1893:	
   336                           ;uart_lcd.c: 41: lcd_cmd(0x06);
   337  07BE  3006               	movlw	(06h)
   338  07BF  120A  118A  2752   	fcall	_lcd_cmd
              120A  118A         
   339                           	line	42
   340                           	
   341  07C4                     l1895:	
   342                           ;uart_lcd.c: 42: lcd_cmd(0x80);
   343  07C4  3080               	movlw	(080h)
   344  07C5  120A  118A  2752   	fcall	_lcd_cmd
              120A  118A         
   345                           	line	43
   346                           	
   347  07CA                     l1897:	
   348                           ;uart_lcd.c: 43: uart_init();
   349  07CA  120A  118A  2775   	fcall	_uart_init
              120A  118A         
   350                           	line	44
   351                           	
   352  07CF                     l1899:	
   353                           ;uart_lcd.c: 44: uart_tx('a');
   354  07CF  3061               	movlw	(061h)
   355  07D0  120A  118A  2788   	fcall	_uart_tx
              120A  118A         
   356                           	line	45
   357                           	
   358  07D5                     l1901:	
   359                           ;uart_lcd.c: 45: delay();
   360  07D5  120A  118A  2763   	fcall	_delay
              120A  118A         
   361                           	line	46
   362                           	
   363  07DA                     l1903:	
   364                           ;uart_lcd.c: 46: uart_tx('b');
   365  07DA  3062               	movlw	(062h)
   366  07DB  120A  118A  2788   	fcall	_uart_tx
              120A  118A         
   367                           	line	47
   368                           	
   369  07E0                     l1905:	
   370                           ;uart_lcd.c: 47: delay();
   371  07E0  120A  118A  2763   	fcall	_delay
              120A  118A         
   372                           	line	48
   373                           	
   374  07E5                     l1907:	
   375                           ;uart_lcd.c: 48: uart_tx('c');
   376  07E5  3063               	movlw	(063h)
   377  07E6  120A  118A  2788   	fcall	_uart_tx
              120A  118A         
   378                           	line	49
   379                           	
   380  07EB                     l1909:	
   381                           ;uart_lcd.c: 49: delay();
   382  07EB  120A  118A  2763   	fcall	_delay
              120A  118A         
   383                           	line	50
   384                           	
   385  07F0                     l1911:	
   386                           ;uart_lcd.c: 50: uart_tx('d');
   387  07F0  3064               	movlw	(064h)
   388  07F1  120A  118A  2788   	fcall	_uart_tx
              120A  118A         
   389                           	line	51
   390                           	
   391  07F6                     l1913:	
   392                           ;uart_lcd.c: 51: delay();
   393  07F6  120A  118A  2763   	fcall	_delay
              120A  118A         
   394  07FB  2FFC               	goto	l698
   395                           	line	52
   396                           ;uart_lcd.c: 52: while(1);
   397                           	
   398  07FC                     l697:	
   399                           	
   400  07FC                     l698:	
   401  07FC  2FFC               	goto	l698
   402                           	
   403  07FD                     l699:	
   404                           	line	53
   405                           	
   406  07FD                     l700:	
   407                           	global	start
   408  07FD  120A  118A  2800   	ljmp	start
   409                           	opt stack 0
   410                           GLOBAL	__end_of_main
   411  0800                     	__end_of_main:
   412 ;; =============== function _main ends ============
   413                           
   414                           	signat	_main,90
   415                           	global	_uart_tx
   416                           psect	text97,local,class=CODE,delta=2
   417                           global __ptext97
   418  0788                     __ptext97:
   419                           
   420 ;; *************** function _uart_tx *****************
   421 ;; Defined at:
   422 ;;		line 57 in file "C:\Users\Jeeva\Desktop\mplab\hardware\uart_lcd\uart_lcd.c"
   423 ;; Parameters:    Size  Location     Type
   424 ;;  val             1    wreg     unsigned char 
   425 ;; Auto vars:     Size  Location     Type
   426 ;;  val             1    0[COMMON] unsigned char 
   427 ;; Return value:  Size  Location     Type
   428 ;;		None               void
   429 ;; Registers used:
   430 ;;		wreg, status,2, status,0, pclath, cstack
   431 ;; Tracked objects:
   432 ;;		On entry : 0/0
   433 ;;		On exit  : 0/0
   434 ;;		Unchanged: 0/0
   435 ;; Data sizes:     COMMON   BANK0   BANK1   BANK3   BANK2
   436 ;;      Params:         0       0       0       0       0
   437 ;;      Locals:         1       0       0       0       0
   438 ;;      Temps:          0       0       0       0       0
   439 ;;      Totals:         1       0       0       0       0
   440 ;;Total ram usage:        1 bytes
   441 ;; Hardware stack levels used:    1
   442 ;; Hardware stack levels required when called:    1
   443 ;; This function calls:
   444 ;;		_delay
   445 ;; This function is called by:
   446 ;;		_main
   447 ;; This function uses a non-reentrant model
   448 ;;
   449                           psect	text97
   450                           	file	"C:\Users\Jeeva\Desktop\mplab\hardware\uart_lcd\uart_lcd.c"
   451                           	line	57
   452                           	global	__size_of_uart_tx
   453  0019                     	__size_of_uart_tx	equ	__end_of_uart_tx-_uart_tx
   454                           	
   455  0788                     _uart_tx:	
   456                           	opt	stack 6
   457                           ; Regs used in _uart_tx: [wreg+status,2+status,0+pclath+cstack]
   458                           ;uart_tx@val stored from wreg
   459                           	line	59
   460  0788  00F0               	movwf	(uart_tx@val)
   461                           	
   462  0789                     l1875:	
   463                           ;uart_lcd.c: 59: TXREG = val;
   464  0789  0870               	movf	(uart_tx@val),w
   465  078A  1283               	bcf	status, 5	;RP0=0, select bank0
   466  078B  1303               	bcf	status, 6	;RP1=0, select bank0
   467  078C  0099               	movwf	(25)	;volatile
   468                           	line	60
   469                           ;uart_lcd.c: 60: while(TXIF==0);
   470  078D  2F8E               	goto	l703
   471                           	
   472  078E                     l704:	
   473                           	
   474  078E                     l703:	
   475  078E  1E0C               	btfss	(100/8),(100)&7
   476  078F  2F91               	goto	u2151
   477  0790  2F92               	goto	u2150
   478  0791                     u2151:
   479  0791  2F8E               	goto	l703
   480  0792                     u2150:
   481                           	
   482  0792                     l705:	
   483                           	line	61
   484                           ;uart_lcd.c: 61: TXIF=0;
   485  0792  120C               	bcf	(100/8),(100)&7
   486                           	line	62
   487                           ;uart_lcd.c: 62: RC0=1;
   488  0793  1407               	bsf	(56/8),(56)&7
   489                           	line	63
   490                           ;uart_lcd.c: 63: RC1=0;
   491  0794  1087               	bcf	(57/8),(57)&7
   492                           	line	64
   493                           ;uart_lcd.c: 64: RC2=1;
   494  0795  1507               	bsf	(58/8),(58)&7
   495                           	line	65
   496                           	
   497  0796                     l1877:	
   498                           ;uart_lcd.c: 65: PORTD=val;
   499  0796  0870               	movf	(uart_tx@val),w
   500  0797  0088               	movwf	(8)	;volatile
   501                           	line	66
   502                           	
   503  0798                     l1879:	
   504                           ;uart_lcd.c: 66: delay();
   505  0798  120A  118A  2763   	fcall	_delay
              120A  118A         
   506                           	line	67
   507                           	
   508  079D                     l1881:	
   509                           ;uart_lcd.c: 67: RC2=0;
   510  079D  1283               	bcf	status, 5	;RP0=0, select bank0
   511  079E  1303               	bcf	status, 6	;RP1=0, select bank0
   512  079F  1107               	bcf	(58/8),(58)&7
   513                           	line	68
   514                           	
   515  07A0                     l706:	
   516  07A0  0008               	return
   517                           	opt stack 0
   518                           GLOBAL	__end_of_uart_tx
   519  07A1                     	__end_of_uart_tx:
   520 ;; =============== function _uart_tx ends ============
   521                           
   522                           	signat	_uart_tx,4216
   523                           	global	_lcd_cmd
   524                           psect	text98,local,class=CODE,delta=2
   525                           global __ptext98
   526  0752                     __ptext98:
   527                           
   528 ;; *************** function _lcd_cmd *****************
   529 ;; Defined at:
   530 ;;		line 92 in file "C:\Users\Jeeva\Desktop\mplab\hardware\uart_lcd\uart_lcd.c"
   531 ;; Parameters:    Size  Location     Type
   532 ;;  cmd             1    wreg     unsigned char 
   533 ;; Auto vars:     Size  Location     Type
   534 ;;  cmd             1    0[COMMON] unsigned char 
   535 ;; Return value:  Size  Location     Type
   536 ;;		None               void
   537 ;; Registers used:
   538 ;;		wreg, status,2, status,0, pclath, cstack
   539 ;; Tracked objects:
   540 ;;		On entry : 0/0
   541 ;;		On exit  : 0/0
   542 ;;		Unchanged: 0/0
   543 ;; Data sizes:     COMMON   BANK0   BANK1   BANK3   BANK2
   544 ;;      Params:         0       0       0       0       0
   545 ;;      Locals:         1       0       0       0       0
   546 ;;      Temps:          0       0       0       0       0
   547 ;;      Totals:         1       0       0       0       0
   548 ;;Total ram usage:        1 bytes
   549 ;; Hardware stack levels used:    1
   550 ;; Hardware stack levels required when called:    1
   551 ;; This function calls:
   552 ;;		_delay
   553 ;; This function is called by:
   554 ;;		_main
   555 ;; This function uses a non-reentrant model
   556 ;;
   557                           psect	text98
   558                           	file	"C:\Users\Jeeva\Desktop\mplab\hardware\uart_lcd\uart_lcd.c"
   559                           	line	92
   560                           	global	__size_of_lcd_cmd
   561  0011                     	__size_of_lcd_cmd	equ	__end_of_lcd_cmd-_lcd_cmd
   562                           	
   563  0752                     _lcd_cmd:	
   564                           	opt	stack 6
   565                           ; Regs used in _lcd_cmd: [wreg+status,2+status,0+pclath+cstack]
   566                           ;lcd_cmd@cmd stored from wreg
   567  0752  00F0               	movwf	(lcd_cmd@cmd)
   568                           	line	93
   569                           	
   570  0753                     l1867:	
   571                           ;uart_lcd.c: 93: RC0=0;
   572  0753  1283               	bcf	status, 5	;RP0=0, select bank0
   573  0754  1303               	bcf	status, 6	;RP1=0, select bank0
   574  0755  1007               	bcf	(56/8),(56)&7
   575                           	line	94
   576                           ;uart_lcd.c: 94: RC1=0;
   577  0756  1087               	bcf	(57/8),(57)&7
   578                           	line	95
   579                           ;uart_lcd.c: 95: RC2=1;
   580  0757  1507               	bsf	(58/8),(58)&7
   581                           	line	96
   582                           	
   583  0758                     l1869:	
   584                           ;uart_lcd.c: 96: PORTD=cmd;
   585  0758  0870               	movf	(lcd_cmd@cmd),w
   586  0759  0088               	movwf	(8)	;volatile
   587                           	line	97
   588                           	
   589  075A                     l1871:	
   590                           ;uart_lcd.c: 97: delay();
   591  075A  120A  118A  2763   	fcall	_delay
              120A  118A         
   592                           	line	98
   593                           	
   594  075F                     l1873:	
   595                           ;uart_lcd.c: 98: RC2=0;
   596  075F  1283               	bcf	status, 5	;RP0=0, select bank0
   597  0760  1303               	bcf	status, 6	;RP1=0, select bank0
   598  0761  1107               	bcf	(58/8),(58)&7
   599                           	line	99
   600                           	
   601  0762                     l712:	
   602  0762  0008               	return
   603                           	opt stack 0
   604                           GLOBAL	__end_of_lcd_cmd
   605  0763                     	__end_of_lcd_cmd:
   606 ;; =============== function _lcd_cmd ends ============
   607                           
   608                           	signat	_lcd_cmd,4216
   609                           	global	_uart_init
   610                           psect	text99,local,class=CODE,delta=2
   611                           global __ptext99
   612  0775                     __ptext99:
   613                           
   614 ;; *************** function _uart_init *****************
   615 ;; Defined at:
   616 ;;		line 78 in file "C:\Users\Jeeva\Desktop\mplab\hardware\uart_lcd\uart_lcd.c"
   617 ;; Parameters:    Size  Location     Type
   618 ;;		None
   619 ;; Auto vars:     Size  Location     Type
   620 ;;		None
   621 ;; Return value:  Size  Location     Type
   622 ;;		None               void
   623 ;; Registers used:
   624 ;;		wreg, status,2
   625 ;; Tracked objects:
   626 ;;		On entry : 0/0
   627 ;;		On exit  : 0/0
   628 ;;		Unchanged: 0/0
   629 ;; Data sizes:     COMMON   BANK0   BANK1   BANK3   BANK2
   630 ;;      Params:         0       0       0       0       0
   631 ;;      Locals:         0       0       0       0       0
   632 ;;      Temps:          0       0       0       0       0
   633 ;;      Totals:         0       0       0       0       0
   634 ;;Total ram usage:        0 bytes
   635 ;; Hardware stack levels used:    1
   636 ;; This function calls:
   637 ;;		Nothing
   638 ;; This function is called by:
   639 ;;		_main
   640 ;; This function uses a non-reentrant model
   641 ;;
   642                           psect	text99
   643                           	file	"C:\Users\Jeeva\Desktop\mplab\hardware\uart_lcd\uart_lcd.c"
   644                           	line	78
   645                           	global	__size_of_uart_init
   646  0013                     	__size_of_uart_init	equ	__end_of_uart_init-_uart_init
   647                           	
   648  0775                     _uart_init:	
   649                           	opt	stack 7
   650                           ; Regs used in _uart_init: [wreg+status,2]
   651                           	line	79
   652                           	
   653  0775                     l1087:	
   654                           ;uart_lcd.c: 79: TRISC6 = 0;
   655  0775  1683               	bsf	status, 5	;RP0=1, select bank1
   656  0776  1303               	bcf	status, 6	;RP1=0, select bank1
   657  0777  1307               	bcf	(1086/8)^080h,(1086)&7
   658                           	line	80
   659                           ;uart_lcd.c: 80: TRISC7 = 1;
   660  0778  1787               	bsf	(1087/8)^080h,(1087)&7
   661                           	line	82
   662                           	
   663  0779                     l1089:	
   664                           ;uart_lcd.c: 82: TXSTA = 0x00;
   665  0779  0198               	clrf	(152)^080h	;volatile
   666                           	line	83
   667                           ;uart_lcd.c: 83: RCSTA = 0x00;
   668  077A  1283               	bcf	status, 5	;RP0=0, select bank0
   669  077B  1303               	bcf	status, 6	;RP1=0, select bank0
   670  077C  0198               	clrf	(24)	;volatile
   671                           	line	84
   672                           	
   673  077D                     l1091:	
   674                           ;uart_lcd.c: 84: SPBRG = 31;
   675  077D  301F               	movlw	(01Fh)
   676  077E  1683               	bsf	status, 5	;RP0=1, select bank1
   677  077F  1303               	bcf	status, 6	;RP1=0, select bank1
   678  0780  0099               	movwf	(153)^080h	;volatile
   679                           	line	85
   680                           	
   681  0781                     l1093:	
   682                           ;uart_lcd.c: 85: TXEN = 1;
   683  0781  1698               	bsf	(1221/8)^080h,(1221)&7
   684                           	line	86
   685                           	
   686  0782                     l1095:	
   687                           ;uart_lcd.c: 86: SPEN = 1;
   688  0782  1283               	bcf	status, 5	;RP0=0, select bank0
   689  0783  1303               	bcf	status, 6	;RP1=0, select bank0
   690  0784  1798               	bsf	(199/8),(199)&7
   691                           	line	87
   692                           	
   693  0785                     l1097:	
   694                           ;uart_lcd.c: 87: TXIF=0;
   695  0785  120C               	bcf	(100/8),(100)&7
   696                           	line	88
   697                           	
   698  0786                     l1099:	
   699                           ;uart_lcd.c: 88: RCIF=0;
   700  0786  128C               	bcf	(101/8),(101)&7
   701                           	line	89
   702                           	
   703  0787                     l709:	
   704  0787  0008               	return
   705                           	opt stack 0
   706                           GLOBAL	__end_of_uart_init
   707  0788                     	__end_of_uart_init:
   708 ;; =============== function _uart_init ends ============
   709                           
   710                           	signat	_uart_init,88
   711                           	global	_delay
   712                           psect	text100,local,class=CODE,delta=2
   713                           global __ptext100
   714  0763                     __ptext100:
   715                           
   716 ;; *************** function _delay *****************
   717 ;; Defined at:
   718 ;;		line 19 in file "C:\Users\Jeeva\Desktop\mplab\hardware\uart_lcd\uart_lcd.c"
   719 ;; Parameters:    Size  Location     Type
   720 ;;		None
   721 ;; Auto vars:     Size  Location     Type
   722 ;;		None
   723 ;; Return value:  Size  Location     Type
   724 ;;		None               void
   725 ;; Registers used:
   726 ;;		wreg
   727 ;; Tracked objects:
   728 ;;		On entry : 0/0
   729 ;;		On exit  : 0/0
   730 ;;		Unchanged: 0/0
   731 ;; Data sizes:     COMMON   BANK0   BANK1   BANK3   BANK2
   732 ;;      Params:         0       0       0       0       0
   733 ;;      Locals:         0       0       0       0       0
   734 ;;      Temps:          0       0       0       0       0
   735 ;;      Totals:         0       0       0       0       0
   736 ;;Total ram usage:        0 bytes
   737 ;; Hardware stack levels used:    1
   738 ;; This function calls:
   739 ;;		Nothing
   740 ;; This function is called by:
   741 ;;		_main
   742 ;;		_uart_tx
   743 ;;		_lcd_cmd
   744 ;; This function uses a non-reentrant model
   745 ;;
   746                           psect	text100
   747                           	file	"C:\Users\Jeeva\Desktop\mplab\hardware\uart_lcd\uart_lcd.c"
   748                           	line	19
   749                           	global	__size_of_delay
   750  0012                     	__size_of_delay	equ	__end_of_delay-_delay
   751                           	
   752  0763                     _delay:	
   753                           	opt	stack 7
   754                           ; Regs used in _delay: [wreg]
   755                           	line	20
   756                           	
   757  0763                     l1081:	
   758                           ;uart_lcd.c: 20: TMR1CS=0;
   759  0763  1283               	bcf	status, 5	;RP0=0, select bank0
   760  0764  1303               	bcf	status, 6	;RP1=0, select bank0
   761  0765  1090               	bcf	(129/8),(129)&7
   762                           	line	21
   763                           ;uart_lcd.c: 21: T1CKPS0=1;
   764  0766  1610               	bsf	(132/8),(132)&7
   765                           	line	22
   766                           ;uart_lcd.c: 22: T1CKPS1=1;
   767  0767  1690               	bsf	(133/8),(133)&7
   768                           	line	23
   769                           	
   770  0768                     l1083:	
   771                           ;uart_lcd.c: 23: TMR1H=0X3C;
   772  0768  303C               	movlw	(03Ch)
   773  0769  008F               	movwf	(15)	;volatile
   774                           	line	24
   775                           ;uart_lcd.c: 24: TMR1L=0XB0;
   776  076A  30B0               	movlw	(0B0h)
   777  076B  008E               	movwf	(14)	;volatile
   778                           	line	25
   779                           	
   780  076C                     l1085:	
   781                           ;uart_lcd.c: 25: TMR1ON=1;
   782  076C  1410               	bsf	(128/8),(128)&7
   783                           	line	26
   784                           ;uart_lcd.c: 26: while(!TMR1IF);
   785  076D  2F6E               	goto	l691
   786                           	
   787  076E                     l692:	
   788                           	
   789  076E                     l691:	
   790  076E  1C0C               	btfss	(96/8),(96)&7
   791  076F  2F71               	goto	u11
   792  0770  2F72               	goto	u10
   793  0771                     u11:
   794  0771  2F6E               	goto	l691
   795  0772                     u10:
   796                           	
   797  0772                     l693:	
   798                           	line	27
   799                           ;uart_lcd.c: 27: TMR1IF=0;
   800  0772  100C               	bcf	(96/8),(96)&7
   801                           	line	28
   802                           ;uart_lcd.c: 28: TMR1ON=0;
   803  0773  1010               	bcf	(128/8),(128)&7
   804                           	line	29
   805                           	
   806  0774                     l694:	
   807  0774  0008               	return
   808                           	opt stack 0
   809                           GLOBAL	__end_of_delay
   810  0775                     	__end_of_delay:
   811 ;; =============== function _delay ends ============
   812                           
   813                           	signat	_delay,88
   814                           psect	text101,local,class=CODE,delta=2
   815                           global __ptext101
   816  0000                     __ptext101:
   817                           	global	btemp
   818  007E                     	btemp set 07Eh
   819                           
   820                           	DABS	1,126,2	;btemp
   821                           	global	wtemp0
   822  007E                     	wtemp0 set btemp


HI-TECH Software PICC Macro Assembler V9.81 build 7503 
Symbol Table                                                                                   Sat Aug 18 19:59:36 2018

                  u10 0772                    u11 0771                   l700 07FD                   l703 078E  
                 l712 0762                   l704 078E                   l705 0792                   l706 07A0  
                 l709 0787                   l691 076E                   l692 076E                   l693 0772  
                 l694 0774                   l697 07FC                   l698 07FC                   l699 07FD  
                 _RC0 0038                   _RC1 0039                   _RC2 003A                  l1081 0763  
                l1083 0768                  l1091 077D                  l1085 076C                  l1093 0781  
                l1095 0782                  l1087 0775                  l1097 0785                  l1089 0779  
                l1099 0786                  l1901 07D5                  l1911 07F0                  l1903 07DA  
                l1913 07F6                  l1905 07E0                  l1907 07E5                  l1909 07EB  
                l1871 075A                  l1873 075F                  l1881 079D                  l1867 0753  
                l1875 0789                  l1891 07B8                  l1883 07A1                  l1869 0758  
                l1877 0796                  l1893 07BE                  l1885 07A6                  l1879 0798  
                l1895 07C4                  l1887 07AC                  l1897 07CA                  l1889 07B2  
                l1899 07CF                  u2150 0792                  u2151 0791                  _RCIF 0065  
                _SPEN 00C7                  _TXEN 04C5                  _TXIF 0064                  _main 07A1  
                btemp 007E                  start 0000                 ?_main 0070                 _RCSTA 0018  
               _TMR1H 000F                 _TMR1L 000E                 _SPBRG 0099                 _PORTD 0008  
               _TRISB 0086                 _TRISC 0087                 _TRISD 0088                 _TXREG 0019  
               _TXSTA 0098       __end_of_lcd_cmd 0763                 _delay 0763       __end_of_uart_tx 07A1  
               status 0003                 wtemp0 007E          __end_of_main 0800                ??_main 0071  
              ?_delay 0070                _TMR1IF 0060                _TMR1CS 0081                _TMR1ON 0080  
              _TRISC6 043E                _TRISC7 043F             ??_lcd_cmd 0070             ??_uart_tx 0070  
      __pcstackCOMMON 0070         __end_of_delay 0775               ??_delay 0070            __pmaintext 07A1  
             _T1CKPS0 0084               _T1CKPS1 0085    __size_of_uart_init 0013               _lcd_cmd 0752  
             _uart_tx 0788  end_of_initialization 074E     __end_of_uart_init 0788            lcd_cmd@cmd 0070  
 start_initialization 074E             __ptext100 0763             __ptext101 0000              ?_lcd_cmd 0070  
            ?_uart_tx 0070        __size_of_delay 0012             _uart_init 0775            uart_tx@val 0070  
          ?_uart_init 0070      __size_of_lcd_cmd 0011              __ptext96 0000              __ptext97 0788  
            __ptext98 0752              __ptext99 0775      __size_of_uart_tx 0019         __size_of_main 005F  
         ??_uart_init 0070  
