HI-TECH Software PICC-Lite Compiler V9.50PL2

Linker command line:

--edf=C:\Program Files\HI-TECH Software\PICC-Lite\9.50\dat\en_msgs.txt \
  -h+lcd2.sym -z -Q16F877A -ol.obj -Mlcd2.map -E1 -ver=PICC-Lite#V9.50PL2 \
  -ACODE=00h-07FFh -ACONST=00h-0FFhx8 -AENTRY=00h-0FFhx8 \
  -ASTRING=00h-0FFhx8 -ABANK0=020h-07Fh -ABANK1=0A0h-0EFh \
  -ACOMBANK=070h-07Fh -ppowerup=CODE \
  -preset_vec=00h,intentry,intcode,intret,init,end_init,clrtext,maintext,stringtable,pstrings,strings \
  -prbit_0=BANK0,rbss_0=BANK0,rdata_0=BANK0,idata_0=CODE -pnvram=BANK0 \
  -prbit_1=BANK1,rbss_1=BANK1,rdata_1=BANK1,idata_1=CODE \
  -pnvram_1=BANK1,nvbit_1=BANK1 \
  -prbit_2=BANK2,rbss_2=BANK2,rdata_2=BANK2,idata_2=CODE \
  -pnvram_2=BANK2,nvbit_2=BANK2 \
  -prbit_3=BANK3,rbss_3=BANK3,rdata_3=BANK3,idata_3=CODE \
  -pnvram_3=BANK3,nvbit_3=BANK3 -ptemp=COMBANK -ACONFIG=02007h-02007h \
  -pconfig=CONFIG -AIDLOC=02000h-02003h -pidloc=IDLOC \
  -AEEDATA=00h-0FFh/02100h -peeprom_data=EEDATA \
  -pfloat_text0=CODE,float_text1=CODE,float_text2=CODE \
  -pfloat_text3=CODE,float_text4=CODE -pintsave_0=COMBANK -pintsave_1=BANK1 \
  -pintsave_2=BANK2 -pintsave_3=BANK3 \
  C:\Users\Jeeva\AppData\Local\Temp\s5g8.obj \
  C:\Users\Jeeva\Desktop\mplab\hardware\lcd\LED2.obj \
  C:\Program Files\HI-TECH Software\PICC-Lite\9.50\lib\pcl62--u.lib \
  C:\Program Files\HI-TECH Software\PICC-Lite\9.50\lib\pcl40c-c.lib \
  C:\Program Files\HI-TECH Software\PICC-Lite\9.50\lib\pcl62--u.lib 

Object code version is 3.7

Machine type is 16F877A

Call graph:

*_main size 0,2 offset 0
*    _lcd_cmd size 0,1 offset 2
*        _delay size 0,0 offset 3
*    _lcd_data size 0,1 offset 2
*        _delay size 0,0 offset 3

		Name          Link     Load   Length Selector Space Scale
C:\Users\Jeeva\AppData\Local\Temp\s5g8.obj
		init             0        0        3       0     0
		end_init         3        3        1       0     0
C:\Users\Jeeva\Desktop\mplab\hardware\lcd\LED2.obj
		config        2007     2007        1    400E     0
		temp            70       70        1      70     1
		text3          7BB      7BB        9     F76     0
		text2          7C4      7C4        9     F88     0
		text0          7DB      7DB       25     FB6     0
		text1          7CD      7CD        E     F9A     0

C:\Program Files\HI-TECH Software\PICC-Lite\9.50\lib\pcl62--u.lib

C:\Program Files\HI-TECH Software\PICC-Lite\9.50\lib\pcl40c-c.lib
btemp0.obj      temp            70       70        1      70     1

C:\Program Files\HI-TECH Software\PICC-Lite\9.50\lib\pcl62--u.lib

COMMON          rbss_0          20       20        3      20     1

TOTAL		Name          Link     Load   Length
	CLASS	CODE     
		init             0        0        3
		end_init         3        3        1
		text3          7BB      7BB        9
		text2          7C4      7C4        9
		text0          7DB      7DB       25
		text1          7CD      7CD        E

	CLASS	CONST    

	CLASS	ENTRY    

	CLASS	STRING   

	CLASS	BANK0    
		rbss_0          20       20        3
		temp            70       70        1

	CLASS	BANK1    

	CLASS	COMBANK  

	CLASS	CONFIG   
		config        2007     2007        1

	CLASS	IDLOC    

	CLASS	EEDATA   

	CLASS	BANK3    

	CLASS	BANK2    



SEGMENTS	Name		Load	Length	 Top	Selector    Space Class

		reset_vec       000000	000004	000004	       0       0  CODE    
		rbit_0          000020	000003	000023	      20       1  BANK0   
		temp            000070	000001	000071	      70       1  COMBANK 
		text3           0007BB	000009	0007C4	     F76       0  CODE    
		text2           0007C4	000009	0007CD	     F88       0  CODE    
		text1           0007CD	00000E	0007DB	     F9A       0  CODE    
		text0           0007DB	000025	000800	     FB6       0  CODE    
		config          002007	000001	002008	    400E       0  CONFIG  


UNUSED ADDRESS RANGES

	BANK0            0023-006F
	                 0071-007F
	BANK1            00A0-00EF
	CODE             0004-07BA
	COMBANK          0071-007F
	CONST            0004-07BA
	EEDATA           2100-21FF
	ENTRY            0004-07BA
	IDLOC            2000-2003
	STRING           0004-07BA

                                  Symbol Table

?a_lcd_cmd     rbss_0      0022  ?a_lcd_data    rbss_0      0022
?a_main        rbss_0      0020  __Beeprom_data eeprom_data 2100
__Bnvbit_0     nvbit_0     00A0  __Bnvbit_1     nvbit_1     00A0
__Bnvbit_2     nvbit_2     0008  __Bnvbit_3     nvbit_3     0008
__Bptbit_0     ptbit_0     00A0  __Brbit_0      rbit_0      0020
__Brbit_1      rbit_1      00A0  __Brbit_2      rbit_2      00A0
__Brbit_3      rbit_3      0008  __Hclrtext     clrtext     0004
__Hcode        code        00A0  __Hcommon_ram  common_ram  00A0
__Hconfig      config      2008  __Heeprom_data eeprom_data 0000
__Hend_init    end_init    0004  __Hfloat_text0 float_text0 0004
__Hfloat_text1 float_text1 0004  __Hfloat_text2 float_text2 0004
__Hfloat_text3 float_text3 0004  __Hfloat_text4 float_text4 0004
__Hidata_0     idata_0     0004  __Hidata_1     idata_1     0004
__Hidata_2     idata_2     0004  __Hidata_3     idata_3     0004
__Hidloc       idloc       2000  __Hinit        init        0003
__Hinit23      init23      00A0  __Hintcode     intcode     0000
__Hintentry    intentry    0000  __Hintret      intret      0000
__Hintsave     intsave     00A0  __Hintsave_0   intsave_0   0071
__Hintsave_1   intsave_1   00A0  __Hintsave_2   intsave_2   00A0
__Hintsave_3   intsave_3   00A0  __Hmaintext    maintext    0004
__Hnvbit_0     nvbit_0     0500  __Hnvbit_1     nvbit_1     0500
__Hnvbit_2     nvbit_2     0040  __Hnvbit_3     nvbit_3     0040
__Hnvram       nvram       0023  __Hnvram_1     nvram_1     00A0
__Hnvram_2     nvram_2     0008  __Hnvram_3     nvram_3     0008
__Hpowerup     powerup     0000  __Hpstrings    pstrings    0004
__Hptbit_0     ptbit_0     0500  __Hrbit_0      rbit_0      0100
__Hrbit_1      rbit_1      0500  __Hrbit_2      rbit_2      0500
__Hrbit_3      rbit_3      0040  __Hrbss_0      rbss_0      0023
__Hrbss_1      rbss_1      00A0  __Hrbss_2      rbss_2      00A0
__Hrbss_3      rbss_3      0008  __Hrdata_0     rdata_0     0023
__Hrdata_1     rdata_1     00A0  __Hrdata_2     rdata_2     00A0
__Hrdata_3     rdata_3     0008  __Hreset_vec   reset_vec   0000
__Hstrings     strings     0004  __Hstringtable stringtable 0004
__Hstruct      struct      0023  __Htemp        temp        0071
__Htext        text        00A0  __Lclrtext     clrtext     0004
__Lcode        code        00A0  __Lcommon_ram  common_ram  00A0
__Lconfig      config      2007  __Leeprom_data eeprom_data 0000
__Lend_init    end_init    0003  __Lfloat_text0 float_text0 0004
__Lfloat_text1 float_text1 0004  __Lfloat_text2 float_text2 0004
__Lfloat_text3 float_text3 0004  __Lfloat_text4 float_text4 0004
__Lidata_0     idata_0     0004  __Lidata_1     idata_1     0004
__Lidata_2     idata_2     0004  __Lidata_3     idata_3     0004
__Lidloc       idloc       2000  __Linit        init        0000
__Linit23      init23      00A0  __Lintcode     intcode     0000
__Lintentry    intentry    0000  __Lintret      intret      0000
__Lintsave     intsave     00A0  __Lintsave_0   intsave_0   0071
__Lintsave_1   intsave_1   00A0  __Lintsave_2   intsave_2   00A0
__Lintsave_3   intsave_3   00A0  __Lmaintext    maintext    0004
__Lnvbit_0     nvbit_0     0500  __Lnvbit_1     nvbit_1     0500
__Lnvbit_2     nvbit_2     0040  __Lnvbit_3     nvbit_3     0040
__Lnvram       nvram       0023  __Lnvram_1     nvram_1     00A0
__Lnvram_2     nvram_2     0008  __Lnvram_3     nvram_3     0008
__Lpowerup     powerup     0000  __Lpstrings    pstrings    0004
__Lptbit_0     ptbit_0     0500  __Lrbit_0      rbit_0      0100
__Lrbit_1      rbit_1      0500  __Lrbit_2      rbit_2      0500
__Lrbit_3      rbit_3      0040  __Lrbss_0      rbss_0      0020
__Lrbss_1      rbss_1      00A0  __Lrbss_2      rbss_2      00A0
__Lrbss_3      rbss_3      0008  __Lrdata_0     rdata_0     0023
__Lrdata_1     rdata_1     00A0  __Lrdata_2     rdata_2     00A0
__Lrdata_3     rdata_3     0008  __Lreset_vec   reset_vec   0000
__Lstrings     strings     0004  __Lstringtable stringtable 0004
__Lstruct      struct      0023  __Ltemp        temp        0070
__Ltext        text        00A0  __S0           (abs)       2008
__S1           (abs)       00A0  __S2           (abs)       2100
_delay         text1       07CD  _exit          init        0000
_lcd_cmd       text2       07C4  _lcd_data      text3       07BB
_main          text0       07DB  clear_bank0    init        0000
clear_bit0     init        0000  intlevel0      intentry    0000
intlevel1      intentry    0000  reset_vec      reset_vec   0000
start          init        0000  used_btemp0    (abs)       0001
