

HI-TECH Software PICC Macro Assembler V9.50PL2
                                                      Sat Aug 04 14:18:59 2018


     1                           	processor	16F877A
     2                           	opt	pw 79
     3                           	psect	text0,local,class=CODE,delta=2
     4                           	psect	config,global,class=CONFIG,delta=2
     5                           	psect	text1,local,class=CODE,delta=2
     6                           	psect	text2,local,class=CODE,delta=2
     7  0000                     
     8  0000                     
     9  0000                     
    10  0000                     
    11  0000                     
    12  0000                     
    13  0000                     
    14  0000                     
    15  0000                     
    16  0000                     	;#
    17                           
    18                           	psect	text0
    19  07E4                     _main
    20                           ;	_i assigned to ?a_main+0
    21  0000                     _main$i	set	?a_main
    22                           ;pwm.c: 9: int main()
    23  07E4  1283               	bcf	3,5
    24  07E5  1303               	bcf	3,6	;carry unused
    25  07E6  01A0               	clrf	?a_main
    26                           ;pwm.c: 12: TRISC2 = 0;
    27  07E7  1683               	bsf	3,5
    28  07E8  1107               	bcf	7,2
    29                           ;pwm.c: 13: CCP1CON=0x3C;
    30  07E9  303C               	movlw	60
    31  07EA  1283               	bcf	3,5
    32  07EB  0097               	movwf	23	;volatile
    33                           ;pwm.c: 14: TMR2 = 0;
    34  07EC  0191               	clrf	17	;volatile
    35                           ;pwm.c: 15: PR2 = 0xFF;
    36  07ED  30FF               	movlw	-1
    37  07EE  1683               	bsf	3,5
    38  07EF  0092               	movwf	18	;volatile
    39                           ;pwm.c: 16: T2CON = 0x07;
    40  07F0  3007               	movlw	7
    41  07F1  1283               	bcf	3,5
    42  07F2  0092               	movwf	18	;volatile
    43                           ;pwm.c: 17: CCPR1L = 0x10;
    44  07F3  3010               	movlw	16
    45  07F4  0095               	movwf	21	;volatile
    46                           ;pwm.c: 18: delay();
    47  07F5  27D6               	call	_delay
    48                           ;pwm.c: 20: for (i=0;i<16;i++)
    49  07F6  01A0               	clrf	?a_main
    50  07F7                     l2
    51                           ;pwm.c: 21: {
    52  07F7  3010               	movlw	16
    53  07F8  0795               	addwf	21	;volatile
    54                           ;pwm.c: 23: delay();
    55  07F9  27D6               	call	_delay
    56  07FA  0AA0               	incf	?a_main
    57  07FB  3010               	movlw	16
    58  07FC  0220               	subwf	?a_main,w
    59  07FD  1C03               	btfss	3,0
    60  07FE  2FF7               	goto	l2
    61                           ;pwm.c: 24: }
    62  07FF  2800               	ljmp	start
    63                           
    64                           	psect	config
    65  2007  3F7A               	dw	16250	;#
    66                           
    67                           	psect	text1
    68  07D6                     _delay
    69                           ;pwm.c: 28: void delay()
    70  07D6  0183               	clrf	3	;select bank 0
    71  07D7  1090               	bcf	16,1
    72                           ;pwm.c: 32: T1CKPS0=1;
    73  07D8  1610               	bsf	16,4
    74                           ;pwm.c: 33: T1CKPS1=1;
    75  07D9  1690               	bsf	16,5
    76                           ;pwm.c: 34: TMR1H=0X3C;
    77  07DA  303C               	movlw	60
    78  07DB  008F               	movwf	15	;volatile
    79                           ;pwm.c: 37: TMR1L=0XB0;
    80  07DC  30B0               	movlw	-80
    81  07DD  008E               	movwf	14	;volatile
    82                           ;pwm.c: 38: TMR1ON=1;
    83  07DE  1410               	bsf	16,0
    84                           ;pwm.c: 39: while(!TMR1IF);
    85  07DF                     l6
    86  07DF  1C0C               	btfss	12,0
    87  07E0  2FDF               	goto	l6
    88                           ;pwm.c: 40: TMR1IF=0;
    89  07E1  100C               	bcf	12,0
    90                           ;pwm.c: 41: TMR1ON=0;
    91  07E2  1010               	bcf	16,0
    92                           ;pwm.c: 42: }
    93  07E3  0008               	return	;W free
    94                           
    95                           	psect	text2
    96  0000                     
    97  0000                     
    98  0000                     
    99  0000                     
   100  0000                     
   101  0000                     
   102  0000                     
   103  0000                     
   104  0000                     
   105  0000                     
   106  0000                     
   107  0000                     
   108  0000                     
   109  0000                     
   110  0000                     
   111  0000                     
   112  0000                     
   113  0000                     
   114  0000                     
   115  0000                     
   116  0000                     
   117  0000                     
   118  0000                     
   119  0000                     
   120  0000                     
   121  0000                     
   122  0000                     
   123  0000                     
   124  0000                     
   125  0000                     
   126  0000                     
   127  0000                     
   128  0000                     
   129  0000                     
   130  0000                     
   131  0000                     
   132  0000                     
   133  0000                     
   134  0000                     
   135  0000                     
   136  0000                     
   137  0000                     
   138  0000                     
   139  0000                     
   140  0000                     
   141  0000                     
   142  0000                     
   143  0000                     
   144  0000                     
   145  0000                     
   146  0000                     
   147  0000                     
   148  0000                     
   149  0000                     
   150  0000                     
   151  0000                     
   152  0000                     
   153  0000                     
   154  0000                     
   155  0000                     
   156  0000                     
   157  0000                     
   158  0000                     
   159  0000                     
   160  0000                     
   161  0000                     
   162  0000                     
   163  0000                     
   164  0000                     
   165  0000                     
   166  0000                     
   167  0000                     
   168  0000                     
   169  0000                     
   170  0000                     
   171  0000                     
   172  0000                     
   173  0000                     
   174  0000                     
   175  0000                     
   176  0000                     
   177  0000                     
   178  0000                     
   179  0000                     
   180  0000                     
   181  0000                     
   182  0000                     
   183  0000                     
   184  0000                     
   185  0000                     
   186  0000                     
   187  0000                     
   188  0000                     
   189  0000                     
   190  0000                     
   191  0000                     
   192  0000                     
   193  0000                     
   194  0000                     
   195  0000                     
   196  0000                     
   197  0000                     
   198  0000                     
   199  0000                     
   200  0000                     
   201  0000                     
   202  0000                     
   203  0000                     
   204  0000                     
   205  0000                     
   206  0000                     
   207  0000                     
   208  0000                     
   209  0000                     
   210  0000                     
   211  0000                     
   212  0000                     
   213  0000                     
   214  0000                     
   215  0000                     
   216  0000                     
   217  0000                     
   218  0000                     
   219  0000                     
   220  0000                     
   221  0000                     
   222  0000                     
   223  0000                     
   224  0000                     
   225  0000                     
   226  0000                     
   227  0000                     
   228  0000                     
   229  0000                     
   230  0000                     
   231  0000                     
   232  0000                     
   233  0000                     
   234  0000                     
   235  0000                     
   236  0000                     
   237  0000                     
   238  0000                     
   239  0000                     
   240  0000                     
   241  0000                     
   242  0000                     
   243  0000                     
   244  0000                     
   245  0000                     
   246  0000                     
   247  0000                     
   248  0000                     
   249  0000                     
   250  0000                     
   251  0000                     
   252  0000                     
   253  0000                     
   254  0000                     
   255  0000                     
   256  0000                     
   257  0000                     
   258  0000                     
   259  0000                     
   260  0000                     
   261  0000                     
   262  0000                     
   263  0000                     
   264  0000                     
   265  0000                     
   266  0000                     
   267  0000                     
   268  0000                     
   269  0000                     
   270  0000                     
   271  0000                     
   272  0000                     
   273  0000                     
   274  0000                     
   275  0000                     
   276  0000                     
   277  0000                     
   278  0000                     
   279  0000                     
   280  0000                     
   281  0000                     
   282  0000                     
   283  0000                     
   284  0000                     
   285  0000                     
   286  0000                     
   287  0000                     
   288  0000                     
   289  0000                     
   290  0000                     
   291  0000                     
   292  0000                     
   293  0000                     
   294  0000                     
   295  0000                     
   296  0000                     
   297  0000                     
   298  0000                     
   299  0000                     
   300  0000                     
   301  0000                     
   302  0000                     
   303  0000                     
   304  0000                     
   305  0000                     
   306  0000                     
   307  0000                     
   308  0000                     
   309  0000                     
   310  0000                     
   311  0000                     
   312  0000                     
   313  0000                     
   314  0000                     
   315  0000                     
   316  0000                     
   317  0000                     
   318  0000                     
   319  0000                     
   320  0000                     
   321  0000                     
   322  0000                     
   323  0000                     
   324  0000                     
   325  0000                     
   326  0000                     
   327  0000                     
   328  0000                     
   329  0000                     
   330  0000                     
   331  0000                     
   332  0000                     
   333  0000                     
   334  0000                     
   335  0000                     
   336  0000                     
   337  0000                     
   338  0000                     
   339  0000                     
   340  0000                     
   341  0000                     
   342  0000                     
   343  0000                     
   344  0000                     
   345  0000                     
   346  0000                     
   347  0000                     
   348  0000                     
   349  0000                     
   350  0000                     
   351  0000                     
   352  0000                     
   353  0000                     
   354  0000                     
   355  0000                     
   356  0000                     
   357  0000                     
   358  0000                     
   359  0000                     
   360  0000                     
   361  0000                     
   362  0000                     
   363  0000                     
   364  0000                     
   365  0000                     
   366  0000                     
   367  0000                     
   368  0000                     
   369  0000                     
   370  0000                     
   371  0000                     


HI-TECH Software PICC Macro Assembler V9.50PL2
Symbol Table                                          Sat Aug 04 14:18:59 2018

  ?a_main 0020         l2 07F7         l6 07DF      _main 07E4  
    start 0000     _delay 07D6     status 0003  
