HI-TECH Software C Compiler 

Linker command line:

--edf=C:\Program Files\HI-TECH Software\PICC\9.81\dat\en_msgs.txt -cs \
  -h+keypad_uart_lcd.sym -z -Q16F877A -ol.obj -Mkeypad_uart_lcd.map -E1 \
  -ACONST=00h-0FFhx32 -ACODE=00h-07FFhx4 -ASTRCODE=00h-01FFFh \
  -AENTRY=00h-0FFhx32 -ASTRING=00h-0FFhx32 -ABANK0=020h-06Fh \
  -ABANK1=0A0h-0EFh -ABANK2=0110h-016Fh -ABANK3=0190h-01EFh \
  -ARAM=020h-06Fh,0A0h-0EFh,0110h-016Fh,0190h-01EFh \
  -AABS1=020h-07Fh,0A0h-0EFh,0110h-016Fh,0190h-01EFh -ACOMMON=070h-07Fh \
  -ASFR0=00h-01Fh -ASFR1=080h-09Fh -ASFR2=0100h-010Fh -ASFR3=0180h-018Fh \
  -preset_vec=00h,intentry,init,end_init -ppowerup=CODE -pfunctab=CODE \
  -ACONFIG=02007h-02007h -pconfig=CONFIG -DCONFIG=2 -AIDLOC=02000h-02003h \
  -pidloc=IDLOC -DIDLOC=2 -AEEDATA=00h-0FFh/02100h -peeprom_data=EEDATA \
  -DEEDATA=2 -DCODE=2 -DSTRCODE=2 -DSTRING=2 -DCONST=2 -DENTRY=2 -k \
  startup.obj keypad_uart_lcd.obj 

Object code version is 3.10

Machine type is 16F877A



                Name                               Link     Load   Length Selector   Space Scale
startup.obj     end_init                              0        0        3        0       0
keypad_uart_lcd.obj
                config                             2007     2007        1     400E       0
                text115                             5D4      5D4       13      BA8       0
                text114                             594      594        C      B28       0
                text113                             5C2      5C2       12      B84       0
                text112                             5A0      5A0       11      B40       0
                text111                             5B1      5B1       11      B62       0
                maintext                            5E7      5E7      219      BCE       0
                cstackCOMMON                         70       70        1       70       1
                cinit                               590      590        4      B20       0

TOTAL           Name                               Link     Load   Length     Space
        CLASS   CONST          

        CLASS   CODE           
                end_init                              0        0        3         0
                text115                             5D4      5D4       13         0
                text114                             594      594        C         0
                text113                             5C2      5C2       12         0
                text112                             5A0      5A0       11         0
                text111                             5B1      5B1       11         0
                maintext                            5E7      5E7      219         0
                cinit                               590      590        4         0

        CLASS   STRCODE        

        CLASS   ENTRY          

        CLASS   STRING         

        CLASS   BANK0          

        CLASS   BANK1          

        CLASS   BANK2          

        CLASS   BANK3          

        CLASS   RAM            

        CLASS   ABS1           
                abs_s1                               7E       7E        2         1

        CLASS   COMMON         
                cstackCOMMON                         70       70        1         1

        CLASS   SFR0           

        CLASS   SFR1           

        CLASS   SFR2           

        CLASS   SFR3           

        CLASS   CONFIG         
                config                             2007     2007        1         0

        CLASS   IDLOC          

        CLASS   EEDATA         



SEGMENTS        Name                           Load    Length   Top    Selector   Space  Class     Delta

                reset_vec                      000000  000003  000003         0       0  CODE        2
                cstackCOMMON                   000070  000001  000071        70       1  COMMON      1
                cinit                          000590  000004  000594       B20       0  CODE        2
                text114                        000594  00000C  0005A0       B28       0  CODE        2
                text112                        0005A0  000011  0005B1       B40       0  CODE        2
                text111                        0005B1  000011  0005C2       B62       0  CODE        2
                text113                        0005C2  000012  0005D4       B84       0  CODE        2
                text115                        0005D4  000013  0005E7       BA8       0  CODE        2
                maintext                       0005E7  000219  000800       BCE       0  CODE        2
                config                         002007  000001  002008      400E       0  CONFIG      2


UNUSED ADDRESS RANGES

        Name                Unused          Largest block    Delta
        BANK0            0020-006F             50           1
        BANK1            00A0-00EF             50           1
        BANK2            0110-016F             60           1
        BANK3            0190-01EF             60           1
        CODE             0003-058F            58D           2
                         0800-1FFF            800
        COMMON           0071-007D              D           1
        CONST            0003-058F            100           2
                         0800-1FFF            100
        EEDATA           2100-21FF            100           2
        ENTRY            0003-058F            100           2
                         0800-1FFF            100
        IDLOC            2000-2003              4           2
        RAM              0020-006F             50           1
                         00A0-00EF             50
                         0110-016F             60
                         0190-01EF             60
        SFR0             0000-001F             20           1
        SFR1             0080-009F             20           1
        SFR2             0100-010F             10           1
        SFR3             0180-018F             10           1
        STRCODE          0003-058F            58D           2
                         0800-1FFF           1800
        STRING           0003-058F            100           2
                         0800-1FFF            100

                                  Symbol Table

??_delay              cstackCOMMON 0070
??_lcd_cmd            cstackCOMMON 0070
??_lcd_data           cstackCOMMON 0070
??_main               cstackCOMMON 0071
??_uart_init          cstackCOMMON 0070
??_uart_tx            cstackCOMMON 0070
?_delay               cstackCOMMON 0070
?_lcd_cmd             cstackCOMMON 0070
?_lcd_data            cstackCOMMON 0070
?_main                cstackCOMMON 0070
?_uart_init           cstackCOMMON 0070
?_uart_tx             cstackCOMMON 0070
_PORTB                (abs)        0006
_PORTD                (abs)        0008
_RC0                  (abs)        0038
_RC1                  (abs)        0039
_RC2                  (abs)        003A
_RCIF                 (abs)        0065
_RCREG                (abs)        001A
_RCSTA                (abs)        0018
_RD0                  (abs)        0040
_RD1                  (abs)        0041
_RD2                  (abs)        0042
_RD3                  (abs)        0043
_RD4                  (abs)        0044
_RD5                  (abs)        0045
_RD6                  (abs)        0046
_RD7                  (abs)        0047
_SPBRG                (abs)        0099
_SPEN                 (abs)        00C7
_T1CKPS0              (abs)        0084
_T1CKPS1              (abs)        0085
_TMR1CS               (abs)        0081
_TMR1H                (abs)        000F
_TMR1IF               (abs)        0060
_TMR1L                (abs)        000E
_TMR1ON               (abs)        0080
_TRISB                (abs)        0086
_TRISC0               (abs)        0438
_TRISC1               (abs)        0439
_TRISC2               (abs)        043A
_TRISC6               (abs)        043E
_TRISC7               (abs)        043F
_TRISD                (abs)        0088
_TXEN                 (abs)        04C5
_TXIF                 (abs)        0064
_TXREG                (abs)        0019
_TXSTA                (abs)        0098
__Habs1               abs1         0000
__Hbank0              bank0        0000
__Hbank1              bank1        0000
__Hbank2              bank2        0000
__Hbank3              bank3        0000
__Hcinit              cinit        0000
__Hclrtext            clrtext      0000
__Hcode               code         0000
__Hcommon             common       0000
__Hconfig             config       2008
__HcstackCOMMON       cstackCOMMON 0000
__Heeprom_data        eeprom_data  0000
__Hend_init           end_init     0003
__Hfunctab            functab      0000
__Hidloc              idloc        0000
__Hinit               init         0000
__Hintentry           intentry     0000
__Hmaintext           maintext     0000
__Hpowerup            powerup      0000
__Hram                ram          0000
__Hreset_vec          reset_vec    0000
__Hsfr0               sfr0         0000
__Hsfr1               sfr1         0000
__Hsfr2               sfr2         0000
__Hsfr3               sfr3         0000
__Hstrings            strings      0000
__Htext               text         0000
__Labs1               abs1         0000
__Lbank0              bank0        0000
__Lbank1              bank1        0000
__Lbank2              bank2        0000
__Lbank3              bank3        0000
__Lcinit              cinit        0000
__Lclrtext            clrtext      0000
__Lcode               code         0000
__Lcommon             common       0000
__Lconfig             config       2007
__LcstackCOMMON       cstackCOMMON 0000
__Leeprom_data        eeprom_data  0000
__Lend_init           end_init     0000
__Lfunctab            functab      0000
__Lidloc              idloc        0000
__Linit               init         0000
__Lintentry           intentry     0000
__Lmaintext           maintext     0000
__Lpowerup            powerup      0000
__Lram                ram          0000
__Lreset_vec          reset_vec    0000
__Lsfr0               sfr0         0000
__Lsfr1               sfr1         0000
__Lsfr2               sfr2         0000
__Lsfr3               sfr3         0000
__Lstrings            strings      0000
__Ltext               text         0000
__S0                  (abs)        2008
__S1                  (abs)        0071
__S2                  (abs)        0000
__end_of_delay        text113      05D4
__end_of_lcd_cmd      text112      05B1
__end_of_lcd_data     text111      05C2
__end_of_main         maintext     0800
__end_of_uart_init    text115      05E7
__end_of_uart_tx      text114      05A0
__pcstackCOMMON       cstackCOMMON 0070
__pmaintext           maintext     05E7
__ptext110            text110      0000
__ptext111            text111      05B1
__ptext112            text112      05A0
__ptext113            text113      05C2
__ptext114            text114      0594
__ptext115            text115      05D4
__ptext116            text116      0000
__size_of_delay       (abs)        0000
__size_of_lcd_cmd     (abs)        0000
__size_of_lcd_data    (abs)        0000
__size_of_main        (abs)        0000
__size_of_uart_init   (abs)        0000
__size_of_uart_tx     (abs)        0000
_delay                text113      05C2
_exit                 init         0000
_lcd_cmd              text112      05A0
_lcd_data             text111      05B1
_main                 maintext     05E7
_uart_init            text115      05D4
_uart_tx              text114      0594
btemp                 (abs)        007E
end_of_initialization cinit        0590
intlevel0             functab      0000
intlevel1             functab      0000
intlevel2             functab      0000
intlevel3             functab      0000
intlevel4             functab      0000
intlevel5             functab      0000
lcd_cmd@cmd           cstackCOMMON 0070
lcd_data@data         cstackCOMMON 0070
reset_vec             reset_vec    0000
start                 init         0000
start_initialization  cinit        0590
uart_tx@val           cstackCOMMON 0070
wtemp0                (abs)        007E
