HI-TECH Software C Compiler 

Linker command line:

--edf=C:\Program Files (x86)\HI-TECH Software\PICC\9.81\dat\en_msgs.txt -cs \
  -h+RTC.sym -z -Q16F877A -ol.obj -MRTC.map -E1 -ACONST=00h-0FFhx32 \
  -ACODE=00h-07FFhx4 -ASTRCODE=00h-01FFFh -AENTRY=00h-0FFhx32 \
  -ASTRING=00h-0FFhx32 -ABANK0=020h-06Fh -ABANK1=0A0h-0EFh \
  -ABANK2=0110h-016Fh -ABANK3=0190h-01EFh \
  -ARAM=020h-06Fh,0A0h-0EFh,0110h-016Fh,0190h-01EFh \
  -AABS1=020h-07Fh,0A0h-0EFh,0110h-016Fh,0190h-01EFh -ACOMMON=070h-07Fh \
  -ASFR0=00h-01Fh -ASFR1=080h-09Fh -ASFR2=0100h-010Fh -ASFR3=0180h-018Fh \
  -preset_vec=00h,intentry=04h,init,end_init -ppowerup=CODE -pfunctab=CODE \
  -ACONFIG=02007h-02007h -pconfig=CONFIG -DCONFIG=2 -AIDLOC=02000h-02003h \
  -pidloc=IDLOC -DIDLOC=2 -AEEDATA=00h-0FFh/02100h -peeprom_data=EEDATA \
  -DEEDATA=2 -DCODE=2 -DSTRCODE=2 -DSTRING=2 -DCONST=2 -DENTRY=2 -k \
  startup.obj RTC.obj 

Object code version is 3.10

Machine type is 16F877A



                Name                               Link     Load   Length Selector   Space Scale
startup.obj     end_init                             12       12        3        8       0
                reset_vec                             0        0        3        0       0
RTC.obj         intentry                              4        4        E        8       0
                config                             2007     2007        1     400E       0
                text397                             331      331       19       A4       0
                text396                             37D      37D        D       A4       0
                text395                             396      396        B       A4       0
                text394                             34A      34A       12       A4       0
                text393                             36D      36D       10       A4       0
                text392                             38A      38A        C       A4       0
                text391                             242      242       50       A4       0
                text390                             3B4      3B4        9       A4       0
                text389                             3A1      3A1        A       A4       0
                text388                             3AB      3AB        9       A4       0
                text387                             2C4      2C4       30       A4       0
                text386                              52       52       D2       A4       0
                text385                             317      317       1A       A4       0
                text384                             124      124       B3       A4       0
                maintext                            1D7      1D7       6B       A4       0
                cstackBANK0                          20       20       1F       20       1
                cstackCOMMON                         70       70        A       70       1
                inittext                            35C      35C       11       A4       0
                clrtext                             3BD      3BD        8       A4       0
                dataBANK3                           190      190       32      190       1
                bssBANK1                             A0       A0       32       A0       1
                bssBANK0                             3F       3F       16       20       1
                cinit                               2F4      2F4       23       A4       0
                strings                              15       15       3D       2A       0
                idataBANK3                          292      292       32       A4       0

TOTAL           Name                               Link     Load   Length     Space
        CLASS   CONST          

        CLASS   CODE           
                end_init                             12       12        3         0
                intentry                              4        4        E         0
                reset_vec                             0        0        3         0
                text397                             331      331       19         0
                text396                             37D      37D        D         0
                text395                             396      396        B         0
                text394                             34A      34A       12         0
                text393                             36D      36D       10         0
                text392                             38A      38A        C         0
                text391                             242      242       50         0
                text390                             3B4      3B4        9         0
                text389                             3A1      3A1        A         0
                text388                             3AB      3AB        9         0
                text387                             2C4      2C4       30         0
                text386                              52       52       D2         0
                text385                             317      317       1A         0
                text384                             124      124       B3         0
                maintext                            1D7      1D7       6B         0
                inittext                            35C      35C       11         0
                clrtext                             3BD      3BD        8         0
                cinit                               2F4      2F4       23         0
                idataBANK3                          292      292       32         0

        CLASS   STRCODE        

        CLASS   ENTRY          

        CLASS   STRING         
                strings                              15       15       3D         0

        CLASS   BANK0          
                cstackBANK0                          20       20       1F         1
                bssBANK0                             3F       3F       16         1

        CLASS   BANK1          
                bssBANK1                             A0       A0       32         1

        CLASS   BANK2          

        CLASS   BANK3          
                dataBANK3                           190      190       32         1

        CLASS   RAM            

        CLASS   ABS1           
                abs_s1                               7E       7E        2         1

        CLASS   COMMON         
                cstackCOMMON                         70       70        A         1

        CLASS   SFR0           

        CLASS   SFR1           

        CLASS   SFR2           

        CLASS   SFR3           

        CLASS   CONFIG         
                config                             2007     2007        1         0

        CLASS   IDLOC          

        CLASS   EEDATA         



SEGMENTS        Name                           Load    Length   Top    Selector   Space  Class     Delta

                reset_vec                      000000  000003  000003         0       0  CODE        2
                intentry                       000004  000011  000015         8       0  CODE        2
                cstackBANK0                    000020  000035  000055        20       1  BANK0       1
                strings                        000015  00003D  000052        2A       0  STRING      2
                cstackCOMMON                   000070  00000A  00007A        70       1  COMMON      1
                bssBANK1                       0000A0  000032  0000D2        A0       1  BANK1       1
                text386                        000052  000373  0003C5        A4       0  CODE        2
                dataBANK3                      000190  000032  0001C2       190       1  BANK3       1
                config                         002007  000001  002008      400E       0  CONFIG      2


UNUSED ADDRESS RANGES

        Name                Unused          Largest block    Delta
        BANK0            0055-006F             1B           1
        BANK1            00D2-00EF             1E           1
        BANK2            0110-016F             60           1
        BANK3            01C2-01EF             2E           1
        CODE             0003-0003              1           2
                         03C5-1FFF            800
        COMMON           007A-007D              4           1
        CONST            0003-0003              1           2
                         03C5-1FFF            100
        EEDATA           2100-21FF            100           2
        ENTRY            0003-0003              1           2
                         03C5-1FFF            100
        IDLOC            2000-2003              4           2
        RAM              0055-006F             1B           1
                         00D2-00EF             1E
                         0110-016F             60
                         01C2-01EF             2E
        SFR0             0000-001F             20           1
        SFR1             0080-009F             20           1
        SFR2             0100-010F             10           1
        SFR3             0180-018F             10           1
        STRCODE          0003-0003              1           2
                         03C5-1FFF           1C3B
        STRING           0003-0003              1           2
                         03C5-1FFF            100

                                  Symbol Table

??_ISR                cstackCOMMON 0070
??___lwdiv            cstackCOMMON 0078
??_delay              cstackCOMMON 0074
??_i2c                cstackBANK0  003E
??_i2c_init           cstackCOMMON 0074
??_i2c_read           cstackCOMMON 0076
??_i2c_start          cstackCOMMON 0074
??_i2c_stop           cstackCOMMON 0074
??_i2c_wait           cstackCOMMON 0074
??_i2c_write          cstackCOMMON 0076
??_main               cstackCOMMON 007A
??_print_uart         cstackCOMMON 0075
??_sprintf            cstackBANK0  0032
??_uart_init          cstackCOMMON 0074
??_uart_tx            cstackCOMMON 0074
?_ISR                 cstackCOMMON 0070
?___lwdiv             cstackCOMMON 0074
?_delay               cstackCOMMON 0070
?_i2c                 cstackCOMMON 0070
?_i2c_init            cstackCOMMON 0070
?_i2c_read            cstackCOMMON 0074
?_i2c_start           cstackCOMMON 0070
?_i2c_stop            cstackCOMMON 0070
?_i2c_wait            cstackCOMMON 0070
?_i2c_write           cstackCOMMON 0074
?_main                cstackCOMMON 0070
?_print_uart          cstackCOMMON 0070
?_sprintf             cstackBANK0  0023
?_uart_init           cstackCOMMON 0070
?_uart_tx             cstackCOMMON 0070
_ACKDT                (abs)        048D
_ACKEN                (abs)        048C
_GIE                  (abs)        005F
_INTE                 (abs)        005C
_INTF                 (abs)        0059
_ISR                  text397      0331
_OPTION_REG           (abs)        0081
_PEIE                 (abs)        005E
_PEN                  (abs)        048A
_RC0                  (abs)        0038
_RCEN                 (abs)        048B
_RCIF                 (abs)        0065
_SEN                  (abs)        0488
_SPBRG                (abs)        0099
_SPEN                 (abs)        00C7
_SSPADD               (abs)        0093
_SSPBUF               (abs)        0013
_SSPCON               (abs)        0014
_SSPCON2              (abs)        0091
_SSPSTAT              (abs)        0094
_T1CKPS0              (abs)        0084
_T1CKPS1              (abs)        0085
_TMR1CS               (abs)        0081
_TMR1H                (abs)        000F
_TMR1IF               (abs)        0060
_TMR1L                (abs)        000E
_TMR1ON               (abs)        0080
_TRISB0               (abs)        0430
_TRISC0               (abs)        0438
_TRISC6               (abs)        043E
_TRISC7               (abs)        043F
_TXEN                 (abs)        04C5
_TXIF                 (abs)        0064
_TXREG                (abs)        0019
__Habs1               abs1         0000
__Hbank0              bank0        0000
__Hbank1              bank1        0000
__Hbank2              bank2        0000
__Hbank3              bank3        0000
__HbssBANK0           bssBANK0     0000
__HbssBANK1           bssBANK1     0000
__Hcinit              cinit        0000
__Hclrtext            clrtext      0000
__Hcode               code         0000
__Hcommon             common       0000
__Hconfig             config       2008
__HcstackBANK0        cstackBANK0  0000
__HcstackCOMMON       cstackCOMMON 0000
__HdataBANK3          dataBANK3    0000
__Heeprom_data        eeprom_data  0000
__Hend_init           end_init     0015
__Hfunctab            functab      0000
__HidataBANK3         idataBANK3   0000
__Hidloc              idloc        0000
__Hinit               init         0012
__Hinittext           inittext     0000
__Hintentry           intentry     0012
__Hmaintext           maintext     0000
__Hpowerup            powerup      0000
__Hram                ram          0000
__Hreset_vec          reset_vec    0003
__Hsfr0               sfr0         0000
__Hsfr1               sfr1         0000
__Hsfr2               sfr2         0000
__Hsfr3               sfr3         0000
__Hstrings            strings      0000
__Htext               text         0000
__Labs1               abs1         0000
__Lbank0              bank0        0000
__Lbank1              bank1        0000
__Lbank2              bank2        0000
__Lbank3              bank3        0000
__LbssBANK0           bssBANK0     0000
__LbssBANK1           bssBANK1     0000
__Lcinit              cinit        0000
__Lclrtext            clrtext      0000
__Lcode               code         0000
__Lcommon             common       0000
__Lconfig             config       2007
__LcstackBANK0        cstackBANK0  0000
__LcstackCOMMON       cstackCOMMON 0000
__LdataBANK3          dataBANK3    0000
__Leeprom_data        eeprom_data  0000
__Lend_init           end_init     0012
__Lfunctab            functab      0000
__LidataBANK3         idataBANK3   0000
__Lidloc              idloc        0000
__Linit               init         0012
__Linittext           inittext     0000
__Lintentry           intentry     0004
__Lmaintext           maintext     0000
__Lpowerup            powerup      0000
__Lram                ram          0000
__Lreset_vec          reset_vec    0000
__Lsfr0               sfr0         0000
__Lsfr1               sfr1         0000
__Lsfr2               sfr2         0000
__Lsfr3               sfr3         0000
__Lstrings            strings      0000
__Ltext               text         0000
__S0                  (abs)        2008
__S1                  (abs)        01C2
__S2                  (abs)        0000
___lwdiv              text391      0242
___lwdiv@counter      cstackBANK0  0022
___lwdiv@dividend     cstackCOMMON 0076
___lwdiv@divisor      cstackCOMMON 0074
___lwdiv@quotient     cstackBANK0  0020
__end_of_ISR          text397      034A
__end_of___lwdiv      text391      0292
__end_of_delay        text394      035C
__end_of_i2c          text384      01D7
__end_of_i2c_init     text395      03A1
__end_of_i2c_read     text387      02F4
__end_of_i2c_start    text390      03BD
__end_of_i2c_stop     text388      03B4
__end_of_i2c_wait     text393      037D
__end_of_i2c_write    text389      03AB
__end_of_main         maintext     0242
__end_of_print_uart   text385      0331
__end_of_sprintf      text386      0124
__end_of_uart_init    text396      038A
__end_of_uart_tx      text392      0396
__pbssBANK0           bssBANK0     003F
__pbssBANK1           bssBANK1     00A0
__pcstackBANK0        cstackBANK0  0020
__pcstackCOMMON       cstackCOMMON 0070
__pdataBANK3          dataBANK3    0190
__pidataBANK3         idataBANK3   0292
__pintentry           intentry     0004
__pmaintext           maintext     01D7
__pstrings            strings      0015
__ptext384            text384      0124
__ptext385            text385      0317
__ptext386            text386      0052
__ptext387            text387      02C4
__ptext388            text388      03AB
__ptext389            text389      03A1
__ptext390            text390      03B4
__ptext391            text391      0242
__ptext392            text392      038A
__ptext393            text393      036D
__ptext394            text394      034A
__ptext395            text395      0396
__ptext396            text396      037D
__ptext397            text397      0331
__ptext398            text398      0000
__size_of_ISR         (abs)        0000
__size_of___lwdiv     (abs)        0000
__size_of_delay       (abs)        0000
__size_of_i2c         (abs)        0000
__size_of_i2c_init    (abs)        0000
__size_of_i2c_read    (abs)        0000
__size_of_i2c_start   (abs)        0000
__size_of_i2c_stop    (abs)        0000
__size_of_i2c_wait    (abs)        0000
__size_of_i2c_write   (abs)        0000
__size_of_main        (abs)        0000
__size_of_print_uart  (abs)        0000
__size_of_sprintf     (abs)        0000
__size_of_uart_init   (abs)        0000
__size_of_uart_tx     (abs)        0000
_a                    bssBANK0     003F
_buffer               bssBANK1     00A0
_chk                  bssBANK0     004F
_delay                text394      034A
_exit                 init         0012
_hexpowers            strings      001B
_i                    bssBANK0     0051
_i2c                  text384      0124
_i2c_init             text395      0396
_i2c_read             text387      02C4
_i2c_start            text390      03B4
_i2c_stop             text388      03AB
_i2c_wait             text393      036D
_i2c_write            text389      03A1
_main                 maintext     01D7
_print_uart           text385      0317
_sprintf              text386      0052
_string               dataBANK3    0190
_strt                 bssBANK0     0053
_uart_init            text396      037D
_uart_tx              text392      038A
btemp                 (abs)        007E
clear_ram             clrtext      03BD
end_of_initialization cinit        0313
i2c_read@ack          cstackCOMMON 0074
i2c_read@recv         cstackCOMMON 0078
i2c_write@data        cstackCOMMON 0074
init_fetch            inittext     035C
init_ram              inittext     0360
interrupt_function    intentry     0004
intlevel0             functab      0000
intlevel1             functab      0000
intlevel2             functab      0000
intlevel3             functab      0000
intlevel4             functab      0000
intlevel5             functab      0000
print_uart@str        cstackCOMMON 0076
reset_vec             reset_vec    0000
saved_w               (abs)        007E
sprintf@_val          cstackBANK0  0037
sprintf@ap            cstackBANK0  0036
sprintf@c             cstackBANK0  003D
sprintf@f             cstackBANK0  0023
sprintf@flag          cstackBANK0  0035
sprintf@prec          cstackBANK0  003B
sprintf@sp            cstackBANK0  003C
start                 init         0012
start_initialization  cinit        02F4
uart_tx@val           cstackCOMMON 0074
wtemp0                (abs)        007E
