HI-TECH Software C Compiler 

Linker command line:

--edf=C:\Program Files (x86)\HI-TECH Software\PICC\9.81\dat\en_msgs.txt -cs \
  -h+soil sensor.sym -z -Q16F877A -ol.obj -Msoil sensor.map -E1 \
  -ACONST=00h-0FFhx32 -ACODE=00h-07FFhx4 -ASTRCODE=00h-01FFFh \
  -AENTRY=00h-0FFhx32 -ASTRING=00h-0FFhx32 -ABANK0=020h-06Fh \
  -ABANK1=0A0h-0EFh -ABANK2=0110h-016Fh -ABANK3=0190h-01EFh \
  -ARAM=020h-06Fh,0A0h-0EFh,0110h-016Fh,0190h-01EFh \
  -AABS1=020h-07Fh,0A0h-0EFh,0110h-016Fh,0190h-01EFh -ACOMMON=070h-07Fh \
  -ASFR0=00h-01Fh -ASFR1=080h-09Fh -ASFR2=0100h-010Fh -ASFR3=0180h-018Fh \
  -preset_vec=00h,intentry,init,end_init -ppowerup=CODE -pfunctab=CODE \
  -ACONFIG=02007h-02007h -pconfig=CONFIG -DCONFIG=2 -AIDLOC=02000h-02003h \
  -pidloc=IDLOC -DIDLOC=2 -AEEDATA=00h-0FFh/02100h -peeprom_data=EEDATA \
  -DEEDATA=2 -DCODE=2 -DSTRCODE=2 -DSTRING=2 -DCONST=2 -DENTRY=2 -k \
  startup.obj soil sensor.obj 

Object code version is 3.10

Machine type is 16F877A



                Name                               Link     Load   Length Selector   Space Scale
startup.obj     end_init                              0        0        3        0       0
soil sensor.obj config                             2007     2007        1     400E       0
                text121                             64B      64B        9      C96       0
                text120                             676      676       12      CEC       0
                text119                             688      688       2A      D10       0
                text118                             654      654       11      CA8       0
                text117                             6B2      6B2       38      D64       0
                text116                             665      665       11      CCA       0
                maintext                            6EA      6EA      116      DD4       0
                cstackCOMMON                         70       70        D       70       1
                cinit                               647      647        4      C8E       0

TOTAL           Name                               Link     Load   Length     Space
        CLASS   CONST          

        CLASS   CODE           
                end_init                              0        0        3         0
                text121                             64B      64B        9         0
                text120                             676      676       12         0
                text119                             688      688       2A         0
                text118                             654      654       11         0
                text117                             6B2      6B2       38         0
                text116                             665      665       11         0
                maintext                            6EA      6EA      116         0
                cinit                               647      647        4         0

        CLASS   STRCODE        

        CLASS   ENTRY          

        CLASS   STRING         

        CLASS   BANK0          

        CLASS   BANK1          

        CLASS   BANK2          

        CLASS   BANK3          

        CLASS   RAM            

        CLASS   ABS1           
                abs_s1                               7E       7E        2         1

        CLASS   COMMON         
                cstackCOMMON                         70       70        D         1

        CLASS   SFR0           

        CLASS   SFR1           

        CLASS   SFR2           

        CLASS   SFR3           

        CLASS   CONFIG         
                config                             2007     2007        1         0

        CLASS   IDLOC          

        CLASS   EEDATA         



SEGMENTS        Name                           Load    Length   Top    Selector   Space  Class     Delta

                reset_vec                      000000  000003  000003         0       0  CODE        2
                cstackCOMMON                   000070  00000D  00007D        70       1  COMMON      1
                cinit                          000647  000004  00064B       C8E       0  CODE        2
                text121                        00064B  000009  000654       C96       0  CODE        2
                text118                        000654  000011  000665       CA8       0  CODE        2
                text116                        000665  000011  000676       CCA       0  CODE        2
                text120                        000676  000012  000688       CEC       0  CODE        2
                text119                        000688  00002A  0006B2       D10       0  CODE        2
                text117                        0006B2  000038  0006EA       D64       0  CODE        2
                maintext                       0006EA  000116  000800       DD4       0  CODE        2
                config                         002007  000001  002008      400E       0  CONFIG      2


UNUSED ADDRESS RANGES

        Name                Unused          Largest block    Delta
        BANK0            0020-006F             50           1
        BANK1            00A0-00EF             50           1
        BANK2            0110-016F             60           1
        BANK3            0190-01EF             60           1
        CODE             0003-0646            644           2
                         0800-1FFF            800
        COMMON           007D-007D              1           1
        CONST            0003-0646            100           2
                         0800-1FFF            100
        EEDATA           2100-21FF            100           2
        ENTRY            0003-0646            100           2
                         0800-1FFF            100
        IDLOC            2000-2003              4           2
        RAM              0020-006F             50           1
                         00A0-00EF             50
                         0110-016F             60
                         0190-01EF             60
        SFR0             0000-001F             20           1
        SFR1             0080-009F             20           1
        SFR2             0100-010F             10           1
        SFR3             0180-018F             10           1
        STRCODE          0003-0646            644           2
                         0800-1FFF           1800
        STRING           0003-0646            100           2
                         0800-1FFF            100

                                  Symbol Table

??_ADC_Init           cstackCOMMON 0070
??_ADC_Read           cstackCOMMON 0072
??___wmul             cstackCOMMON 0074
??_delay              cstackCOMMON 0070
??_lcd_cmd            cstackCOMMON 0070
??_lcd_data           cstackCOMMON 0070
??_main               cstackCOMMON 0076
?_ADC_Init            cstackCOMMON 0070
?_ADC_Read            cstackCOMMON 0070
?___wmul              cstackCOMMON 0070
?_delay               cstackCOMMON 0070
?_lcd_cmd             cstackCOMMON 0070
?_lcd_data            cstackCOMMON 0070
?_main                cstackCOMMON 0070
ADC_Read@ADC_channel  cstackCOMMON 0074
_ADCON0               (abs)        001F
_ADCON1               (abs)        009F
_ADC_Init             text121      064B
_ADC_Read             text117      06B2
_ADRESH               (abs)        001E
_ADRESL               (abs)        009E
_GO_nDONE             (abs)        00FA
_PORTD                (abs)        0008
_RC0                  (abs)        0038
_RC1                  (abs)        0039
_RC2                  (abs)        003A
_T1CKPS0              (abs)        0084
_T1CKPS1              (abs)        0085
_TMR1CS               (abs)        0081
_TMR1H                (abs)        000F
_TMR1IF               (abs)        0060
_TMR1L                (abs)        000E
_TMR1ON               (abs)        0080
_TRISB0               (abs)        0430
_TRISC                (abs)        0087
_TRISD                (abs)        0088
__Habs1               abs1         0000
__Hbank0              bank0        0000
__Hbank1              bank1        0000
__Hbank2              bank2        0000
__Hbank3              bank3        0000
__Hcinit              cinit        0000
__Hclrtext            clrtext      0000
__Hcode               code         0000
__Hcommon             common       0000
__Hconfig             config       2008
__HcstackCOMMON       cstackCOMMON 0000
__Heeprom_data        eeprom_data  0000
__Hend_init           end_init     0003
__Hfunctab            functab      0000
__Hidloc              idloc        0000
__Hinit               init         0000
__Hintentry           intentry     0000
__Hmaintext           maintext     0000
__Hpowerup            powerup      0000
__Hram                ram          0000
__Hreset_vec          reset_vec    0000
__Hsfr0               sfr0         0000
__Hsfr1               sfr1         0000
__Hsfr2               sfr2         0000
__Hsfr3               sfr3         0000
__Hstrings            strings      0000
__Htext               text         0000
__Labs1               abs1         0000
__Lbank0              bank0        0000
__Lbank1              bank1        0000
__Lbank2              bank2        0000
__Lbank3              bank3        0000
__Lcinit              cinit        0000
__Lclrtext            clrtext      0000
__Lcode               code         0000
__Lcommon             common       0000
__Lconfig             config       2007
__LcstackCOMMON       cstackCOMMON 0000
__Leeprom_data        eeprom_data  0000
__Lend_init           end_init     0000
__Lfunctab            functab      0000
__Lidloc              idloc        0000
__Linit               init         0000
__Lintentry           intentry     0000
__Lmaintext           maintext     0000
__Lpowerup            powerup      0000
__Lram                ram          0000
__Lreset_vec          reset_vec    0000
__Lsfr0               sfr0         0000
__Lsfr1               sfr1         0000
__Lsfr2               sfr2         0000
__Lsfr3               sfr3         0000
__Lstrings            strings      0000
__Ltext               text         0000
__S0                  (abs)        2008
__S1                  (abs)        007D
__S2                  (abs)        0000
___wmul               text119      0688
___wmul@multiplicand  cstackCOMMON 0072
___wmul@multiplier    cstackCOMMON 0070
___wmul@product       cstackCOMMON 0074
__end_of_ADC_Init     text121      0654
__end_of_ADC_Read     text117      06EA
__end_of___wmul       text119      06B2
__end_of_delay        text120      0688
__end_of_lcd_cmd      text118      0665
__end_of_lcd_data     text116      0676
__end_of_main         maintext     0800
__pcstackCOMMON       cstackCOMMON 0070
__pmaintext           maintext     06EA
__ptext115            text115      0000
__ptext116            text116      0665
__ptext117            text117      06B2
__ptext118            text118      0654
__ptext119            text119      0688
__ptext120            text120      0676
__ptext121            text121      064B
__ptext122            text122      0000
__size_of_ADC_Init    (abs)        0000
__size_of_ADC_Read    (abs)        0000
__size_of___wmul      (abs)        0000
__size_of_delay       (abs)        0000
__size_of_lcd_cmd     (abs)        0000
__size_of_lcd_data    (abs)        0000
__size_of_main        (abs)        0000
_delay                text120      0676
_exit                 init         0000
_lcd_cmd              text118      0654
_lcd_data             text116      0665
_main                 maintext     06EA
btemp                 (abs)        007E
end_of_initialization cinit        0647
intlevel0             functab      0000
intlevel1             functab      0000
intlevel2             functab      0000
intlevel3             functab      0000
intlevel4             functab      0000
intlevel5             functab      0000
lcd_cmd@cmd           cstackCOMMON 0070
lcd_data@data         cstackCOMMON 0070
main@data             cstackCOMMON 007B
main@i                cstackCOMMON 0079
reset_vec             reset_vec    0000
start                 init         0000
start_initialization  cinit        0647
wtemp0                (abs)        007E
